<html>
<body>
<pre>
<h1>µVision Build Log</h1>
<h2>Tool Versions:</h2>
IDE-Version: ¦ÌVision V5.38.0.0
Copyright (C) 2022 ARM Ltd and ARM Germany GmbH. All rights reserved.
License Information: 1 LYY, 1, LIC=YA39H-W55WK-BSKYX-HV3GZ-M83HE-KXFHM
 
Tool Versions:
Toolchain:       MDK-ARM Plus  Version: 5.38.0.0
Toolchain Path:  D:\ruangjian\keil5\ARM\ARMCC\Bin
C Compiler:      Armcc.exe V5.06 update 7 (build 960)
Assembler:       Armasm.exe V5.06 update 7 (build 960)
Linker/Locator:  ArmLink.exe V5.06 update 7 (build 960)
Library Manager: ArmAr.exe V5.06 update 7 (build 960)
Hex Converter:   FromElf.exe V5.06 update 7 (build 960)
CPU DLL:         SARMCM3.DLL V5.38.0.0
Dialog DLL:      DCM.DLL V1.17.5.0
Target DLL:      STLink\ST-LINKIII-KEIL_SWO.dll V3.1.0.0
Dialog DLL:      TCM.DLL V1.56.4.0
 
<h2>Project:</h2>
d:\my_file\my_github\MY_Monitoring\MDK-ARM\MY_Monitoring.uvprojx
Project File Date:  11/25/2024

<h2>Output:</h2>
*** Using Compiler 'V5.06 update 7 (build 960)', folder: 'D:\ruangjian\keil5\ARM\ARMCC\Bin'
Build target 'MY_Monitoring'
compiling Main_Task.c...
Main_Task.c(15): warning:  #550-D: variable "T"  was set but never used
  static uint8_t T = 0, H = 0;
Main_Task.c(15): warning:  #550-D: variable "H"  was set but never used
  static uint8_t T = 0, H = 0;
Main_Task.c(17): warning:  #550-D: variable "air"  was set but never used
  static float air, light;
Main_Task.c(17): warning:  #550-D: variable "light"  was set but never used
  static float air, light;
Main_Task.c: 4 warnings, 0 errors
compiling MY_Voice.c...
..\BSP\Voice\MY_Voice.c(61): warning:  #940-D: missing return statement at end of non-void function "Music_Get" 
  }
..\BSP\Voice\MY_Voice.c(72): warning:  #186-D: pointless comparison of unsigned integer with zero
          if (vol < 0x00)
..\BSP\Voice\MY_Voice.c(87): warning:  #940-D: missing return statement at end of non-void function "Volume_Get" 
  }
..\BSP\Voice\MY_Voice.c: 3 warnings, 0 errors
linking...
Program Size: Code=20360 RO-data=376 RW-data=268 ZI-data=13644  
FromELF: creating hex file...
"MY_Monitoring\MY_Monitoring.axf" - 0 Error(s), 7 Warning(s).

<h2>Software Packages used:</h2>

Package Vendor: ARM
                http://www.keil.com/pack/ARM.CMSIS.5.9.0.pack
                ARM.CMSIS.5.9.0
                CMSIS (Common Microcontroller Software Interface Standard)
   * Component: CORE Version: 5.6.0

Package Vendor: Keil
                https://www.keil.com/pack/Keil.STM32F1xx_DFP.2.4.1.pack
                Keil.STM32F1xx_DFP.2.4.1
                STMicroelectronics STM32F1 Series Device Support, Drivers and Examples

<h2>Collection of Component include folders:</h2>
  ./RTE/_MY_Monitoring
  D:/my_file/wulianwanggc/keil_Project/ARM/CMSIS/5.9.0/CMSIS/Core/Include
  D:/my_file/wulianwanggc/keil_Project/Keil/STM32F1xx_DFP/2.4.1/Device/Include

<h2>Collection of Component Files used:</h2>

   * Component: ARM::CMSIS:CORE:5.6.0
      Include file:  CMSIS/Core/Include/tz_context.h
Build Time Elapsed:  00:00:04
</pre>
</body>
</html>
