Component: ARM Compiler 5.06 update 7 (build 960) Tool: armlink [4d3601]

==============================================================================

Section Cross References

    startup_stm32f103xb.o(STACK) refers (Special) to heapauxi.o(.text) for __use_two_region_memory
    startup_stm32f103xb.o(HEAP) refers (Special) to heapauxi.o(.text) for __use_two_region_memory
    startup_stm32f103xb.o(RESET) refers (Special) to heapauxi.o(.text) for __use_two_region_memory
    startup_stm32f103xb.o(RESET) refers to startup_stm32f103xb.o(STACK) for __initial_sp
    startup_stm32f103xb.o(RESET) refers to startup_stm32f103xb.o(.text) for Reset_Handler
    startup_stm32f103xb.o(RESET) refers to stm32f1xx_it.o(i.NMI_Handler) for NMI_Handler
    startup_stm32f103xb.o(RESET) refers to stm32f1xx_it.o(i.HardFault_Handler) for HardFault_Handler
    startup_stm32f103xb.o(RESET) refers to stm32f1xx_it.o(i.MemManage_Handler) for MemManage_Handler
    startup_stm32f103xb.o(RESET) refers to stm32f1xx_it.o(i.BusFault_Handler) for BusFault_Handler
    startup_stm32f103xb.o(RESET) refers to stm32f1xx_it.o(i.UsageFault_Handler) for UsageFault_Handler
    startup_stm32f103xb.o(RESET) refers to port.o(.emb_text) for SVC_Handler
    startup_stm32f103xb.o(RESET) refers to stm32f1xx_it.o(i.DebugMon_Handler) for DebugMon_Handler
    startup_stm32f103xb.o(RESET) refers to port.o(i.SysTick_Handler) for SysTick_Handler
    startup_stm32f103xb.o(RESET) refers to stm32f1xx_it.o(i.USB_LP_CAN1_RX0_IRQHandler) for USB_LP_CAN1_RX0_IRQHandler
    startup_stm32f103xb.o(RESET) refers to stm32f1xx_it.o(i.TIM4_IRQHandler) for TIM4_IRQHandler
    startup_stm32f103xb.o(RESET) refers to stm32f1xx_it.o(i.USART1_IRQHandler) for USART1_IRQHandler
    startup_stm32f103xb.o(RESET) refers to stm32f1xx_it.o(i.USART2_IRQHandler) for USART2_IRQHandler
    startup_stm32f103xb.o(.text) refers (Special) to heapauxi.o(.text) for __use_two_region_memory
    startup_stm32f103xb.o(.text) refers to system_stm32f1xx.o(i.SystemInit) for SystemInit
    startup_stm32f103xb.o(.text) refers to __main.o(!!!main) for __main
    startup_stm32f103xb.o(.text) refers to startup_stm32f103xb.o(HEAP) for Heap_Mem
    startup_stm32f103xb.o(.text) refers to startup_stm32f103xb.o(STACK) for Stack_Mem
    main.o(i.HAL_TIM_PeriodElapsedCallback) refers to stm32f1xx_hal.o(i.HAL_IncTick) for HAL_IncTick
    main.o(i.SystemClock_Config) refers to rt_memclr_w.o(.text) for __aeabi_memclr4
    main.o(i.SystemClock_Config) refers to stm32f1xx_hal_rcc.o(i.HAL_RCC_OscConfig) for HAL_RCC_OscConfig
    main.o(i.SystemClock_Config) refers to stm32f1xx_hal_rcc.o(i.HAL_RCC_ClockConfig) for HAL_RCC_ClockConfig
    main.o(i.SystemClock_Config) refers to stm32f1xx_hal_rcc_ex.o(i.HAL_RCCEx_PeriphCLKConfig) for HAL_RCCEx_PeriphCLKConfig
    main.o(i.main) refers to stm32f1xx_hal.o(i.HAL_Init) for HAL_Init
    main.o(i.main) refers to main.o(i.SystemClock_Config) for SystemClock_Config
    main.o(i.main) refers to gpio.o(i.MX_GPIO_Init) for MX_GPIO_Init
    main.o(i.main) refers to can.o(i.MX_CAN_Init) for MX_CAN_Init
    main.o(i.main) refers to usart.o(i.MX_USART1_UART_Init) for MX_USART1_UART_Init
    main.o(i.main) refers to adc.o(i.MX_ADC1_Init) for MX_ADC1_Init
    main.o(i.main) refers to usart.o(i.MX_USART2_UART_Init) for MX_USART2_UART_Init
    main.o(i.main) refers to cmsis_os2.o(i.osKernelInitialize) for osKernelInitialize
    main.o(i.main) refers to freertos.o(i.MX_FREERTOS_Init) for MX_FREERTOS_Init
    main.o(i.main) refers to cmsis_os2.o(i.osKernelStart) for osKernelStart
    gpio.o(i.MX_GPIO_Init) refers to stm32f1xx_hal_gpio.o(i.HAL_GPIO_WritePin) for HAL_GPIO_WritePin
    gpio.o(i.MX_GPIO_Init) refers to stm32f1xx_hal_gpio.o(i.HAL_GPIO_Init) for HAL_GPIO_Init
    freertos.o(i.MX_FREERTOS_Init) refers to cmsis_os2.o(i.osThreadNew) for osThreadNew
    freertos.o(i.MX_FREERTOS_Init) refers to main_task.o(i.Main_Init_Start) for Main_Init_Start
    freertos.o(i.MX_FREERTOS_Init) refers to freertos.o(.constdata) for .constdata
    freertos.o(i.MX_FREERTOS_Init) refers to freertos.o(i.StartDefaultTask) for StartDefaultTask
    freertos.o(i.MX_FREERTOS_Init) refers to freertos.o(.data) for .data
    freertos.o(i.StartDefaultTask) refers to tasks.o(i.vTaskDelay) for vTaskDelay
    freertos.o(.constdata) refers to freertos.o(.conststring) for .conststring
    adc.o(i.HAL_ADC_MspDeInit) refers to stm32f1xx_hal_gpio.o(i.HAL_GPIO_DeInit) for HAL_GPIO_DeInit
    adc.o(i.HAL_ADC_MspInit) refers to stm32f1xx_hal_gpio.o(i.HAL_GPIO_Init) for HAL_GPIO_Init
    adc.o(i.MX_ADC1_Init) refers to stm32f1xx_hal_adc.o(i.HAL_ADC_Init) for HAL_ADC_Init
    adc.o(i.MX_ADC1_Init) refers to main.o(i.Error_Handler) for Error_Handler
    adc.o(i.MX_ADC1_Init) refers to stm32f1xx_hal_adc.o(i.HAL_ADC_ConfigChannel) for HAL_ADC_ConfigChannel
    adc.o(i.MX_ADC1_Init) refers to adc.o(.bss) for .bss
    can.o(i.HAL_CAN_MspDeInit) refers to stm32f1xx_hal_gpio.o(i.HAL_GPIO_DeInit) for HAL_GPIO_DeInit
[...]
    xMinimumEverFreeBytesRemaining           0x20000070   Data           4  heap_4.o(.data)
    xBlockAllocatedBit                       0x20000074   Data           4  heap_4.o(.data)
    xStart                                   0x20000078   Data           8  heap_4.o(.data)
    .data                                    0x20000080   Section       12  port.o(.data)
    ucMaxSysCallPriority                     0x20000080   Data           1  port.o(.data)
    uxCriticalNesting                        0x20000084   Data           4  port.o(.data)
    ulMaxPRIGROUPValue                       0x20000088   Data           4  port.o(.data)
    .data                                    0x2000008c   Section       36  my_can.o(.data)
    queue_Date                               0x2000008c   Data           2  my_can.o(.data)
    can_rx_Semaphore                         0x20000094   Data           4  my_can.o(.data)
    Can_RxQueue                              0x20000098   Data           4  my_can.o(.data)
    Can_TxQueue                              0x2000009c   Data           4  my_can.o(.data)
    sendBuf                                  0x200000a0   Data           8  my_can.o(.data)
    .data                                    0x200000b0   Section       32  main_task.o(.data)
    T                                        0x200000b0   Data           1  main_task.o(.data)
    H                                        0x200000b1   Data           1  main_task.o(.data)
    air                                      0x200000b4   Data           4  main_task.o(.data)
    light                                    0x200000b8   Data           4  main_task.o(.data)
    CAN_TxQueue                              0x200000bc   Data           4  main_task.o(.data)
    ADC_Queue                                0x200000c0   Data           4  main_task.o(.data)
    MP3_Queue                                0x200000c4   Data           4  main_task.o(.data)
    DHT11_Queue                              0x200000c8   Data           4  main_task.o(.data)
    g_xQueueStrInput                         0x200000cc   Data           4  main_task.o(.data)
    .data                                    0x200000d0   Section        4  my_adc.o(.data)
    READC_Queue                              0x200000d0   Data           4  my_adc.o(.data)
    .data                                    0x200000d4   Section        4  dht11.o(.data)
    REDHT11_Queue                            0x200000d4   Data           4  dht11.o(.data)
    .data                                    0x200000d8   Section       32  my_usart.o(.data)
    Uart1_Queue                              0x200000e4   Data           4  my_usart.o(.data)
    Uart2_Queue                              0x200000e8   Data           4  my_usart.o(.data)
    RTUartRx_Timer                           0x200000ec   Data           4  my_usart.o(.data)
    USART1_TxSemaphore                       0x200000f0   Data           4  my_usart.o(.data)
    USART2_TxSemaphore                       0x200000f4   Data           4  my_usart.o(.data)
    .data                                    0x200000f8   Section       20  my_voice.o(.data)
    vol                                      0x200000f8   Data           1  my_voice.o(.data)
    mus                                      0x200000f9   Data           1  my_voice.o(.data)
    vce                                      0x200000fa   Data           1  my_voice.o(.data)
    MP3_Data                                 0x200000fb   Data           3  my_voice.o(.data)
    MP3_Queue                                0x20000100   Data           4  my_voice.o(.data)
    tx_str                                   0x20000104   Data           8  my_voice.o(.data)
    .bss                                     0x2000010c   Section       48  adc.o(.bss)
    .bss                                     0x2000013c   Section       40  can.o(.bss)
    .bss                                     0x20000164   Section      144  usart.o(.bss)
    .bss                                     0x200001f4   Section       72  stm32f1xx_hal_timebase_tim.o(.bss)
    .bss                                     0x2000023c   Section       64  queue.o(.bss)
    .bss                                     0x2000027c   Section     1220  tasks.o(.bss)
    pxReadyTasksLists                        0x2000027c   Data        1120  tasks.o(.bss)
    xDelayedTaskList1                        0x200006dc   Data          20  tasks.o(.bss)
    xDelayedTaskList2                        0x200006f0   Data          20  tasks.o(.bss)
    xPendingReadyList                        0x20000704   Data          20  tasks.o(.bss)
    xTasksWaitingTermination                 0x20000718   Data          20  tasks.o(.bss)
    xSuspendedTaskList                       0x2000072c   Data          20  tasks.o(.bss)
    .bss                                     0x20000740   Section      284  timers.o(.bss)
    xActiveTimerList1                        0x20000740   Data          20  timers.o(.bss)
    xActiveTimerList2                        0x20000754   Data          20  timers.o(.bss)
    xStaticTimerQueue                        0x20000768   Data          84  timers.o(.bss)
    ucStaticTimerQueueStorage                0x200007bc   Data         160  timers.o(.bss)
    .bss                                     0x2000085c   Section     1720  cmsis_os2.o(.bss)
    Idle_TCB                                 0x2000085c   Data          92  cmsis_os2.o(.bss)
    Idle_Stack                               0x200008b8   Data         512  cmsis_os2.o(.bss)
    Timer_TCB                                0x20000ab8   Data          92  cmsis_os2.o(.bss)
    Timer_Stack                              0x20000b14   Data        1024  cmsis_os2.o(.bss)
    .bss                                     0x20000f14   Section     3072  heap_4.o(.bss)
    ucHeap                                   0x20000f14   Data        3072  heap_4.o(.bss)
    .bss                                     0x20001b14   Section      124  my_can.o(.bss)
    TxData                                   0x20001b3c   Data          16  my_can.o(.bss)
    can_rx_data                              0x20001b64   Data          16  my_can.o(.bss)
    .bss                                     0x20001b90   Section     4620  main_task.o(.bss)
    Main_StackBuffer                         0x20001b90   Data        1024  main_task.o(.bss)
    Can_Tx_StackBuffer                       0x20001f90   Data        1024  main_task.o(.bss)
    ADC_StackBuffer                          0x20002390   Data        1024  main_task.o(.bss)
    DHT11_StackBuffer                        0x20002790   Data        1024  main_task.o(.bss)
    Main_Task                                0x20002b90   Data          92  main_task.o(.bss)
    Can_TxTask                               0x20002bec   Data          92  main_task.o(.bss)
    ADC_Task                                 0x20002c48   Data          92  main_task.o(.bss)
    DHT11_Task                               0x20002ca4   Data          92  main_task.o(.bss)
    Mp3_Task                                 0x20002d00   Data          92  main_task.o(.bss)
    can_Rx_default                           0x20002d5c   Data          40  main_task.o(.bss)
    can_Tx_default                           0x20002d84   Data          24  main_task.o(.bss)
    .bss                                     0x20002d9c   Section       88  my_usart.o(.bss)
    UsartPrintfBuf                           0x20002d9c   Data          64  my_usart.o(.bss)
    Uart1Rx_Buffer                           0x20002ddc   Data          12  my_usart.o(.bss)
    Uart2Rx_Buffer                           0x20002de8   Data          12  my_usart.o(.bss)
    .bss                                     0x20002df4   Section      512  my_voice.o(.bss)
    .bss                                     0x20002ff4   Section       96  libspace.o(.bss)
    HEAP                                     0x20003058   Section      512  startup_stm32f103xb.o(HEAP)
    Heap_Mem                                 0x20003058   Data         512  startup_stm32f103xb.o(HEAP)
    STACK                                    0x20003258   Section     1024  startup_stm32f103xb.o(STACK)
    Stack_Mem                                0x20003258   Data        1024  startup_stm32f103xb.o(STACK)
    __initial_sp                             0x20003658   Data           0  startup_stm32f103xb.o(STACK)

    Global Symbols

    Symbol Name                              Value     Ov Type        Size  Object(Section)

    BuildAttributes$$THM_ISAv4$P$D$K$B$S$PE$A:L22UL41UL21$X:L11$S22US41US21$IEEE1$IW$USESV6$~STKCKD$USESV7$~SHL$OTIME$ROPI$IEEEJ$EBA8$UX$STANDARDLIB$REQ8$PRES8$EABIv2 0x00000000   Number         0  anon$$obj.o ABSOLUTE
    __ARM_use_no_argv                        0x00000000   Number         0  main.o ABSOLUTE
    _printf_flags                            0x00000000   Number         0  printf_stubs.o ABSOLUTE
    _printf_return_value                     0x00000000   Number         0  printf_stubs.o ABSOLUTE
    _printf_sizespec                         0x00000000   Number         0  printf_stubs.o ABSOLUTE
    _printf_widthprec                        0x00000000   Number         0  printf_stubs.o ABSOLUTE
    __ARM_exceptions_init                     - Undefined Weak Reference
    __alloca_initialize                       - Undefined Weak Reference
    __arm_fini_                               - Undefined Weak Reference
    __arm_preinit_                            - Undefined Weak Reference
    __cpp_initialize__aeabi_                  - Undefined Weak Reference
    __cxa_finalize                            - Undefined Weak Reference
    __sigvec_lookup                           - Undefined Weak Reference
    _atexit_init                              - Undefined Weak Reference
    _call_atexit_fns                          - Undefined Weak Reference
    _clock_init                               - Undefined Weak Reference
    _fp_trap_init                             - Undefined Weak Reference
    _fp_trap_shutdown                         - Undefined Weak Reference
    _get_lc_collate                           - Undefined Weak Reference
    _get_lc_monetary                          - Undefined Weak Reference
    _get_lc_time                              - Undefined Weak Reference
    _getenv_init                              - Undefined Weak Reference
    _handle_redirection                       - Undefined Weak Reference
    _init_alloc                               - Undefined Weak Reference
    _init_user_alloc                          - Undefined Weak Reference
    _initio                                   - Undefined Weak Reference
    _printf_mbtowc                            - Undefined Weak Reference
    _printf_wc                                - Undefined Weak Reference
    _rand_init                                - Undefined Weak Reference
    _signal_finish                            - Undefined Weak Reference
    _signal_init                              - Undefined Weak Reference
    _terminate_alloc                          - Undefined Weak Reference
    _terminate_user_alloc                     - Undefined Weak Reference
    _terminateio                              - Undefined Weak Reference
    __Vectors_Size                           0x000000ec   Number         0  startup_stm32f103xb.o ABSOLUTE
    __Vectors                                0x08000000   Data           4  startup_stm32f103xb.o(RESET)
    __Vectors_End                            0x080000ec   Data           0  startup_stm32f103xb.o(RESET)
    __main                                   0x080000ed   Thumb Code     8  __main.o(!!!main)
    __scatterload                            0x080000f5   Thumb Code     0  __scatter.o(!!!scatter)
    __scatterload_rt2                        0x080000f5   Thumb Code    44  __scatter.o(!!!scatter)
    __scatterload_rt2_thumb_only             0x080000f5   Thumb Code     0  __scatter.o(!!!scatter)
    __scatterload_null                       0x08000103   Thumb Code     0  __scatter.o(!!!scatter)
    __scatterload_copy                       0x08000129   Thumb Code    26  __scatter_copy.o(!!handler_copy)
    __scatterload_zeroinit                   0x08000145   Thumb Code    28  __scatter_zi.o(!!handler_zi)
    __rt_lib_init                            0x08000161   Thumb Code     0  libinit.o(.ARM.Collect$$libinit$$00000000)
    __rt_lib_init_alloca_1                   0x08000163   Thumb Code     0  libinit2.o(.ARM.Collect$$libinit$$0000002E)
    __rt_lib_init_argv_1                     0x08000163   Thumb Code     0  libinit2.o(.ARM.Collect$$libinit$$0000002C)
    __rt_lib_init_atexit_1                   0x08000163   Thumb Code     0  libinit2.o(.ARM.Collect$$libinit$$0000001B)
    __rt_lib_init_clock_1                    0x08000163   Thumb Code     0  libinit2.o(.ARM.Collect$$libinit$$00000021)
    __rt_lib_init_cpp_1                      0x08000163   Thumb Code     0  libinit2.o(.ARM.Collect$$libinit$$00000032)
    __rt_lib_init_exceptions_1               0x08000163   Thumb Code     0  libinit2.o(.ARM.Collect$$libinit$$00000030)
    __rt_lib_init_fp_1                       0x08000163   Thumb Code     0  libinit2.o(.ARM.Collect$$libinit$$00000002)
    __rt_lib_init_fp_trap_1                  0x08000163   Thumb Code     0  libinit2.o(.ARM.Collect$$libinit$$0000001F)
    __rt_lib_init_getenv_1                   0x08000163   Thumb Code     0  libinit2.o(.ARM.Collect$$libinit$$00000023)
    __rt_lib_init_heap_1                     0x08000163   Thumb Code     0  libinit2.o(.ARM.Collect$$libinit$$0000000A)
    __rt_lib_init_lc_collate_1               0x08000163   Thumb Code     0  libinit2.o(.ARM.Collect$$libinit$$00000011)
    __rt_lib_init_lc_ctype_1                 0x08000163   Thumb Code     0  libinit2.o(.ARM.Collect$$libinit$$00000013)
    __rt_lib_init_lc_monetary_1              0x08000163   Thumb Code     0  libinit2.o(.ARM.Collect$$libinit$$00000015)
    __rt_lib_init_lc_numeric_1               0x08000163   Thumb Code     0  libinit2.o(.ARM.Collect$$libinit$$00000017)
    __rt_lib_init_lc_time_1                  0x08000163   Thumb Code     0  libinit2.o(.ARM.Collect$$libinit$$00000019)
    __rt_lib_init_preinit_1                  0x08000163   Thumb Code     0  libinit2.o(.ARM.Collect$$libinit$$00000004)
    __rt_lib_init_rand_1                     0x08000163   Thumb Code     0  libinit2.o(.ARM.Collect$$libinit$$0000000E)
    __rt_lib_init_return                     0x08000163   Thumb Code     0  libinit2.o(.ARM.Collect$$libinit$$00000033)
    __rt_lib_init_signal_1                   0x08000163   Thumb Code     0  libinit2.o(.ARM.Collect$$libinit$$0000001D)
    __rt_lib_init_stdio_1                    0x08000163   Thumb Code     0  libinit2.o(.ARM.Collect$$libinit$$00000025)
    __rt_lib_init_user_alloc_1               0x08000163   Thumb Code     0  libinit2.o(.ARM.Collect$$libinit$$0000000C)
    __rt_lib_shutdown                        0x08000165   Thumb Code     0  libshutdown.o(.ARM.Collect$$libshutdown$$00000000)
    __rt_lib_shutdown_cpp_1                  0x08000167   Thumb Code     0  libshutdown2.o(.ARM.Collect$$libshutdown$$00000004)
    __rt_lib_shutdown_fini_1                 0x08000167   Thumb Code     0  libshutdown2.o(.ARM.Collect$$libshutdown$$00000002)
    __rt_lib_shutdown_fp_trap_1              0x08000167   Thumb Code     0  libshutdown2.o(.ARM.Collect$$libshutdown$$00000009)
    __rt_lib_shutdown_heap_1                 0x08000167   Thumb Code     0  libshutdown2.o(.ARM.Collect$$libshutdown$$00000011)
    __rt_lib_shutdown_return                 0x08000167   Thumb Code     0  libshutdown2.o(.ARM.Collect$$libshutdown$$00000012)
    __rt_lib_shutdown_signal_1               0x08000167   Thumb Code     0  libshutdown2.o(.ARM.Collect$$libshutdown$$0000000C)
    __rt_lib_shutdown_stdio_1                0x08000167   Thumb Code     0  libshutdown2.o(.ARM.Collect$$libshutdown$$00000006)
    __rt_lib_shutdown_user_alloc_1           0x08000167   Thumb Code     0  libshutdown2.o(.ARM.Collect$$libshutdown$$0000000E)
    __rt_entry                               0x08000169   Thumb Code     0  __rtentry.o(.ARM.Collect$$rtentry$$00000000)
    __rt_entry_presh_1                       0x08000169   Thumb Code     0  __rtentry2.o(.ARM.Collect$$rtentry$$00000002)
    __rt_entry_sh                            0x08000169   Thumb Code     0  __rtentry4.o(.ARM.Collect$$rtentry$$00000004)
    __rt_entry_li                            0x0800016f   Thumb Code     0  __rtentry2.o(.ARM.Collect$$rtentry$$0000000A)
    __rt_entry_postsh_1                      0x0800016f   Thumb Code     0  __rtentry2.o(.ARM.Collect$$rtentry$$00000009)
    __rt_entry_main                          0x08000173   Thumb Code     0  __rtentry2.o(.ARM.Collect$$rtentry$$0000000D)
    __rt_entry_postli_1                      0x08000173   Thumb Code     0  __rtentry2.o(.ARM.Collect$$rtentry$$0000000C)
    __rt_exit                                0x0800017b   Thumb Code     0  rtexit.o(.ARM.Collect$$rtexit$$00000000)
    __rt_exit_ls                             0x0800017d   Thumb Code     0  rtexit2.o(.ARM.Collect$$rtexit$$00000003)
    __rt_exit_prels_1                        0x0800017d   Thumb Code     0  rtexit2.o(.ARM.Collect$$rtexit$$00000002)
    __rt_exit_exit                           0x08000181   Thumb Code     0  rtexit2.o(.ARM.Collect$$rtexit$$00000004)
    SVC_Handler                              0x08000189   Thumb Code    32  port.o(.emb_text)
    __asm___6_port_c_39a90d8d__prvStartFirstTask 0x080001ad   Thumb Code    28  port.o(.emb_text)
    PendSV_Handler                           0x080001cd   Thumb Code    72  port.o(.emb_text)
    vPortGetIPSR                             0x08000219   Thumb Code     6  port.o(.emb_text)
    Reset_Handler                            0x08000221   Thumb Code     8  startup_stm32f103xb.o(.text)
    ADC1_2_IRQHandler                        0x0800023b   Thumb Code     0  startup_stm32f103xb.o(.text)
    CAN1_RX1_IRQHandler                      0x0800023b   Thumb Code     0  startup_stm32f103xb.o(.text)
    CAN1_SCE_IRQHandler                      0x0800023b   Thumb Code     0  startup_stm32f103xb.o(.text)
    DMA1_Channel1_IRQHandler                 0x0800023b   Thumb Code     0  startup_stm32f103xb.o(.text)
    DMA1_Channel2_IRQHandler                 0x0800023b   Thumb Code     0  startup_stm32f103xb.o(.text)
    DMA1_Channel3_IRQHandler                 0x0800023b   Thumb Code     0  startup_stm32f103xb.o(.text)
    DMA1_Channel4_IRQHandler                 0x0800023b   Thumb Code     0  startup_stm32f103xb.o(.text)
    DMA1_Channel5_IRQHandler                 0x0800023b   Thumb Code     0  startup_stm32f103xb.o(.text)
    DMA1_Channel6_IRQHandler                 0x0800023b   Thumb Code     0  startup_stm32f103xb.o(.text)
    DMA1_Channel7_IRQHandler                 0x0800023b   Thumb Code     0  startup_stm32f103xb.o(.text)
    EXTI0_IRQHandler                         0x0800023b   Thumb Code     0  startup_stm32f103xb.o(.text)
    EXTI15_10_IRQHandler                     0x0800023b   Thumb Code     0  startup_stm32f103xb.o(.text)
    EXTI1_IRQHandler                         0x0800023b   Thumb Code     0  startup_stm32f103xb.o(.text)
    EXTI2_IRQHandler                         0x0800023b   Thumb Code     0  startup_stm32f103xb.o(.text)
    EXTI3_IRQHandler                         0x0800023b   Thumb Code     0  startup_stm32f103xb.o(.text)
    EXTI4_IRQHandler                         0x0800023b   Thumb Code     0  startup_stm32f103xb.o(.text)
    EXTI9_5_IRQHandler                       0x0800023b   Thumb Code     0  startup_stm32f103xb.o(.text)
    FLASH_IRQHandler                         0x0800023b   Thumb Code     0  startup_stm32f103xb.o(.text)
    I2C1_ER_IRQHandler                       0x0800023b   Thumb Code     0  startup_stm32f103xb.o(.text)
    I2C1_EV_IRQHandler                       0x0800023b   Thumb Code     0  startup_stm32f103xb.o(.text)
    I2C2_ER_IRQHandler                       0x0800023b   Thumb Code     0  startup_stm32f103xb.o(.text)
    I2C2_EV_IRQHandler                       0x0800023b   Thumb Code     0  startup_stm32f103xb.o(.text)
    PVD_IRQHandler                           0x0800023b   Thumb Code     0  startup_stm32f103xb.o(.text)
    RCC_IRQHandler                           0x0800023b   Thumb Code     0  startup_stm32f103xb.o(.text)
    RTC_Alarm_IRQHandler                     0x0800023b   Thumb Code     0  startup_stm32f103xb.o(.text)
    RTC_IRQHandler                           0x0800023b   Thumb Code     0  startup_stm32f103xb.o(.text)
    SPI1_IRQHandler                          0x0800023b   Thumb Code     0  startup_stm32f103xb.o(.text)
    SPI2_IRQHandler                          0x0800023b   Thumb Code     0  startup_stm32f103xb.o(.text)
    TAMPER_IRQHandler                        0x0800023b   Thumb Code     0  startup_stm32f103xb.o(.text)
    TIM1_BRK_IRQHandler                      0x0800023b   Thumb Code     0  startup_stm32f103xb.o(.text)
    TIM1_CC_IRQHandler                       0x0800023b   Thumb Code     0  startup_stm32f103xb.o(.text)
    TIM1_TRG_COM_IRQHandler                  0x0800023b   Thumb Code     0  startup_stm32f103xb.o(.text)
    TIM1_UP_IRQHandler                       0x0800023b   Thumb Code     0  startup_stm32f103xb.o(.text)
    TIM2_IRQHandler                          0x0800023b   Thumb Code     0  startup_stm32f103xb.o(.text)
    TIM3_IRQHandler                          0x0800023b   Thumb Code     0  startup_stm32f103xb.o(.text)
    USART3_IRQHandler                        0x0800023b   Thumb Code     0  startup_stm32f103xb.o(.text)
    USBWakeUp_IRQHandler                     0x0800023b   Thumb Code     0  startup_stm32f103xb.o(.text)
    USB_HP_CAN1_TX_IRQHandler                0x0800023b   Thumb Code     0  startup_stm32f103xb.o(.text)
    WWDG_IRQHandler                          0x0800023b   Thumb Code     0  startup_stm32f103xb.o(.text)
    __user_initial_stackheap                 0x0800023d   Thumb Code     0  startup_stm32f103xb.o(.text)
    __aeabi_memcpy                           0x08000261   Thumb Code     0  rt_memcpy_v6.o(.text)
    __rt_memcpy                              0x08000261   Thumb Code   138  rt_memcpy_v6.o(.text)
    _memcpy_lastbytes                        0x080002c7   Thumb Code     0  rt_memcpy_v6.o(.text)
    __aeabi_memset                           0x080002eb   Thumb Code    16  aeabi_memset.o(.text)
    __aeabi_memclr4                          0x080002fb   Thumb Code     0  rt_memclr_w.o(.text)
    __aeabi_memclr8                          0x080002fb   Thumb Code     0  rt_memclr_w.o(.text)
    __rt_memclr_w                            0x080002fb   Thumb Code    78  rt_memclr_w.o(.text)
    _memset_w                                0x080002ff   Thumb Code     0  rt_memclr_w.o(.text)
    __use_two_region_memory                  0x08000349   Thumb Code     2  heapauxi.o(.text)
    __rt_heap_escrow$2region                 0x0800034b   Thumb Code     2  heapauxi.o(.text)
    __rt_heap_expand$2region                 0x0800034d   Thumb Code     2  heapauxi.o(.text)
    __aeabi_memcpy4                          0x0800034f   Thumb Code     0  rt_memcpy_w.o(.text)
    __aeabi_memcpy8                          0x0800034f   Thumb Code     0  rt_memcpy_w.o(.text)
    __rt_memcpy_w                            0x0800034f   Thumb Code   100  rt_memcpy_w.o(.text)
    _memcpy_lastbytes_aligned                0x08000397   Thumb Code     0  rt_memcpy_w.o(.text)
    __aeabi_memclr                           0x080003b3   Thumb Code     0  rt_memclr.o(.text)
    __rt_memclr                              0x080003b3   Thumb Code    68  rt_memclr.o(.text)
    _memset                                  0x080003b7   Thumb Code     0  rt_memclr.o(.text)
    __user_setup_stackheap                   0x080003f7   Thumb Code    74  sys_stackheap_outer.o(.text)
    exit                                     0x08000441   Thumb Code    18  exit.o(.text)
    __user_libspace                          0x08000455   Thumb Code     8  libspace.o(.text)
    __user_perproc_libspace                  0x08000455   Thumb Code     0  libspace.o(.text)
    __user_perthread_libspace                0x08000455   Thumb Code     0  libspace.o(.text)
    _sys_exit                                0x0800045d   Thumb Code     8  sys_exit.o(.text)
    __I$use$semihosting                      0x08000469   Thumb Code     0  use_no_semi.o(.text)
    __use_no_semihosting_swi                 0x08000469   Thumb Code     2  use_no_semi.o(.text)
    __semihosting_library_function           0x0800046b   Thumb Code     0  indicate_semi.o(.text)
    ADC_ConversionStop_Disable               0x0800046d   Thumb Code    86  stm32f1xx_hal_adc.o(i.ADC_ConversionStop_Disable)
    ADC_Enable                               0x080004c5   Thumb Code   114  stm32f1xx_hal_adc.o(i.ADC_Enable)
    ADC_GETDATA_Thread                       0x08000541   Thumb Code   170  my_adc.o(i.ADC_GETDATA_Thread)
    ADC_GETDATA_Thread_Start                 0x080005f9   Thumb Code    22  my_adc.o(i.ADC_GETDATA_Thread_Start)
    BusFault_Handler                         0x08000621   Thumb Code     2  stm32f1xx_it.o(i.BusFault_Handler)
    CAN_DATA_Init                            0x08000623   Thumb Code    36  my_can.o(i.CAN_DATA_Init)
    Can_Write_Thread                         0x08000649   Thumb Code   130  my_can.o(i.Can_Write_Thread)
    Can_Write_Thread_Start                   0x080006d5   Thumb Code    20  my_can.o(i.Can_Write_Thread_Start)
    DHT11_Check                              0x080006f9   Thumb Code    88  dht11.o(i.DHT11_Check)
    DHT11_GETDATA_Thread                     0x08000755   Thumb Code    64  dht11.o(i.DHT11_GETDATA_Thread)
    DHT11_GETDATA_Thread_Start               0x08000799   Thumb Code    22  dht11.o(i.DHT11_GETDATA_Thread_Start)
    DHT11_IO_IN                              0x080007bd   Thumb Code    28  dht11.o(i.DHT11_IO_IN)
    DHT11_IO_OUT_High                        0x080007dd   Thumb Code    40  dht11.o(i.DHT11_IO_OUT_High)
    DHT11_IO_OUT_Low                         0x08000809   Thumb Code    40  dht11.o(i.DHT11_IO_OUT_Low)
    DHT11_Read_Bit                           0x08000835   Thumb Code    86  dht11.o(i.DHT11_Read_Bit)
    DHT11_Read_Byte                          0x08000891   Thumb Code    26  dht11.o(i.DHT11_Read_Byte)
    DHT11_Read_Data                          0x080008ab   Thumb Code    80  dht11.o(i.DHT11_Read_Data)
    DHT11_Rst                                0x080008fb   Thumb Code    26  dht11.o(i.DHT11_Rst)
    DebugMon_Handler                         0x08000915   Thumb Code     2  stm32f1xx_it.o(i.DebugMon_Handler)
    Error_Handler                            0x08000917   Thumb Code     4  main.o(i.Error_Handler)
    HAL_ADCEx_Calibration_Start              0x0800091d   Thumb Code   210  stm32f1xx_hal_adc_ex.o(i.HAL_ADCEx_Calibration_Start)
    HAL_ADC_ConfigChannel                    0x080009f5   Thumb Code   240  stm32f1xx_hal_adc.o(i.HAL_ADC_ConfigChannel)
    HAL_ADC_GetValue                         0x08000af1   Thumb Code     6  stm32f1xx_hal_adc.o(i.HAL_ADC_GetValue)
    HAL_ADC_Init                             0x08000af9   Thumb Code   272  stm32f1xx_hal_adc.o(i.HAL_ADC_Init)
    HAL_ADC_MspInit                          0x08000c15   Thumb Code    76  adc.o(i.HAL_ADC_MspInit)
    HAL_ADC_PollForConversion                0x08000c6d   Thumb Code   304  stm32f1xx_hal_adc.o(i.HAL_ADC_PollForConversion)
    HAL_ADC_Start                            0x08000da9   Thumb Code   184  stm32f1xx_hal_adc.o(i.HAL_ADC_Start)
    HAL_CAN_AddTxMessage                     0x08000e69   Thumb Code   208  stm32f1xx_hal_can.o(i.HAL_CAN_AddTxMessage)
    HAL_CAN_ErrorCallback                    0x08000f39   Thumb Code     2  stm32f1xx_hal_can.o(i.HAL_CAN_ErrorCallback)
    HAL_CAN_GetRxMessage                     0x08000f3b   Thumb Code   244  stm32f1xx_hal_can.o(i.HAL_CAN_GetRxMessage)
    HAL_CAN_IRQHandler                       0x0800102f   Thumb Code   508  stm32f1xx_hal_can.o(i.HAL_CAN_IRQHandler)
    HAL_CAN_Init                             0x0800122b   Thumb Code   282  stm32f1xx_hal_can.o(i.HAL_CAN_Init)
    HAL_CAN_MspInit                          0x08001345   Thumb Code   112  can.o(i.HAL_CAN_MspInit)
    HAL_CAN_RxFifo0FullCallback              0x080013c1   Thumb Code     2  stm32f1xx_hal_can.o(i.HAL_CAN_RxFifo0FullCallback)
    HAL_CAN_RxFifo0MsgPendingCallback        0x080013c5   Thumb Code    86  my_can.o(i.HAL_CAN_RxFifo0MsgPendingCallback)
    HAL_CAN_RxFifo1FullCallback              0x08001425   Thumb Code     2  stm32f1xx_hal_can.o(i.HAL_CAN_RxFifo1FullCallback)
    HAL_CAN_RxFifo1MsgPendingCallback        0x08001427   Thumb Code     2  stm32f1xx_hal_can.o(i.HAL_CAN_RxFifo1MsgPendingCallback)
    HAL_CAN_SleepCallback                    0x08001429   Thumb Code     2  stm32f1xx_hal_can.o(i.HAL_CAN_SleepCallback)
    HAL_CAN_Start                            0x0800142d   Thumb Code    88  stm32f1xx_hal_can.o(i.HAL_CAN_Start)
    HAL_CAN_TxMailbox0AbortCallback          0x08001485   Thumb Code     2  stm32f1xx_hal_can.o(i.HAL_CAN_TxMailbox0AbortCallback)
    HAL_CAN_TxMailbox0CompleteCallback       0x08001487   Thumb Code     2  stm32f1xx_hal_can.o(i.HAL_CAN_TxMailbox0CompleteCallback)
    HAL_CAN_TxMailbox1AbortCallback          0x08001489   Thumb Code     2  stm32f1xx_hal_can.o(i.HAL_CAN_TxMailbox1AbortCallback)
    HAL_CAN_TxMailbox1CompleteCallback       0x0800148b   Thumb Code     2  stm32f1xx_hal_can.o(i.HAL_CAN_TxMailbox1CompleteCallback)
    HAL_CAN_TxMailbox2AbortCallback          0x0800148d   Thumb Code     2  stm32f1xx_hal_can.o(i.HAL_CAN_TxMailbox2AbortCallback)
    HAL_CAN_TxMailbox2CompleteCallback       0x0800148f   Thumb Code     2  stm32f1xx_hal_can.o(i.HAL_CAN_TxMailbox2CompleteCallback)
    HAL_CAN_WakeUpFromRxMsgCallback          0x08001491   Thumb Code     2  stm32f1xx_hal_can.o(i.HAL_CAN_WakeUpFromRxMsgCallback)
    HAL_DMA_Abort                            0x08001493   Thumb Code    70  stm32f1xx_hal_dma.o(i.HAL_DMA_Abort)
    HAL_DMA_Abort_IT                         0x080014d9   Thumb Code   148  stm32f1xx_hal_dma.o(i.HAL_DMA_Abort_IT)
    HAL_GPIO_Init                            0x08001571   Thumb Code   446  stm32f1xx_hal_gpio.o(i.HAL_GPIO_Init)
    HAL_GPIO_ReadPin                         0x08001751   Thumb Code    10  stm32f1xx_hal_gpio.o(i.HAL_GPIO_ReadPin)
    HAL_GPIO_WritePin                        0x0800175b   Thumb Code    10  stm32f1xx_hal_gpio.o(i.HAL_GPIO_WritePin)
    HAL_GetTick                              0x08001765   Thumb Code     6  stm32f1xx_hal.o(i.HAL_GetTick)
    HAL_IncTick                              0x08001771   Thumb Code    12  stm32f1xx_hal.o(i.HAL_IncTick)
    HAL_Init                                 0x08001781   Thumb Code    32  stm32f1xx_hal.o(i.HAL_Init)
    HAL_InitTick                             0x080017a5   Thumb Code   132  stm32f1xx_hal_timebase_tim.o(i.HAL_InitTick)
    HAL_MspInit                              0x0800183d   Thumb Code    62  stm32f1xx_hal_msp.o(i.HAL_MspInit)
    HAL_NVIC_EnableIRQ                       0x08001885   Thumb Code    26  stm32f1xx_hal_cortex.o(i.HAL_NVIC_EnableIRQ)
    HAL_NVIC_SetPriority                     0x080018a1   Thumb Code    60  stm32f1xx_hal_cortex.o(i.HAL_NVIC_SetPriority)
    HAL_NVIC_SetPriorityGrouping             0x080018e1   Thumb Code    26  stm32f1xx_hal_cortex.o(i.HAL_NVIC_SetPriorityGrouping)
    HAL_RCCEx_GetPeriphCLKFreq               0x08001905   Thumb Code   148  stm32f1xx_hal_rcc_ex.o(i.HAL_RCCEx_GetPeriphCLKFreq)
    HAL_RCCEx_PeriphCLKConfig                0x080019a9   Thumb Code   224  stm32f1xx_hal_rcc_ex.o(i.HAL_RCCEx_PeriphCLKConfig)
    HAL_RCC_ClockConfig                      0x08001a95   Thumb Code   280  stm32f1xx_hal_rcc.o(i.HAL_RCC_ClockConfig)
    HAL_RCC_GetClockConfig                   0x08001bc1   Thumb Code    54  stm32f1xx_hal_rcc.o(i.HAL_RCC_GetClockConfig)
    HAL_RCC_GetPCLK1Freq                     0x08001c01   Thumb Code    20  stm32f1xx_hal_rcc.o(i.HAL_RCC_GetPCLK1Freq)
    HAL_RCC_GetPCLK2Freq                     0x08001c21   Thumb Code    20  stm32f1xx_hal_rcc.o(i.HAL_RCC_GetPCLK2Freq)
    HAL_RCC_GetSysClockFreq                  0x08001c41   Thumb Code    58  stm32f1xx_hal_rcc.o(i.HAL_RCC_GetSysClockFreq)
    HAL_RCC_OscConfig                        0x08001c8d   Thumb Code   778  stm32f1xx_hal_rcc.o(i.HAL_RCC_OscConfig)
    HAL_TIMEx_BreakCallback                  0x08001fad   Thumb Code     2  stm32f1xx_hal_tim_ex.o(i.HAL_TIMEx_BreakCallback)
    HAL_TIMEx_CommutCallback                 0x08001faf   Thumb Code     2  stm32f1xx_hal_tim_ex.o(i.HAL_TIMEx_CommutCallback)
    HAL_TIM_Base_Init                        0x08001fb1   Thumb Code    90  stm32f1xx_hal_tim.o(i.HAL_TIM_Base_Init)
    HAL_TIM_Base_MspInit                     0x0800200b   Thumb Code     2  stm32f1xx_hal_tim.o(i.HAL_TIM_Base_MspInit)
    HAL_TIM_Base_Start_IT                    0x0800200d   Thumb Code    76  stm32f1xx_hal_tim.o(i.HAL_TIM_Base_Start_IT)
    HAL_TIM_IC_CaptureCallback               0x08002065   Thumb Code     2  stm32f1xx_hal_tim.o(i.HAL_TIM_IC_CaptureCallback)
    HAL_TIM_IRQHandler                       0x08002067   Thumb Code   358  stm32f1xx_hal_tim.o(i.HAL_TIM_IRQHandler)
    HAL_TIM_OC_DelayElapsedCallback          0x080021cd   Thumb Code     2  stm32f1xx_hal_tim.o(i.HAL_TIM_OC_DelayElapsedCallback)
    HAL_TIM_PWM_PulseFinishedCallback        0x080021cf   Thumb Code     2  stm32f1xx_hal_tim.o(i.HAL_TIM_PWM_PulseFinishedCallback)
    HAL_TIM_PeriodElapsedCallback            0x080021d1   Thumb Code    14  main.o(i.HAL_TIM_PeriodElapsedCallback)
    HAL_TIM_TriggerCallback                  0x080021e5   Thumb Code     2  stm32f1xx_hal_tim.o(i.HAL_TIM_TriggerCallback)
    HAL_UARTEx_RxEventCallback               0x080021e7   Thumb Code     2  stm32f1xx_hal_uart.o(i.HAL_UARTEx_RxEventCallback)
    HAL_UART_ErrorCallback                   0x080021e9   Thumb Code     2  stm32f1xx_hal_uart.o(i.HAL_UART_ErrorCallback)
    HAL_UART_IRQHandler                      0x080021ed   Thumb Code   616  stm32f1xx_hal_uart.o(i.HAL_UART_IRQHandler)
    HAL_UART_Init                            0x08002459   Thumb Code   100  stm32f1xx_hal_uart.o(i.HAL_UART_Init)
    HAL_UART_MspInit                         0x080024bd   Thumb Code   198  usart.o(i.HAL_UART_MspInit)
    HAL_UART_Receive_IT                      0x08002595   Thumb Code    28  stm32f1xx_hal_uart.o(i.HAL_UART_Receive_IT)
    HAL_UART_RxCpltCallback                  0x080025b1   Thumb Code   102  my_usart.o(i.HAL_UART_RxCpltCallback)
    HAL_UART_Transmit_IT                     0x08002631   Thumb Code    50  stm32f1xx_hal_uart.o(i.HAL_UART_Transmit_IT)
    HAL_UART_TxCpltCallback                  0x08002665   Thumb Code    40  my_usart.o(i.HAL_UART_TxCpltCallback)
    HardFault_Handler                        0x08002699   Thumb Code     2  stm32f1xx_it.o(i.HardFault_Handler)
    Init_My_CAN                              0x0800269d   Thumb Code    36  my_can.o(i.Init_My_CAN)
    MP3_Thread                               0x080026c5   Thumb Code   196  my_voice.o(i.MP3_Thread)
    MP3_Thread_Start                         0x0800278d   Thumb Code    26  my_voice.o(i.MP3_Thread_Start)
    MX_ADC1_Init                             0x080027b5   Thumb Code    70  adc.o(i.MX_ADC1_Init)
    MX_CAN_Init                              0x08002805   Thumb Code    60  can.o(i.MX_CAN_Init)
    MX_FREERTOS_Init                         0x08002849   Thumb Code    24  freertos.o(i.MX_FREERTOS_Init)
    MX_GPIO_Init                             0x0800286d   Thumb Code   102  gpio.o(i.MX_GPIO_Init)
    MX_USART1_UART_Init                      0x080028dd   Thumb Code    48  usart.o(i.MX_USART1_UART_Init)
    MX_USART2_UART_Init                      0x08002915   Thumb Code    48  usart.o(i.MX_USART2_UART_Init)
    Main_Init_Start                          0x0800294d   Thumb Code   116  main_task.o(i.Main_Init_Start)
    Main_Thread                              0x080029d5   Thumb Code   120  main_task.o(i.Main_Thread)
    Main_Thread_Start                        0x08002a51   Thumb Code    22  main_task.o(i.Main_Thread_Start)
    MemManage_Handler                        0x08002a79   Thumb Code     2  stm32f1xx_it.o(i.MemManage_Handler)
    Music_Get                                0x08002a7d   Thumb Code    64  my_voice.o(i.Music_Get)
    MyATimerCallback                         0x08002ac1   Thumb Code    74  my_usart.o(i.MyATimerCallback)
    My_ADC_Init                              0x08002b15   Thumb Code    24  my_adc.o(i.My_ADC_Init)
    My_DHT11_Init                            0x08002b35   Thumb Code    18  dht11.o(i.My_DHT11_Init)
    My_Uart1_Init                            0x08002b4d   Thumb Code   100  my_usart.o(i.My_Uart1_Init)
    NMI_Handler                              0x08002bc9   Thumb Code     2  stm32f1xx_it.o(i.NMI_Handler)
    ReADC_QueueStruct                        0x08002bcd   Thumb Code     6  my_adc.o(i.ReADC_QueueStruct)
    ReCanTxQueueStruct                       0x08002bd9   Thumb Code     6  my_can.o(i.ReCanTxQueueStruct)
    ReDHT11_QueueStruct                      0x08002be5   Thumb Code     6  dht11.o(i.ReDHT11_QueueStruct)
    ReMP3_QueueStruct                        0x08002bf1   Thumb Code     6  my_voice.o(i.ReMP3_QueueStruct)
    Read_ADC_Queue                           0x08002bfd   Thumb Code    24  main_task.o(i.Read_ADC_Queue)
    Read_DHT11_Queue                         0x08002c19   Thumb Code    28  main_task.o(i.Read_DHT11_Queue)
    StartDefaultTask                         0x08002c39   Thumb Code     8  freertos.o(i.StartDefaultTask)
    SysTick_Handler                          0x08002c91   Thumb Code    38  port.o(i.SysTick_Handler)
    SystemClock_Config                       0x08002cbd   Thumb Code   120  main.o(i.SystemClock_Config)
    SystemInit                               0x08002d35   Thumb Code     2  system_stm32f1xx.o(i.SystemInit)
    TIM4_IRQHandler                          0x08002d39   Thumb Code     6  stm32f1xx_it.o(i.TIM4_IRQHandler)
    TIM_Base_SetConfig                       0x08002d45   Thumb Code    94  stm32f1xx_hal_tim.o(i.TIM_Base_SetConfig)
    UART_Start_Receive_IT                    0x08002f89   Thumb Code    54  stm32f1xx_hal_uart.o(i.UART_Start_Receive_IT)
    USART1_IRQHandler                        0x08002fc1   Thumb Code     6  stm32f1xx_it.o(i.USART1_IRQHandler)
    USART2_IRQHandler                        0x08002fcd   Thumb Code     6  stm32f1xx_it.o(i.USART2_IRQHandler)
    USB_LP_CAN1_RX0_IRQHandler               0x08002fd9   Thumb Code     6  stm32f1xx_it.o(i.USB_LP_CAN1_RX0_IRQHandler)
    Uart1Rx_Buffer_Close                     0x08002fe5   Thumb Code    18  my_usart.o(i.Uart1Rx_Buffer_Close)
    Uart2Rx_Buffer_Close                     0x08003001   Thumb Code    18  my_usart.o(i.Uart2Rx_Buffer_Close)
    UsageFault_Handler                       0x0800301d   Thumb Code     2  stm32f1xx_it.o(i.UsageFault_Handler)
    Usart_TX_Data                            0x0800301f   Thumb Code    40  my_usart.o(i.Usart_TX_Data)
    Voice_Get                                0x08003049   Thumb Code    10  my_voice.o(i.Voice_Get)
    Voice_Init                               0x08003059   Thumb Code    18  my_voice.o(i.Voice_Init)
    Volume_Get                               0x08003071   Thumb Code    42  my_voice.o(i.Volume_Get)
    delay_us                                 0x080030c1   Thumb Code    50  dht11.o(i.delay_us)
    main                                     0x080030f3   Thumb Code    42  main.o(i.main)
    osKernelInitialize                       0x0800311d   Thumb Code    50  cmsis_os2.o(i.osKernelInitialize)
    osKernelStart                            0x08003155   Thumb Code    58  cmsis_os2.o(i.osKernelStart)
    osThreadNew                              0x08003195   Thumb Code   160  cmsis_os2.o(i.osThreadNew)
    pvPortMalloc                             0x08003a3d   Thumb Code   210  heap_4.o(i.pvPortMalloc)
    pvTaskIncrementMutexHeldCount            0x08003b15   Thumb Code    18  tasks.o(i.pvTaskIncrementMutexHeldCount)
    pxPortInitialiseStack                    0x08003b2d   Thumb Code    32  port.o(i.pxPortInitialiseStack)
    uxListRemove                             0x08003b51   Thumb Code    38  list.o(i.uxListRemove)
    vApplicationGetIdleTaskMemory            0x08003b79   Thumb Code    16  cmsis_os2.o(i.vApplicationGetIdleTaskMemory)
    vApplicationGetTimerTaskMemory           0x08003b8d   Thumb Code    18  cmsis_os2.o(i.vApplicationGetTimerTaskMemory)
    vListInitialise                          0x08003ba5   Thumb Code    22  list.o(i.vListInitialise)
    vListInitialiseItem                      0x08003bbb   Thumb Code     6  list.o(i.vListInitialiseItem)
    vListInsert                              0x08003bc1   Thumb Code    48  list.o(i.vListInsert)
    vListInsertEnd                           0x08003bf1   Thumb Code    24  list.o(i.vListInsertEnd)
    vPortEnterCritical                       0x08003c09   Thumb Code    54  port.o(i.vPortEnterCritical)
    vPortExitCritical                        0x08003c49   Thumb Code    34  port.o(i.vPortExitCritical)
    vPortFree                                0x08003c71   Thumb Code    88  heap_4.o(i.vPortFree)
    vPortSetupTimerInterrupt                 0x08003ccd   Thumb Code    32  port.o(i.vPortSetupTimerInterrupt)
    vPortValidateInterruptPriority           0x08003cf1   Thumb Code    74  port.o(i.vPortValidateInterruptPriority)
    vQueueAddToRegistry                      0x08003d45   Thumb Code    34  queue.o(i.vQueueAddToRegistry)
    vQueueWaitForMessageRestricted           0x08003d6d   Thumb Code    68  queue.o(i.vQueueWaitForMessageRestricted)
    vTaskDelay                               0x08003db1   Thumb Code    66  tasks.o(i.vTaskDelay)
    vTaskInternalSetTimeOutState             0x08003dfd   Thumb Code    12  tasks.o(i.vTaskInternalSetTimeOutState)
    vTaskMissedYield                         0x08003e0d   Thumb Code     8  tasks.o(i.vTaskMissedYield)
    vTaskPlaceOnEventList                    0x08003e19   Thumb Code    44  tasks.o(i.vTaskPlaceOnEventList)
    vTaskPlaceOnEventListRestricted          0x08003e49   Thumb Code    52  tasks.o(i.vTaskPlaceOnEventListRestricted)
    vTaskPriorityDisinheritAfterTimeout      0x08003e81   Thumb Code   134  tasks.o(i.vTaskPriorityDisinheritAfterTimeout)
    vTaskStartScheduler                      0x08003f11   Thumb Code   118  tasks.o(i.vTaskStartScheduler)
    vTaskSuspendAll                          0x08003f99   Thumb Code    10  tasks.o(i.vTaskSuspendAll)
    vTaskSwitchContext                       0x08003fa9   Thumb Code    90  tasks.o(i.vTaskSwitchContext)
    xPortStartScheduler                      0x0800400d   Thumb Code   154  port.o(i.xPortStartScheduler)
    xQueueAddToSet                           0x080040b5   Thumb Code    34  queue.o(i.xQueueAddToSet)
    xQueueCreateSet                          0x080040d7   Thumb Code     8  queue.o(i.xQueueCreateSet)
    xQueueGenericCreate                      0x080040df   Thumb Code    72  queue.o(i.xQueueGenericCreate)
    xQueueGenericCreateStatic                0x08004127   Thumb Code   102  queue.o(i.xQueueGenericCreateStatic)
    xQueueGenericReset                       0x0800418d   Thumb Code   132  queue.o(i.xQueueGenericReset)
    xQueueGenericSend                        0x08004215   Thumb Code   360  queue.o(i.xQueueGenericSend)
    xQueueGenericSendFromISR                 0x08004381   Thumb Code   202  queue.o(i.xQueueGenericSendFromISR)
    xQueueGiveFromISR                        0x0800444b   Thumb Code   174  queue.o(i.xQueueGiveFromISR)
    xQueueReceive                            0x080044f9   Thumb Code   308  queue.o(i.xQueueReceive)
    xQueueSelectFromSet                      0x08004631   Thumb Code    18  queue.o(i.xQueueSelectFromSet)
    xQueueSemaphoreTake                      0x08004645   Thumb Code   372  queue.o(i.xQueueSemaphoreTake)
    xTaskCheckForTimeOut                     0x080047bd   Thumb Code   112  tasks.o(i.xTaskCheckForTimeOut)
    xTaskCreate                              0x08004831   Thumb Code    90  tasks.o(i.xTaskCreate)
    xTaskCreateStatic                        0x0800488b   Thumb Code    86  tasks.o(i.xTaskCreateStatic)
    xTaskGetSchedulerState                   0x080048e1   Thumb Code    22  tasks.o(i.xTaskGetSchedulerState)
    xTaskGetTickCount                        0x080048fd   Thumb Code     6  tasks.o(i.xTaskGetTickCount)
    xTaskIncrementTick                       0x08004909   Thumb Code   190  tasks.o(i.xTaskIncrementTick)
    xTaskPriorityDisinherit                  0x080049d1   Thumb Code   118  tasks.o(i.xTaskPriorityDisinherit)
    xTaskPriorityInherit                     0x08004a51   Thumb Code   112  tasks.o(i.xTaskPriorityInherit)
    xTaskRemoveFromEventList                 0x08004ac9   Thumb Code    98  tasks.o(i.xTaskRemoveFromEventList)
    xTaskResumeAll                           0x08004b39   Thumb Code   182  tasks.o(i.xTaskResumeAll)
    xTimerCreate                             0x08004bfd   Thumb Code    52  timers.o(i.xTimerCreate)
    xTimerCreateTimerTask                    0x08004c31   Thumb Code    78  timers.o(i.xTimerCreateTimerTask)
    xTimerGenericCommand                     0x08004c91   Thumb Code    98  timers.o(i.xTimerGenericCommand)
    __aeabi_d2f                              0x08004cf9   Thumb Code     0  d2f.o(x$fpl$d2f)
    _d2f                                     0x08004cf9   Thumb Code    98  d2f.o(x$fpl$d2f)
    __aeabi_ui2d                             0x08004d5b   Thumb Code     0  dflt_clz.o(x$fpl$dfltu)
    _dfltu                                   0x08004d5b   Thumb Code    38  dflt_clz.o(x$fpl$dfltu)
    __aeabi_dmul                             0x08004d81   Thumb Code     0  dmul.o(x$fpl$dmul)
    _dmul                                    0x08004d81   Thumb Code   332  dmul.o(x$fpl$dmul)
    __fpl_dnaninf                            0x08004ed5   Thumb Code   156  dnaninf.o(x$fpl$dnaninf)
    __fpl_dretinf                            0x08004f71   Thumb Code    12  dretinf.o(x$fpl$dretinf)
    __fpl_fcheck_NaN1                        0x08004f7d   Thumb Code     6  fcheck1.o(x$fpl$fcheck1)
    __fpl_fretinf                            0x08004f89   Thumb Code    10  fretinf.o(x$fpl$fretinf)
    __fpl_return_NaN                         0x08004f93   Thumb Code   100  retnan.o(x$fpl$retnan)
    __ARM_scalbnf                            0x08004ff7   Thumb Code    76  scalbnf.o(x$fpl$scalbnf)
    __fpl_cmpreturn                          0x08005043   Thumb Code    48  trapv.o(x$fpl$trapveneer)
    __I$use$fp                               0x08005072   Number         0  usenofp.o(x$fpl$usenofp)
    defaultTask_attributes                   0x08005074   Data          36  freertos.o(.constdata)
    AHBPrescTable                            0x080050bc   Data          16  system_stm32f1xx.o(.constdata)
    APBPrescTable                            0x080050cc   Data           8  system_stm32f1xx.o(.constdata)
    Region$$Table$$Base                      0x080050e0   Number         0  anon$$obj.o(Region$$Table)
    Region$$Table$$Limit                     0x08005100   Number         0  anon$$obj.o(Region$$Table)
    defaultTaskHandle                        0x20000000   Data           4  freertos.o(.data)
    uwTickFreq                               0x20000004   Data           1  stm32f1xx_hal.o(.data)
    uwTickPrio                               0x20000008   Data           4  stm32f1xx_hal.o(.data)
    uwTick                                   0x2000000c   Data           4  stm32f1xx_hal.o(.data)
    SystemCoreClock                          0x20000010   Data           4  system_stm32f1xx.o(.data)
    pxCurrentTCB                             0x20000014   Data           4  tasks.o(.data)
    hcan1                                    0x20000090   Data           4  my_can.o(.data)
    recvBuf                                  0x200000a8   Data           8  my_can.o(.data)
    Uart1Rx_char                             0x200000d8   Data           1  my_usart.o(.data)
    Uart2Rx_char                             0x200000d9   Data           1  my_usart.o(.data)
    Uart1Rx_Counter                          0x200000da   Data           2  my_usart.o(.data)
    Uart1Rx_Counter_Up                       0x200000dc   Data           2  my_usart.o(.data)
    Uart2Rx_Counter                          0x200000de   Data           2  my_usart.o(.data)
    Uart2Rx_Counter_Up                       0x200000e0   Data           2  my_usart.o(.data)
    hadc1                                    0x2000010c   Data          48  adc.o(.bss)
    hcan                                     0x2000013c   Data          40  can.o(.bss)
    huart1                                   0x20000164   Data          72  usart.o(.bss)
    huart2                                   0x200001ac   Data          72  usart.o(.bss)
    htim4                                    0x200001f4   Data          72  stm32f1xx_hal_timebase_tim.o(.bss)
    xQueueRegistry                           0x2000023c   Data          64  queue.o(.bss)
    can_Filter                               0x20001b14   Data          40  my_can.o(.bss)
    can_Tx                                   0x20001b4c   Data          24  my_can.o(.bss)
    can_Rx                                   0x20001b74   Data          28  my_can.o(.bss)
    MP3_Thread_Buffer                        0x20002df4   Data         512  my_voice.o(.bss)
    __libspace_start                         0x20002ff4   Data          96  libspace.o(.bss)
    __temporary_stack_top$libspace           0x20003054   Data           0  libspace.o(.bss)



==============================================================================

Memory Map of the image

  Image Entry point : 0x080000ed

  Load Region LR_IROM1 (Base: 0x08000000, Size: 0x0000520c, Max: 0x00010000, ABSOLUTE)

    Execution Region ER_IROM1 (Exec base: 0x08000000, Load base: 0x08000000, Size: 0x00005100, Max: 0x00010000, ABSOLUTE)

    Exec Addr    Load Addr    Size         Type   Attr      Idx    E Section Name        Object

    0x08000000   0x08000000   0x000000ec   Data   RO            3    RESET               startup_stm32f103xb.o
    0x080000ec   0x080000ec   0x00000008   Code   RO         5792  * !!!main             c_w.l(__main.o)
    0x080000f4   0x080000f4   0x00000034   Code   RO         6145    !!!scatter          c_w.l(__scatter.o)
    0x08000128   0x08000128   0x0000001a   Code   RO         6147    !!handler_copy      c_w.l(__scatter_copy.o)
    0x08000142   0x08000142   0x00000002   PAD
    0x08000144   0x08000144   0x0000001c   Code   RO         6149    !!handler_zi        c_w.l(__scatter_zi.o)
    0x08000160   0x08000160   0x00000002   Code   RO         6002    .ARM.Collect$$libinit$$00000000  c_w.l(libinit.o)
    0x08000162   0x08000162   0x00000000   Code   RO         6020    .ARM.Collect$$libinit$$00000002  c_w.l(libinit2.o)
    0x08000162   0x08000162   0x00000000   Code   RO         6022    .ARM.Collect$$libinit$$00000004  c_w.l(libinit2.o)
    0x08000162   0x08000162   0x00000000   Code   RO         6025    .ARM.Collect$$libinit$$0000000A  c_w.l(libinit2.o)
    0x08000162   0x08000162   0x00000000   Code   RO         6027    .ARM.Collect$$libinit$$0000000C  c_w.l(libinit2.o)
    0x08000162   0x08000162   0x00000000   Code   RO         6029    .ARM.Collect$$libinit$$0000000E  c_w.l(libinit2.o)
    0x08000162   0x08000162   0x00000000   Code   RO         6032    .ARM.Collect$$libinit$$00000011  c_w.l(libinit2.o)
    0x08000162   0x08000162   0x00000000   Code   RO         6034    .ARM.Collect$$libinit$$00000013  c_w.l(libinit2.o)
    0x08000162   0x08000162   0x00000000   Code   RO         6036    .ARM.Collect$$libinit$$00000015  c_w.l(libinit2.o)
    0x08000162   0x08000162   0x00000000   Code   RO         6038    .ARM.Collect$$libinit$$00000017  c_w.l(libinit2.o)
    0x08000162   0x08000162   0x00000000   Code   RO         6040    .ARM.Collect$$libinit$$00000019  c_w.l(libinit2.o)
    0x08000162   0x08000162   0x00000000   Code   RO         6042    .ARM.Collect$$libinit$$0000001B  c_w.l(libinit2.o)
    0x08000162   0x08000162   0x00000000   Code   RO         6044    .ARM.Collect$$libinit$$0000001D  c_w.l(libinit2.o)
    0x08000162   0x08000162   0x00000000   Code   RO         6046    .ARM.Collect$$libinit$$0000001F  c_w.l(libinit2.o)
    0x08000162   0x08000162   0x00000000   Code   RO         6048    .ARM.Collect$$libinit$$00000021  c_w.l(libinit2.o)
    0x08000162   0x08000162   0x00000000   Code   RO         6050    .ARM.Collect$$libinit$$00000023  c_w.l(libinit2.o)
    0x08000162   0x08000162   0x00000000   Code   RO         6052    .ARM.Collect$$libinit$$00000025  c_w.l(libinit2.o)
    0x08000162   0x08000162   0x00000000   Code   RO         6056    .ARM.Collect$$libinit$$0000002C  c_w.l(libinit2.o)
    0x08000162   0x08000162   0x00000000   Code   RO         6058    .ARM.Collect$$libinit$$0000002E  c_w.l(libinit2.o)
    0x08000162   0x08000162   0x00000000   Code   RO         6060    .ARM.Collect$$libinit$$00000030  c_w.l(libinit2.o)
    0x08000162   0x08000162   0x00000000   Code   RO         6062    .ARM.Collect$$libinit$$00000032  c_w.l(libinit2.o)
    0x08000162   0x08000162   0x00000002   Code   RO         6063    .ARM.Collect$$libinit$$00000033  c_w.l(libinit2.o)
    0x08000164   0x08000164   0x00000002   Code   RO         6083    .ARM.Collect$$libshutdown$$00000000  c_w.l(libshutdown.o)
    0x08000166   0x08000166   0x00000000   Code   RO         6096    .ARM.Collect$$libshutdown$$00000002  c_w.l(libshutdown2.o)
    0x08000166   0x08000166   0x00000000   Code   RO         6098    .ARM.Collect$$libshutdown$$00000004  c_w.l(libshutdown2.o)
    0x08000166   0x08000166   0x00000000   Code   RO         6100    .ARM.Collect$$libshutdown$$00000006  c_w.l(libshutdown2.o)
    0x08000166   0x08000166   0x00000000   Code   RO         6103    .ARM.Collect$$libshutdown$$00000009  c_w.l(libshutdown2.o)
    0x08000166   0x08000166   0x00000000   Code   RO         6106    .ARM.Collect$$libshutdown$$0000000C  c_w.l(libshutdown2.o)
    0x08000166   0x08000166   0x00000000   Code   RO         6108    .ARM.Collect$$libshutdown$$0000000E  c_w.l(libshutdown2.o)
    0x08000166   0x08000166   0x00000000   Code   RO         6111    .ARM.Collect$$libshutdown$$00000011  c_w.l(libshutdown2.o)
    0x08000166   0x08000166   0x00000002   Code   RO         6112    .ARM.Collect$$libshutdown$$00000012  c_w.l(libshutdown2.o)
    0x08000168   0x08000168   0x00000000   Code   RO         5806    .ARM.Collect$$rtentry$$00000000  c_w.l(__rtentry.o)
    0x08000168   0x08000168   0x00000000   Code   RO         5922    .ARM.Collect$$rtentry$$00000002  c_w.l(__rtentry2.o)
    0x08000168   0x08000168   0x00000006   Code   RO         5934    .ARM.Collect$$rtentry$$00000004  c_w.l(__rtentry4.o)
    0x0800016e   0x0800016e   0x00000000   Code   RO         5924    .ARM.Collect$$rtentry$$00000009  c_w.l(__rtentry2.o)
    0x0800016e   0x0800016e   0x00000004   Code   RO         5925    .ARM.Collect$$rtentry$$0000000A  c_w.l(__rtentry2.o)
    0x08000172   0x08000172   0x00000000   Code   RO         5927    .ARM.Collect$$rtentry$$0000000C  c_w.l(__rtentry2.o)
    0x08000172   0x08000172   0x00000008   Code   RO         5928    .ARM.Collect$$rtentry$$0000000D  c_w.l(__rtentry2.o)
    0x0800017a   0x0800017a   0x00000002   Code   RO         6012    .ARM.Collect$$rtexit$$00000000  c_w.l(rtexit.o)
    0x0800017c   0x0800017c   0x00000000   Code   RO         6065    .ARM.Collect$$rtexit$$00000002  c_w.l(rtexit2.o)
    0x0800017c   0x0800017c   0x00000004   Code   RO         6066    .ARM.Collect$$rtexit$$00000003  c_w.l(rtexit2.o)
    0x08000180   0x08000180   0x00000006   Code   RO         6067    .ARM.Collect$$rtexit$$00000004  c_w.l(rtexit2.o)
    0x08000186   0x08000186   0x00000002   PAD
    0x08000188   0x08000188   0x00000096   Code   RO         5018    .emb_text           port.o
    0x0800021e   0x0800021e   0x00000002   PAD
    0x08000220   0x08000220   0x00000040   Code   RO            4    .text               startup_stm32f103xb.o
    0x08000260   0x08000260   0x0000008a   Code   RO         5782    .text               c_w.l(rt_memcpy_v6.o)
    0x080002ea   0x080002ea   0x00000010   Code   RO         5786    .text               c_w.l(aeabi_memset.o)
    0x080002fa   0x080002fa   0x0000004e   Code   RO         5788    .text               c_w.l(rt_memclr_w.o)
    0x08000348   0x08000348   0x00000006   Code   RO         5790    .text               c_w.l(heapauxi.o)
    0x0800034e   0x0800034e   0x00000064   Code   RO         5900    .text               c_w.l(rt_memcpy_w.o)
    0x080003b2   0x080003b2   0x00000044   Code   RO         5902    .text               c_w.l(rt_memclr.o)
    0x080003f6   0x080003f6   0x0000004a   Code   RO         5956    .text               c_w.l(sys_stackheap_outer.o)
    0x08000440   0x08000440   0x00000012   Code   RO         5995    .text               c_w.l(exit.o)
    0x08000452   0x08000452   0x00000002   PAD
    0x08000454   0x08000454   0x00000008   Code   RO         6009    .text               c_w.l(libspace.o)
    0x0800045c   0x0800045c   0x0000000c   Code   RO         6075    .text               c_w.l(sys_exit.o)
    0x08000468   0x08000468   0x00000002   Code   RO         6086    .text               c_w.l(use_no_semi.o)
    0x0800046a   0x0800046a   0x00000000   Code   RO         6088    .text               c_w.l(indicate_semi.o)
    0x0800046a   0x0800046a   0x00000002   PAD
    0x0800046c   0x0800046c   0x00000056   Code   RO          586    i.ADC_ConversionStop_Disable  stm32f1xx_hal_adc.o
    0x080004c2   0x080004c2   0x00000002   PAD
    0x080004c4   0x080004c4   0x0000007c   Code   RO          590    i.ADC_Enable        stm32f1xx_hal_adc.o
    0x08000540   0x08000540   0x000000b8   Code   RO         5410    i.ADC_GETDATA_Thread  my_adc.o
    0x080005f8   0x080005f8   0x00000028   Code   RO         5411    i.ADC_GETDATA_Thread_Start  my_adc.o
    0x08000620   0x08000620   0x00000002   Code   RO          405    i.BusFault_Handler  stm32f1xx_it.o
    0x08000622   0x08000622   0x00000024   Code   RO         5098    i.CAN_DATA_Init     my_can.o
    0x08000646   0x08000646   0x00000002   PAD
    0x08000648   0x08000648   0x0000008c   Code   RO         5101    i.Can_Write_Thread  my_can.o
    0x080006d4   0x080006d4   0x00000024   Code   RO         5102    i.Can_Write_Thread_Start  my_can.o
    0x080006f8   0x080006f8   0x0000005c   Code   RO         5459    i.DHT11_Check       dht11.o
    0x08000754   0x08000754   0x00000044   Code   RO         5460    i.DHT11_GETDATA_Thread  dht11.o
    0x08000798   0x08000798   0x00000024   Code   RO         5461    i.DHT11_GETDATA_Thread_Start  dht11.o
    0x080007bc   0x080007bc   0x00000020   Code   RO         5462    i.DHT11_IO_IN       dht11.o
    0x080007dc   0x080007dc   0x0000002c   Code   RO         5463    i.DHT11_IO_OUT_High  dht11.o
    0x08000808   0x08000808   0x0000002c   Code   RO         5464    i.DHT11_IO_OUT_Low  dht11.o
    0x08000834   0x08000834   0x0000005c   Code   RO         5465    i.DHT11_Read_Bit    dht11.o
    0x08000890   0x08000890   0x0000001a   Code   RO         5466    i.DHT11_Read_Byte   dht11.o
    0x080008aa   0x080008aa   0x00000050   Code   RO         5467    i.DHT11_Read_Data   dht11.o
    0x080008fa   0x080008fa   0x0000001a   Code   RO         5468    i.DHT11_Rst         dht11.o
    0x08000914   0x08000914   0x00000002   Code   RO          406    i.DebugMon_Handler  stm32f1xx_it.o
    0x08000916   0x08000916   0x00000004   Code   RO           13    i.Error_Handler     main.o
    0x0800091a   0x0800091a   0x00000002   PAD
    0x0800091c   0x0800091c   0x000000d8   Code   RO          766    i.HAL_ADCEx_Calibration_Start  stm32f1xx_hal_adc_ex.o
    0x080009f4   0x080009f4   0x000000fc   Code   RO          592    i.HAL_ADC_ConfigChannel  stm32f1xx_hal_adc.o
    0x08000af0   0x08000af0   0x00000006   Code   RO          599    i.HAL_ADC_GetValue  stm32f1xx_hal_adc.o
    0x08000af6   0x08000af6   0x00000002   PAD
    0x08000af8   0x08000af8   0x0000011c   Code   RO          601    i.HAL_ADC_Init      stm32f1xx_hal_adc.o
    0x08000c14   0x08000c14   0x00000058   Code   RO          274    i.HAL_ADC_MspInit   adc.o
    0x08000c6c   0x08000c6c   0x0000013c   Code   RO          605    i.HAL_ADC_PollForConversion  stm32f1xx_hal_adc.o
    0x08000da8   0x08000da8   0x000000c0   Code   RO          607    i.HAL_ADC_Start     stm32f1xx_hal_adc.o
    0x08000e68   0x08000e68   0x000000d0   Code   RO         1841    i.HAL_CAN_AddTxMessage  stm32f1xx_hal_can.o
    0x08000f38   0x08000f38   0x00000002   Code   RO         1845    i.HAL_CAN_ErrorCallback  stm32f1xx_hal_can.o
    0x08000f3a   0x08000f3a   0x000000f4   Code   RO         1848    i.HAL_CAN_GetRxMessage  stm32f1xx_hal_can.o
    0x0800102e   0x0800102e   0x000001fc   Code   RO         1852    i.HAL_CAN_IRQHandler  stm32f1xx_hal_can.o
    0x0800122a   0x0800122a   0x0000011a   Code   RO         1853    i.HAL_CAN_Init      stm32f1xx_hal_can.o
    0x08001344   0x08001344   0x0000007c   Code   RO          316    i.HAL_CAN_MspInit   can.o
    0x080013c0   0x080013c0   0x00000002   Code   RO         1860    i.HAL_CAN_RxFifo0FullCallback  stm32f1xx_hal_can.o
    0x080013c2   0x080013c2   0x00000002   PAD
    0x080013c4   0x080013c4   0x00000060   Code   RO         5103    i.HAL_CAN_RxFifo0MsgPendingCallback  my_can.o
    0x08001424   0x08001424   0x00000002   Code   RO         1862    i.HAL_CAN_RxFifo1FullCallback  stm32f1xx_hal_can.o
    0x08001426   0x08001426   0x00000002   Code   RO         1863    i.HAL_CAN_RxFifo1MsgPendingCallback  stm32f1xx_hal_can.o
    0x08001428   0x08001428   0x00000002   Code   RO         1864    i.HAL_CAN_SleepCallback  stm32f1xx_hal_can.o
    0x0800142a   0x0800142a   0x00000002   PAD
    0x0800142c   0x0800142c   0x00000058   Code   RO         1865    i.HAL_CAN_Start     stm32f1xx_hal_can.o
    0x08001484   0x08001484   0x00000002   Code   RO         1867    i.HAL_CAN_TxMailbox0AbortCallback  stm32f1xx_hal_can.o
    0x08001486   0x08001486   0x00000002   Code   RO         1868    i.HAL_CAN_TxMailbox0CompleteCallback  stm32f1xx_hal_can.o
    0x08001488   0x08001488   0x00000002   Code   RO         1869    i.HAL_CAN_TxMailbox1AbortCallback  stm32f1xx_hal_can.o
    0x0800148a   0x0800148a   0x00000002   Code   RO         1870    i.HAL_CAN_TxMailbox1CompleteCallback  stm32f1xx_hal_can.o
    0x0800148c   0x0800148c   0x00000002   Code   RO         1871    i.HAL_CAN_TxMailbox2AbortCallback  stm32f1xx_hal_can.o
    0x0800148e   0x0800148e   0x00000002   Code   RO         1872    i.HAL_CAN_TxMailbox2CompleteCallback  stm32f1xx_hal_can.o
    0x08001490   0x08001490   0x00000002   Code   RO         1874    i.HAL_CAN_WakeUpFromRxMsgCallback  stm32f1xx_hal_can.o
    0x08001492   0x08001492   0x00000046   Code   RO         1243    i.HAL_DMA_Abort     stm32f1xx_hal_dma.o
    0x080014d8   0x080014d8   0x00000098   Code   RO         1244    i.HAL_DMA_Abort_IT  stm32f1xx_hal_dma.o
    0x08001570   0x08001570   0x000001e0   Code   RO         1179    i.HAL_GPIO_Init     stm32f1xx_hal_gpio.o
    0x08001750   0x08001750   0x0000000a   Code   RO         1181    i.HAL_GPIO_ReadPin  stm32f1xx_hal_gpio.o
    0x0800175a   0x0800175a   0x0000000a   Code   RO         1183    i.HAL_GPIO_WritePin  stm32f1xx_hal_gpio.o
    0x08001764   0x08001764   0x0000000c   Code   RO          873    i.HAL_GetTick       stm32f1xx_hal.o
    0x08001770   0x08001770   0x00000010   Code   RO          879    i.HAL_IncTick       stm32f1xx_hal.o
    0x08001780   0x08001780   0x00000024   Code   RO          880    i.HAL_Init          stm32f1xx_hal.o
    0x080017a4   0x080017a4   0x00000098   Code   RO          511    i.HAL_InitTick      stm32f1xx_hal_timebase_tim.o
    0x0800183c   0x0800183c   0x00000048   Code   RO          487    i.HAL_MspInit       stm32f1xx_hal_msp.o
    0x08001884   0x08001884   0x0000001a   Code   RO         1339    i.HAL_NVIC_EnableIRQ  stm32f1xx_hal_cortex.o
    0x0800189e   0x0800189e   0x00000002   PAD
    0x080018a0   0x080018a0   0x00000040   Code   RO         1345    i.HAL_NVIC_SetPriority  stm32f1xx_hal_cortex.o
    0x080018e0   0x080018e0   0x00000024   Code   RO         1346    i.HAL_NVIC_SetPriorityGrouping  stm32f1xx_hal_cortex.o
    0x08001904   0x08001904   0x000000a4   Code   RO         1140    i.HAL_RCCEx_GetPeriphCLKFreq  stm32f1xx_hal_rcc_ex.o
    0x080019a8   0x080019a8   0x000000ec   Code   RO         1141    i.HAL_RCCEx_PeriphCLKConfig  stm32f1xx_hal_rcc_ex.o
    0x08001a94   0x08001a94   0x0000012c   Code   RO         1037    i.HAL_RCC_ClockConfig  stm32f1xx_hal_rcc.o
    0x08001bc0   0x08001bc0   0x00000040   Code   RO         1041    i.HAL_RCC_GetClockConfig  stm32f1xx_hal_rcc.o
    0x08001c00   0x08001c00   0x00000020   Code   RO         1044    i.HAL_RCC_GetPCLK1Freq  stm32f1xx_hal_rcc.o
    0x08001c20   0x08001c20   0x00000020   Code   RO         1045    i.HAL_RCC_GetPCLK2Freq  stm32f1xx_hal_rcc.o
    0x08001c40   0x08001c40   0x0000004c   Code   RO         1046    i.HAL_RCC_GetSysClockFreq  stm32f1xx_hal_rcc.o
    0x08001c8c   0x08001c8c   0x00000320   Code   RO         1049    i.HAL_RCC_OscConfig  stm32f1xx_hal_rcc.o
    0x08001fac   0x08001fac   0x00000002   Code   RO         2779    i.HAL_TIMEx_BreakCallback  stm32f1xx_hal_tim_ex.o
    0x08001fae   0x08001fae   0x00000002   Code   RO         2780    i.HAL_TIMEx_CommutCallback  stm32f1xx_hal_tim_ex.o
    0x08001fb0   0x08001fb0   0x0000005a   Code   RO         2075    i.HAL_TIM_Base_Init  stm32f1xx_hal_tim.o
    0x0800200a   0x0800200a   0x00000002   Code   RO         2077    i.HAL_TIM_Base_MspInit  stm32f1xx_hal_tim.o
    0x0800200c   0x0800200c   0x00000058   Code   RO         2080    i.HAL_TIM_Base_Start_IT  stm32f1xx_hal_tim.o
    0x08002064   0x08002064   0x00000002   Code   RO         2109    i.HAL_TIM_IC_CaptureCallback  stm32f1xx_hal_tim.o
    0x08002066   0x08002066   0x00000166   Code   RO         2123    i.HAL_TIM_IRQHandler  stm32f1xx_hal_tim.o
    0x080021cc   0x080021cc   0x00000002   Code   RO         2126    i.HAL_TIM_OC_DelayElapsedCallback  stm32f1xx_hal_tim.o
    0x080021ce   0x080021ce   0x00000002   Code   RO         2153    i.HAL_TIM_PWM_PulseFinishedCallback  stm32f1xx_hal_tim.o
    0x080021d0   0x080021d0   0x00000014   Code   RO           14    i.HAL_TIM_PeriodElapsedCallback  main.o
    0x080021e4   0x080021e4   0x00000002   Code   RO         2166    i.HAL_TIM_TriggerCallback  stm32f1xx_hal_tim.o
    0x080021e6   0x080021e6   0x00000002   Code   RO         3058    i.HAL_UARTEx_RxEventCallback  stm32f1xx_hal_uart.o
    0x080021e8   0x080021e8   0x00000002   Code   RO         3072    i.HAL_UART_ErrorCallback  stm32f1xx_hal_uart.o
    0x080021ea   0x080021ea   0x00000002   PAD
    0x080021ec   0x080021ec   0x0000026c   Code   RO         3075    i.HAL_UART_IRQHandler  stm32f1xx_hal_uart.o
    0x08002458   0x08002458   0x00000064   Code   RO         3076    i.HAL_UART_Init     stm32f1xx_hal_uart.o
    0x080024bc   0x080024bc   0x000000d8   Code   RO          358    i.HAL_UART_MspInit  usart.o
    0x08002594   0x08002594   0x0000001c   Code   RO         3081    i.HAL_UART_Receive_IT  stm32f1xx_hal_uart.o
    0x080025b0   0x080025b0   0x00000080   Code   RO         5560    i.HAL_UART_RxCpltCallback  my_usart.o
    0x08002630   0x08002630   0x00000032   Code   RO         3086    i.HAL_UART_Transmit_IT  stm32f1xx_hal_uart.o
    0x08002662   0x08002662   0x00000002   PAD
    0x08002664   0x08002664   0x00000034   Code   RO         5561    i.HAL_UART_TxCpltCallback  my_usart.o
    0x08002698   0x08002698   0x00000002   Code   RO          407    i.HardFault_Handler  stm32f1xx_it.o
    0x0800269a   0x0800269a   0x00000002   PAD
    0x0800269c   0x0800269c   0x00000028   Code   RO         5104    i.Init_My_CAN       my_can.o
    0x080026c4   0x080026c4   0x000000c8   Code   RO         5671    i.MP3_Thread        my_voice.o
    0x0800278c   0x0800278c   0x00000028   Code   RO         5672    i.MP3_Thread_Start  my_voice.o
    0x080027b4   0x080027b4   0x00000050   Code   RO          275    i.MX_ADC1_Init      adc.o
    0x08002804   0x08002804   0x00000044   Code   RO          317    i.MX_CAN_Init       can.o
    0x08002848   0x08002848   0x00000024   Code   RO          218    i.MX_FREERTOS_Init  freertos.o
    0x0800286c   0x0800286c   0x00000070   Code   RO          194    i.MX_GPIO_Init      gpio.o
    0x080028dc   0x080028dc   0x00000038   Code   RO          359    i.MX_USART1_UART_Init  usart.o
    0x08002914   0x08002914   0x00000038   Code   RO          360    i.MX_USART2_UART_Init  usart.o
    0x0800294c   0x0800294c   0x00000088   Code   RO         5189    i.Main_Init_Start   main_task.o
    0x080029d4   0x080029d4   0x0000007c   Code   RO         5190    i.Main_Thread       main_task.o
    0x08002a50   0x08002a50   0x00000028   Code   RO         5191    i.Main_Thread_Start  main_task.o
    0x08002a78   0x08002a78   0x00000002   Code   RO          408    i.MemManage_Handler  stm32f1xx_it.o
    0x08002a7a   0x08002a7a   0x00000002   PAD
    0x08002a7c   0x08002a7c   0x00000044   Code   RO         5673    i.Music_Get         my_voice.o
    0x08002ac0   0x08002ac0   0x00000054   Code   RO         5562    i.MyATimerCallback  my_usart.o
    0x08002b14   0x08002b14   0x00000020   Code   RO         5412    i.My_ADC_Init       my_adc.o
    0x08002b34   0x08002b34   0x00000018   Code   RO         5469    i.My_DHT11_Init     dht11.o
    0x08002b4c   0x08002b4c   0x0000007c   Code   RO         5563    i.My_Uart1_Init     my_usart.o
    0x08002bc8   0x08002bc8   0x00000002   Code   RO          409    i.NMI_Handler       stm32f1xx_it.o
    0x08002bca   0x08002bca   0x00000002   PAD
    0x08002bcc   0x08002bcc   0x0000000c   Code   RO         5413    i.ReADC_QueueStruct  my_adc.o
    0x08002bd8   0x08002bd8   0x0000000c   Code   RO         5106    i.ReCanTxQueueStruct  my_can.o
    0x08002be4   0x08002be4   0x0000000c   Code   RO         5470    i.ReDHT11_QueueStruct  dht11.o
    0x08002bf0   0x08002bf0   0x0000000c   Code   RO         5674    i.ReMP3_QueueStruct  my_voice.o
    0x08002bfc   0x08002bfc   0x0000001c   Code   RO         5193    i.Read_ADC_Queue    main_task.o
    0x08002c18   0x08002c18   0x00000020   Code   RO         5194    i.Read_DHT11_Queue  main_task.o
    0x08002c38   0x08002c38   0x00000008   Code   RO          219    i.StartDefaultTask  freertos.o
    0x08002c40   0x08002c40   0x00000028   Code   RO         5567    i.Stm32_uart1_Send  my_usart.o
    0x08002c68   0x08002c68   0x00000028   Code   RO         5568    i.Stm32_uart2_Send  my_usart.o
    0x08002c90   0x08002c90   0x0000002c   Code   RO         5019    i.SysTick_Handler   port.o
    0x08002cbc   0x08002cbc   0x00000078   Code   RO           15    i.SystemClock_Config  main.o
    0x08002d34   0x08002d34   0x00000002   Code   RO         3410    i.SystemInit        system_stm32f1xx.o
    0x08002d36   0x08002d36   0x00000002   PAD
    0x08002d38   0x08002d38   0x0000000c   Code   RO          410    i.TIM4_IRQHandler   stm32f1xx_it.o
    0x08002d44   0x08002d44   0x0000006c   Code   RO         2168    i.TIM_Base_SetConfig  stm32f1xx_hal_tim.o
    0x08002db0   0x08002db0   0x00000010   Code   RO         3089    i.UART_DMAAbortOnError  stm32f1xx_hal_uart.o
    0x08002dc0   0x08002dc0   0x0000004e   Code   RO         3099    i.UART_EndRxTransfer  stm32f1xx_hal_uart.o
    0x08002e0e   0x08002e0e   0x000000c2   Code   RO         3101    i.UART_Receive_IT   stm32f1xx_hal_uart.o
    0x08002ed0   0x08002ed0   0x000000b8   Code   RO         3102    i.UART_SetConfig    stm32f1xx_hal_uart.o
    0x08002f88   0x08002f88   0x00000036   Code   RO         3104    i.UART_Start_Receive_IT  stm32f1xx_hal_uart.o
    0x08002fbe   0x08002fbe   0x00000002   PAD
    0x08002fc0   0x08002fc0   0x0000000c   Code   RO          411    i.USART1_IRQHandler  stm32f1xx_it.o
    0x08002fcc   0x08002fcc   0x0000000c   Code   RO          412    i.USART2_IRQHandler  stm32f1xx_it.o
    0x08002fd8   0x08002fd8   0x0000000c   Code   RO          413    i.USB_LP_CAN1_RX0_IRQHandler  stm32f1xx_it.o
    0x08002fe4   0x08002fe4   0x0000001c   Code   RO         5569    i.Uart1Rx_Buffer_Close  my_usart.o
    0x08003000   0x08003000   0x0000001c   Code   RO         5570    i.Uart2Rx_Buffer_Close  my_usart.o
    0x0800301c   0x0800301c   0x00000002   Code   RO          414    i.UsageFault_Handler  stm32f1xx_it.o
    0x0800301e   0x0800301e   0x00000028   Code   RO         5572    i.Usart_TX_Data     my_usart.o
    0x08003046   0x08003046   0x00000002   PAD
    0x08003048   0x08003048   0x00000010   Code   RO         5675    i.Voice_Get         my_voice.o
    0x08003058   0x08003058   0x00000018   Code   RO         5676    i.Voice_Init        my_voice.o
    0x08003070   0x08003070   0x00000030   Code   RO         5677    i.Volume_Get        my_voice.o
    0x080030a0   0x080030a0   0x00000020   Code   RO         1352    i.__NVIC_SetPriority  stm32f1xx_hal_cortex.o
    0x080030c0   0x080030c0   0x00000032   Code   RO         5471    i.delay_us          dht11.o
    0x080030f2   0x080030f2   0x0000002a   Code   RO           16    i.main              main.o
    0x0800311c   0x0800311c   0x00000038   Code   RO         4562    i.osKernelInitialize  cmsis_os2.o
    0x08003154   0x08003154   0x00000040   Code   RO         4565    i.osKernelStart     cmsis_os2.o
    0x08003194   0x08003194   0x000000a4   Code   RO         4599    i.osThreadNew       cmsis_os2.o
    0x08003238   0x08003238   0x0000005c   Code   RO         4044    i.prvAddCurrentTaskToDelayedList  tasks.o
    0x08003294   0x08003294   0x000000d0   Code   RO         4045    i.prvAddNewTaskToReadyList  tasks.o
    0x08003364   0x08003364   0x00000058   Code   RO         4394    i.prvCheckForValidListAndQueue  timers.o
    0x080033bc   0x080033bc   0x00000026   Code   RO         3615    i.prvCopyDataFromQueue  queue.o
    0x080033e2   0x080033e2   0x0000006c   Code   RO         3616    i.prvCopyDataToQueue  queue.o
    0x0800344e   0x0800344e   0x00000034   Code   RO         4046    i.prvDeleteTCB      tasks.o
    0x08003482   0x08003482   0x00000002   PAD
    0x08003484   0x08003484   0x0000004c   Code   RO         4969    i.prvHeapInit       heap_4.o
    0x080034d0   0x080034d0   0x00000060   Code   RO         4047    i.prvIdleTask       tasks.o
    0x08003530   0x08003530   0x00000026   Code   RO         3618    i.prvInitialiseNewQueue  queue.o
    0x08003556   0x08003556   0x0000009c   Code   RO         4048    i.prvInitialiseNewTask  tasks.o
    0x080035f2   0x080035f2   0x00000044   Code   RO         4395    i.prvInitialiseNewTimer  timers.o
    0x08003636   0x08003636   0x00000002   PAD
    0x08003638   0x08003638   0x0000004c   Code   RO         4970    i.prvInsertBlockIntoFreeList  heap_4.o
    0x08003684   0x08003684   0x00000038   Code   RO         4396    i.prvInsertTimerInActiveList  timers.o
    0x080036bc   0x080036bc   0x0000001c   Code   RO         3619    i.prvIsQueueEmpty   queue.o
    0x080036d8   0x080036d8   0x0000006c   Code   RO         3620    i.prvNotifyQueueSetContainer  queue.o
    0x08003744   0x08003744   0x000000cc   Code   RO         4397    i.prvProcessReceivedCommands  timers.o
    0x08003810   0x08003810   0x000000b4   Code   RO         4398    i.prvProcessTimerOrBlockTask  timers.o
    0x080038c4   0x080038c4   0x00000020   Code   RO         4050    i.prvResetNextTaskUnblockTime  tasks.o
    0x080038e4   0x080038e4   0x00000028   Code   RO         4399    i.prvSampleTimeNow  timers.o
    0x0800390c   0x0800390c   0x0000006c   Code   RO         4400    i.prvSwitchTimerLists  timers.o
    0x08003978   0x08003978   0x00000028   Code   RO         5020    i.prvTaskExitError  port.o
    0x080039a0   0x080039a0   0x00000024   Code   RO         4401    i.prvTimerTask      timers.o
    0x080039c4   0x080039c4   0x00000078   Code   RO         3621    i.prvUnlockQueue    queue.o
    0x08003a3c   0x08003a3c   0x000000d8   Code   RO         4971    i.pvPortMalloc      heap_4.o
    0x08003b14   0x08003b14   0x00000018   Code   RO         4053    i.pvTaskIncrementMutexHeldCount  tasks.o
    0x08003b2c   0x08003b2c   0x00000024   Code   RO         5021    i.pxPortInitialiseStack  port.o
    0x08003b50   0x08003b50   0x00000026   Code   RO         3575    i.uxListRemove      list.o
    0x08003b76   0x08003b76   0x00000002   PAD
    0x08003b78   0x08003b78   0x00000014   Code   RO         4611    i.vApplicationGetIdleTaskMemory  cmsis_os2.o
    0x08003b8c   0x08003b8c   0x00000018   Code   RO         4612    i.vApplicationGetTimerTaskMemory  cmsis_os2.o
    0x08003ba4   0x08003ba4   0x00000016   Code   RO         3576    i.vListInitialise   list.o
    0x08003bba   0x08003bba   0x00000006   Code   RO         3577    i.vListInitialiseItem  list.o
    0x08003bc0   0x08003bc0   0x00000030   Code   RO         3578    i.vListInsert       list.o
    0x08003bf0   0x08003bf0   0x00000018   Code   RO         3579    i.vListInsertEnd    list.o
    0x08003c08   0x08003c08   0x00000040   Code   RO         5023    i.vPortEnterCritical  port.o
    0x08003c48   0x08003c48   0x00000028   Code   RO         5024    i.vPortExitCritical  port.o
    0x08003c70   0x08003c70   0x0000005c   Code   RO         4972    i.vPortFree         heap_4.o
    0x08003ccc   0x08003ccc   0x00000024   Code   RO         5025    i.vPortSetupTimerInterrupt  port.o
    0x08003cf0   0x08003cf0   0x00000054   Code   RO         5026    i.vPortValidateInterruptPriority  port.o
    0x08003d44   0x08003d44   0x00000028   Code   RO         3627    i.vQueueAddToRegistry  queue.o
    0x08003d6c   0x08003d6c   0x00000044   Code   RO         3631    i.vQueueWaitForMessageRestricted  queue.o
    0x08003db0   0x08003db0   0x0000004c   Code   RO         4062    i.vTaskDelay        tasks.o
    0x08003dfc   0x08003dfc   0x00000010   Code   RO         4067    i.vTaskInternalSetTimeOutState  tasks.o
    0x08003e0c   0x08003e0c   0x0000000c   Code   RO         4068    i.vTaskMissedYield  tasks.o
    0x08003e18   0x08003e18   0x00000030   Code   RO         4070    i.vTaskPlaceOnEventList  tasks.o
    0x08003e48   0x08003e48   0x00000038   Code   RO         4071    i.vTaskPlaceOnEventListRestricted  tasks.o
    0x08003e80   0x08003e80   0x00000090   Code   RO         4073    i.vTaskPriorityDisinheritAfterTimeout  tasks.o
    0x08003f10   0x08003f10   0x00000088   Code   RO         4079    i.vTaskStartScheduler  tasks.o
    0x08003f98   0x08003f98   0x00000010   Code   RO         4081    i.vTaskSuspendAll   tasks.o
    0x08003fa8   0x08003fa8   0x00000064   Code   RO         4082    i.vTaskSwitchContext  tasks.o
    0x0800400c   0x0800400c   0x000000a8   Code   RO         5027    i.xPortStartScheduler  port.o
    0x080040b4   0x080040b4   0x00000022   Code   RO         3632    i.xQueueAddToSet    queue.o
    0x080040d6   0x080040d6   0x00000008   Code   RO         3637    i.xQueueCreateSet   queue.o
    0x080040de   0x080040de   0x00000048   Code   RO         3638    i.xQueueGenericCreate  queue.o
    0x08004126   0x08004126   0x00000066   Code   RO         3639    i.xQueueGenericCreateStatic  queue.o
    0x0800418c   0x0800418c   0x00000088   Code   RO         3640    i.xQueueGenericReset  queue.o
    0x08004214   0x08004214   0x0000016c   Code   RO         3641    i.xQueueGenericSend  queue.o
    0x08004380   0x08004380   0x000000ca   Code   RO         3642    i.xQueueGenericSendFromISR  queue.o
    0x0800444a   0x0800444a   0x000000ae   Code   RO         3645    i.xQueueGiveFromISR  queue.o
    0x080044f8   0x080044f8   0x00000138   Code   RO         3651    i.xQueueReceive     queue.o
    0x08004630   0x08004630   0x00000012   Code   RO         3654    i.xQueueSelectFromSet  queue.o
    0x08004642   0x08004642   0x00000002   PAD
    0x08004644   0x08004644   0x00000178   Code   RO         3656    i.xQueueSemaphoreTake  queue.o
    0x080047bc   0x080047bc   0x00000074   Code   RO         4083    i.xTaskCheckForTimeOut  tasks.o
    0x08004830   0x08004830   0x0000005a   Code   RO         4084    i.xTaskCreate       tasks.o
    0x0800488a   0x0800488a   0x00000056   Code   RO         4085    i.xTaskCreateStatic  tasks.o
    0x080048e0   0x080048e0   0x0000001c   Code   RO         4089    i.xTaskGetSchedulerState  tasks.o
    0x080048fc   0x080048fc   0x0000000c   Code   RO         4090    i.xTaskGetTickCount  tasks.o
    0x08004908   0x08004908   0x000000c8   Code   RO         4092    i.xTaskIncrementTick  tasks.o
    0x080049d0   0x080049d0   0x00000080   Code   RO         4095    i.xTaskPriorityDisinherit  tasks.o
    0x08004a50   0x08004a50   0x00000078   Code   RO         4096    i.xTaskPriorityInherit  tasks.o
    0x08004ac8   0x08004ac8   0x00000070   Code   RO         4097    i.xTaskRemoveFromEventList  tasks.o
    0x08004b38   0x08004b38   0x000000c4   Code   RO         4098    i.xTaskResumeAll    tasks.o
    0x08004bfc   0x08004bfc   0x00000034   Code   RO         4406    i.xTimerCreate      timers.o
    0x08004c30   0x08004c30   0x00000060   Code   RO         4408    i.xTimerCreateTimerTask  timers.o
    0x08004c90   0x08004c90   0x00000068   Code   RO         4409    i.xTimerGenericCommand  timers.o
    0x08004cf8   0x08004cf8   0x00000062   Code   RO         5794    x$fpl$d2f           fz_ws.l(d2f.o)
    0x08004d5a   0x08004d5a   0x00000026   Code   RO         5796    x$fpl$dfltu         fz_ws.l(dflt_clz.o)
    0x08004d80   0x08004d80   0x00000154   Code   RO         5802    x$fpl$dmul          fz_ws.l(dmul.o)
    0x08004ed4   0x08004ed4   0x0000009c   Code   RO         5904    x$fpl$dnaninf       fz_ws.l(dnaninf.o)
    0x08004f70   0x08004f70   0x0000000c   Code   RO         5906    x$fpl$dretinf       fz_ws.l(dretinf.o)
    0x08004f7c   0x08004f7c   0x0000000c   Code   RO         5908    x$fpl$fcheck1       fz_ws.l(fcheck1.o)
    0x08004f88   0x08004f88   0x0000000a   Code   RO         5910    x$fpl$fretinf       fz_ws.l(fretinf.o)
    0x08004f92   0x08004f92   0x00000064   Code   RO         5954    x$fpl$retnan        fz_ws.l(retnan.o)
    0x08004ff6   0x08004ff6   0x0000004c   Code   RO         5804    x$fpl$scalbnf       fz_ws.l(scalbnf.o)
    0x08005042   0x08005042   0x00000030   Code   RO         6005    x$fpl$trapveneer    fz_ws.l(trapv.o)
    0x08005072   0x08005072   0x00000000   Code   RO         5920    x$fpl$usenofp       fz_ws.l(usenofp.o)
    0x08005072   0x08005072   0x00000002   PAD
    0x08005074   0x08005074   0x00000024   Data   RO          220    .constdata          freertos.o
    0x08005098   0x08005098   0x00000012   Data   RO         1050    .constdata          stm32f1xx_hal_rcc.o
    0x080050aa   0x080050aa   0x00000012   Data   RO         1142    .constdata          stm32f1xx_hal_rcc_ex.o
    0x080050bc   0x080050bc   0x00000010   Data   RO         3411    .constdata          system_stm32f1xx.o
    0x080050cc   0x080050cc   0x00000008   Data   RO         3412    .constdata          system_stm32f1xx.o
    0x080050d4   0x080050d4   0x0000000c   Data   RO          221    .conststring        freertos.o
    0x080050e0   0x080050e0   0x00000020   Data   RO         6143    Region$$Table       anon$$obj.o


    Execution Region RW_IRAM1 (Exec base: 0x20000000, Load base: 0x08005100, Size: 0x00003658, Max: 0x00005000, ABSOLUTE)

    Exec Addr    Load Addr    Size         Type   Attr      Idx    E Section Name        Object

    0x20000000   0x08005100   0x00000004   Data   RW          222    .data               freertos.o
    0x20000004   0x08005104   0x0000000c   Data   RW          887    .data               stm32f1xx_hal.o
    0x20000010   0x08005110   0x00000004   Data   RW         3413    .data               system_stm32f1xx.o
    0x20000014   0x08005114   0x0000003c   Data   RW         4101    .data               tasks.o
    0x20000050   0x08005150   0x00000014   Data   RW         4417    .data               timers.o
    0x20000064   0x08005164   0x00000004   Data   RW         4614    .data               cmsis_os2.o
    0x20000068   0x08005168   0x00000018   Data   RW         4977    .data               heap_4.o
    0x20000080   0x08005180   0x0000000c   Data   RW         5028    .data               port.o
    0x2000008c   0x0800518c   0x00000024   Data   RW         5108    .data               my_can.o
    0x200000b0   0x080051b0   0x00000020   Data   RW         5197    .data               main_task.o
    0x200000d0   0x080051d0   0x00000004   Data   RW         5415    .data               my_adc.o
    0x200000d4   0x080051d4   0x00000004   Data   RW         5473    .data               dht11.o
    0x200000d8   0x080051d8   0x00000020   Data   RW         5574    .data               my_usart.o
    0x200000f8   0x080051f8   0x00000014   Data   RW         5679    .data               my_voice.o
    0x2000010c        -       0x00000030   Zero   RW          276    .bss                adc.o
    0x2000013c        -       0x00000028   Zero   RW          318    .bss                can.o
    0x20000164        -       0x00000090   Zero   RW          361    .bss                usart.o
    0x200001f4        -       0x00000048   Zero   RW          514    .bss                stm32f1xx_hal_timebase_tim.o
    0x2000023c        -       0x00000040   Zero   RW         3658    .bss                queue.o
    0x2000027c        -       0x000004c4   Zero   RW         4100    .bss                tasks.o
    0x20000740        -       0x0000011c   Zero   RW         4416    .bss                timers.o
    0x2000085c        -       0x000006b8   Zero   RW         4613    .bss                cmsis_os2.o
    0x20000f14        -       0x00000c00   Zero   RW         4976    .bss                heap_4.o
    0x20001b14        -       0x0000007c   Zero   RW         5107    .bss                my_can.o
    0x20001b90        -       0x0000120c   Zero   RW         5195    .bss                main_task.o
    0x20002d9c        -       0x00000058   Zero   RW         5573    .bss                my_usart.o
    0x20002df4        -       0x00000200   Zero   RW         5678    .bss                my_voice.o
    0x20002ff4        -       0x00000060   Zero   RW         6010    .bss                c_w.l(libspace.o)
    0x20003054   0x0800520c   0x00000004   PAD
    0x20003058        -       0x00000200   Zero   RW            2    HEAP                startup_stm32f103xb.o
    0x20003258        -       0x00000400   Zero   RW            1    STACK               startup_stm32f103xb.o


==============================================================================

Image component sizes


      Code (inc. data)   RO Data    RW Data    ZI Data      Debug   Object Name

       168         22          0          0         48       1573   adc.o
       192         20          0          0         40       1587   can.o
       328         26          0          4       1720      16224   cmsis_os2.o
       626         52          0          4          0       8298   dht11.o
         0          0          0          0          0      20100   event_groups.o
        44         12         48          4          0       6729   freertos.o
       112         10          0          0          0        847   gpio.o
       460         24          0         24       3072       4575   heap_4.o
       138          0          0          0          0       3302   list.o
       186          6          0          0          0     468208   main.o
       360         50          0         32       4620     369299   main_task.o
       268         46          0          4          0       3329   my_adc.o
       360         46          0         36        124       5802   my_can.o
       564        112          0         32         88       8104   my_usart.o
       408         46          0         20        512      15434   my_voice.o
       662         70          0         12          0      10605   port.o
      2346         22          0          0         64      21285   queue.o
        64         26        236          0       1536        792   startup_stm32f103xb.o
        64         14          0         12          0       4534   stm32f1xx_hal.o
      1260         54          0          0          0       6392   stm32f1xx_hal_adc.o
       216          6          0          0          0       1398   stm32f1xx_hal_adc_ex.o
      1354          0          0          0          0      11645   stm32f1xx_hal_can.o
       158         14          0          0          0      28106   stm32f1xx_hal_cortex.o
       222          4          0          0          0       1719   stm32f1xx_hal_dma.o
       500         34          0          0          0       3447   stm32f1xx_hal_gpio.o
        72         10          0          0          0        834   stm32f1xx_hal_msp.o
      1304         94         18          0          0       5625   stm32f1xx_hal_rcc.o
       400         28         18          0          0       2417   stm32f1xx_hal_rcc_ex.o
       654         26          0          0          0       6900   stm32f1xx_hal_tim.o
         4          0          0          0          0       1533   stm32f1xx_hal_tim_ex.o
       152         20          0          0         72       1427   stm32f1xx_hal_timebase_tim.o
      1328         10          0          0          0       8861   stm32f1xx_hal_uart.o
        60         24          0          0          0       4172   stm32f1xx_it.o
         0          0          0          0          0       8892   stream_buffer.o
         2          0         24          4          0       1067   system_stm32f1xx.o
      2352        194          0         60       1220      25229   tasks.o
      1032         82          0         20        284      27566   timers.o
       328         34          0          0        144       2283   usart.o

    ----------------------------------------------------------------------
     18788       1238        376        268      13544    1120140   Object Totals
         0          0         32          0          0          0   (incl. Generated)
        40          0          0          0          0          0   (incl. Padding)

    ----------------------------------------------------------------------

      Code (inc. data)   RO Data    RW Data    ZI Data      Debug   Library Member Name

         8          0          0          0          0         68   __main.o
         0          0          0          0          0          0   __rtentry.o
        12          0          0          0          0          0   __rtentry2.o
         6          0          0          0          0          0   __rtentry4.o
        52          8          0          0          0          0   __scatter.o
        26          0          0          0          0          0   __scatter_copy.o
        28          0          0          0          0          0   __scatter_zi.o
        16          0          0          0          0         68   aeabi_memset.o
        18          0          0          0          0         80   exit.o
         6          0          0          0          0        152   heapauxi.o
         0          0          0          0          0          0   indicate_semi.o
         2          0          0          0          0          0   libinit.o
         2          0          0          0          0          0   libinit2.o
         2          0          0          0          0          0   libshutdown.o
         2          0          0          0          0          0   libshutdown2.o
         8          4          0          0         96         68   libspace.o
        68          0          0          0          0         68   rt_memclr.o
        78          0          0          0          0         80   rt_memclr_w.o
       138          0          0          0          0         68   rt_memcpy_v6.o
       100          0          0          0          0         80   rt_memcpy_w.o
         2          0          0          0          0          0   rtexit.o
        10          0          0          0          0          0   rtexit2.o
        12          4          0          0          0         68   sys_exit.o
        74          0          0          0          0         80   sys_stackheap_outer.o
         2          0          0          0          0         68   use_no_semi.o
        98          4          0          0          0         92   d2f.o
        38          0          0          0          0         68   dflt_clz.o
       340         12          0          0          0        104   dmul.o
       156          4          0          0          0         92   dnaninf.o
        12          0          0          0          0         68   dretinf.o
        12          4          0          0          0         68   fcheck1.o
        10          0          0          0          0         68   fretinf.o
       100          0          0          0          0         68   retnan.o
        76          0          0          0          0         68   scalbnf.o
        48          0          0          0          0         68   trapv.o
         0          0          0          0          0          0   usenofp.o

    ----------------------------------------------------------------------
      1572         40          0          0        100       1712   Library Totals
        10          0          0          0          4          0   (incl. Padding)

    ----------------------------------------------------------------------

      Code (inc. data)   RO Data    RW Data    ZI Data      Debug   Library Name

       672         16          0          0         96        948   c_w.l
       890         24          0          0          0        764   fz_ws.l

    ----------------------------------------------------------------------
      1572         40          0          0        100       1712   Library Totals

    ----------------------------------------------------------------------

==============================================================================


      Code (inc. data)   RO Data    RW Data    ZI Data      Debug   

     20360       1278        376        268      13644    1109888   Grand Totals
     20360       1278        376        268      13644    1109888   ELF Image Totals
     20360       1278        376        268          0          0   ROM Totals

==============================================================================

    Total RO  Size (Code + RO Data)                20736 (  20.25kB)
    Total RW  Size (RW Data + ZI Data)             13912 (  13.59kB)
    Total ROM Size (Code + RO Data + RW Data)      21004 (  20.51kB)

==============================================================================

