Component: ARM Compiler 5.06 update 7 (build 960) Tool: armlink [4d3601]

==============================================================================

Section Cross References

    startup_stm32f103xb.o(STACK) refers (Special) to heapauxi.o(.text) for __use_two_region_memory
    startup_stm32f103xb.o(HEAP) refers (Special) to heapauxi.o(.text) for __use_two_region_memory
    startup_stm32f103xb.o(RESET) refers (Special) to heapauxi.o(.text) for __use_two_region_memory
    startup_stm32f103xb.o(RESET) refers to startup_stm32f103xb.o(STACK) for __initial_sp
    startup_stm32f103xb.o(RESET) refers to startup_stm32f103xb.o(.text) for Reset_Handler
    startup_stm32f103xb.o(RESET) refers to stm32f1xx_it.o(i.NMI_Handler) for NMI_Handler
    startup_stm32f103xb.o(RESET) refers to stm32f1xx_it.o(i.HardFault_Handler) for HardFault_Handler
    startup_stm32f103xb.o(RESET) refers to stm32f1xx_it.o(i.MemManage_Handler) for MemManage_Handler
    startup_stm32f103xb.o(RESET) refers to stm32f1xx_it.o(i.BusFault_Handler) for BusFault_Handler
    startup_stm32f103xb.o(RESET) refers to stm32f1xx_it.o(i.UsageFault_Handler) for UsageFault_Handler
    startup_stm32f103xb.o(RESET) refers to port.o(.emb_text) for SVC_Handler
    startup_stm32f103xb.o(RESET) refers to stm32f1xx_it.o(i.DebugMon_Handler) for DebugMon_Handler
    startup_stm32f103xb.o(RESET) refers to port.o(i.SysTick_Handler) for SysTick_Handler
    startup_stm32f103xb.o(RESET) refers to stm32f1xx_it.o(i.USB_LP_CAN1_RX0_IRQHandler) for USB_LP_CAN1_RX0_IRQHandler
    startup_stm32f103xb.o(RESET) refers to stm32f1xx_it.o(i.TIM2_IRQHandler) for TIM2_IRQHandler
    startup_stm32f103xb.o(RESET) refers to stm32f1xx_it.o(i.TIM4_IRQHandler) for TIM4_IRQHandler
    startup_stm32f103xb.o(RESET) refers to stm32f1xx_it.o(i.USART1_IRQHandler) for USART1_IRQHandler
    startup_stm32f103xb.o(RESET) refers to stm32f1xx_it.o(i.USART2_IRQHandler) for USART2_IRQHandler
    startup_stm32f103xb.o(.text) refers (Special) to heapauxi.o(.text) for __use_two_region_memory
    startup_stm32f103xb.o(.text) refers to system_stm32f1xx.o(i.SystemInit) for SystemInit
    startup_stm32f103xb.o(.text) refers to __main.o(!!!main) for __main
    startup_stm32f103xb.o(.text) refers to startup_stm32f103xb.o(HEAP) for Heap_Mem
    startup_stm32f103xb.o(.text) refers to startup_stm32f103xb.o(STACK) for Stack_Mem
    main.o(i.HAL_TIM_PeriodElapsedCallback) refers to stm32f1xx_hal.o(i.HAL_IncTick) for HAL_IncTick
    main.o(i.HAL_TIM_PeriodElapsedCallback) refers to my_usart.o(i.GameSoundTimer_Func) for GameSoundTimer_Func
    main.o(i.SystemClock_Config) refers to rt_memclr_w.o(.text) for __aeabi_memclr4
    main.o(i.SystemClock_Config) refers to stm32f1xx_hal_rcc.o(i.HAL_RCC_OscConfig) for HAL_RCC_OscConfig
    main.o(i.SystemClock_Config) refers to stm32f1xx_hal_rcc.o(i.HAL_RCC_ClockConfig) for HAL_RCC_ClockConfig
    main.o(i.SystemClock_Config) refers to stm32f1xx_hal_rcc_ex.o(i.HAL_RCCEx_PeriphCLKConfig) for HAL_RCCEx_PeriphCLKConfig
    main.o(i.main) refers to stm32f1xx_hal.o(i.HAL_Init) for HAL_Init
    main.o(i.main) refers to main.o(i.SystemClock_Config) for SystemClock_Config
    main.o(i.main) refers to gpio.o(i.MX_GPIO_Init) for MX_GPIO_Init
    main.o(i.main) refers to can.o(i.MX_CAN_Init) for MX_CAN_Init
    main.o(i.main) refers to usart.o(i.MX_USART1_UART_Init) for MX_USART1_UART_Init
    main.o(i.main) refers to adc.o(i.MX_ADC1_Init) for MX_ADC1_Init
    main.o(i.main) refers to usart.o(i.MX_USART2_UART_Init) for MX_USART2_UART_Init
    main.o(i.main) refers to tim.o(i.MX_TIM2_Init) for MX_TIM2_Init
    main.o(i.main) refers to cmsis_os2.o(i.osKernelInitialize) for osKernelInitialize
    main.o(i.main) refers to freertos.o(i.MX_FREERTOS_Init) for MX_FREERTOS_Init
    main.o(i.main) refers to cmsis_os2.o(i.osKernelStart) for osKernelStart
    gpio.o(i.MX_GPIO_Init) refers to stm32f1xx_hal_gpio.o(i.HAL_GPIO_WritePin) for HAL_GPIO_WritePin
    gpio.o(i.MX_GPIO_Init) refers to stm32f1xx_hal_gpio.o(i.HAL_GPIO_Init) for HAL_GPIO_Init
    freertos.o(i.MX_FREERTOS_Init) refers to cmsis_os2.o(i.osThreadNew) for osThreadNew
    freertos.o(i.MX_FREERTOS_Init) refers to main_task.o(i.Main_Init_Start) for Main_Init_Start
    freertos.o(i.MX_FREERTOS_Init) refers to freertos.o(.constdata) for .constdata
    freertos.o(i.MX_FREERTOS_Init) refers to freertos.o(i.StartDefaultTask) for StartDefaultTask
    freertos.o(i.MX_FREERTOS_Init) refers to freertos.o(.data) for .data
    freertos.o(i.StartDefaultTask) refers to tasks.o(i.vTaskDelay) for vTaskDelay
    freertos.o(.constdata) refers to freertos.o(.conststring) for .conststring
    adc.o(i.HAL_ADC_MspDeInit) refers to stm32f1xx_hal_gpio.o(i.HAL_GPIO_DeInit) for HAL_GPIO_DeInit
    adc.o(i.HAL_ADC_MspInit) refers to stm32f1xx_hal_gpio.o(i.HAL_GPIO_Init) for HAL_GPIO_Init
    adc.o(i.MX_ADC1_Init) refers to stm32f1xx_hal_adc.o(i.HAL_ADC_Init) for HAL_ADC_Init
    adc.o(i.MX_ADC1_Init) refers to main.o(i.Error_Handler) for Error_Handler
[...]
    _printf_longlong_dec                     0x0800069d   Thumb Code   108  _printf_longlong_dec.o(.text)
    _printf_longlong_oct                     0x08000719   Thumb Code    66  _printf_oct_int_ll.o(.text)
    _printf_int_oct                          0x0800075b   Thumb Code    24  _printf_oct_int_ll.o(.text)
    _printf_ll_oct                           0x08000773   Thumb Code    12  _printf_oct_int_ll.o(.text)
    _printf_longlong_hex                     0x08000789   Thumb Code    86  _printf_hex_int_ll_ptr.o(.text)
    _printf_int_hex                          0x080007df   Thumb Code    28  _printf_hex_int_ll_ptr.o(.text)
    _printf_ll_hex                           0x080007fb   Thumb Code    12  _printf_hex_int_ll_ptr.o(.text)
    _printf_hex_ptr                          0x08000807   Thumb Code    18  _printf_hex_int_ll_ptr.o(.text)
    __printf                                 0x0800081d   Thumb Code   388  __printf_flags_ss_wp.o(.text)
    __aeabi_memcpy4                          0x080009a5   Thumb Code     0  rt_memcpy_w.o(.text)
    __aeabi_memcpy8                          0x080009a5   Thumb Code     0  rt_memcpy_w.o(.text)
    __rt_memcpy_w                            0x080009a5   Thumb Code   100  rt_memcpy_w.o(.text)
    _memcpy_lastbytes_aligned                0x080009ed   Thumb Code     0  rt_memcpy_w.o(.text)
    __aeabi_memclr                           0x08000a09   Thumb Code     0  rt_memclr.o(.text)
    __rt_memclr                              0x08000a09   Thumb Code    68  rt_memclr.o(.text)
    _memset                                  0x08000a0d   Thumb Code     0  rt_memclr.o(.text)
    _ll_udiv10                               0x08000a4d   Thumb Code   138  lludiv10.o(.text)
    _printf_int_common                       0x08000ad7   Thumb Code   178  _printf_intcommon.o(.text)
    __lib_sel_fp_printf                      0x08000b89   Thumb Code     2  _printf_fp_dec.o(.text)
    _printf_fp_dec_real                      0x08000d3b   Thumb Code   620  _printf_fp_dec.o(.text)
    _printf_fp_hex_real                      0x08000fa9   Thumb Code   756  _printf_fp_hex.o(.text)
    _printf_cs_common                        0x080012a5   Thumb Code    20  _printf_char.o(.text)
    _printf_char                             0x080012b9   Thumb Code    16  _printf_char.o(.text)
    _printf_string                           0x080012c9   Thumb Code     8  _printf_char.o(.text)
    _printf_lcs_common                       0x080012d1   Thumb Code    20  _printf_wchar.o(.text)
    _printf_wchar                            0x080012e5   Thumb Code    16  _printf_wchar.o(.text)
    _printf_wstring                          0x080012f5   Thumb Code     8  _printf_wchar.o(.text)
    _wcrtomb                                 0x080012fd   Thumb Code    64  _wcrtomb.o(.text)
    __user_setup_stackheap                   0x0800133d   Thumb Code    74  sys_stackheap_outer.o(.text)
    __rt_ctype_table                         0x08001389   Thumb Code    16  rt_ctype_table.o(.text)
    __rt_locale                              0x08001399   Thumb Code     8  rt_locale_intlibspace.o(.text)
    _printf_fp_infnan                        0x080013a1   Thumb Code   112  _printf_fp_infnan.o(.text)
    _btod_etento                             0x08001421   Thumb Code   224  bigflt0.o(.text)
    exit                                     0x08001505   Thumb Code    18  exit.o(.text)
    __user_libspace                          0x08001519   Thumb Code     8  libspace.o(.text)
    __user_perproc_libspace                  0x08001519   Thumb Code     0  libspace.o(.text)
    __user_perthread_libspace                0x08001519   Thumb Code     0  libspace.o(.text)
    strcmp                                   0x08001521   Thumb Code   128  strcmpv7m.o(.text)
    _sys_exit                                0x080015a1   Thumb Code     8  sys_exit.o(.text)
    __I$use$semihosting                      0x080015ad   Thumb Code     0  use_no_semi.o(.text)
    __use_no_semihosting_swi                 0x080015ad   Thumb Code     2  use_no_semi.o(.text)
    __semihosting_library_function           0x080015af   Thumb Code     0  indicate_semi.o(.text)
    _btod_d2e                                0x080015af   Thumb Code    62  btod.o(CL$$btod_d2e)
    _d2e_denorm_low                          0x080015ed   Thumb Code    70  btod.o(CL$$btod_d2e_denorm_low)
    _d2e_norm_op1                            0x08001633   Thumb Code    96  btod.o(CL$$btod_d2e_norm_op1)
    __btod_div_common                        0x08001693   Thumb Code   696  btod.o(CL$$btod_div_common)
    _e2e                                     0x080019cb   Thumb Code   220  btod.o(CL$$btod_e2e)
    _btod_ediv                               0x08001aa7   Thumb Code    42  btod.o(CL$$btod_ediv)
    _btod_emul                               0x08001ad1   Thumb Code    42  btod.o(CL$$btod_emul)
    __btod_mult_common                       0x08001afb   Thumb Code   580  btod.o(CL$$btod_mult_common)
    ADC_ConversionStop_Disable               0x08001d41   Thumb Code    86  stm32f1xx_hal_adc.o(i.ADC_ConversionStop_Disable)
    ADC_Enable                               0x08001d99   Thumb Code   114  stm32f1xx_hal_adc.o(i.ADC_Enable)
    ADC_GETDATA_Thread                       0x08001e15   Thumb Code   144  my_adc.o(i.ADC_GETDATA_Thread)
    ADC_GETDATA_Thread_Start                 0x08001ead   Thumb Code    22  my_adc.o(i.ADC_GETDATA_Thread_Start)
    BlueRx_Thread                            0x08001ed5   Thumb Code   100  my_bluetooth.o(i.BlueRx_Thread)
    BlueRx_Thread_Start                      0x08001f41   Thumb Code    26  my_bluetooth.o(i.BlueRx_Thread_Start)
    BlueTx_Thread                            0x08001f6d   Thumb Code    80  my_bluetooth.o(i.BlueTx_Thread)
    BlueTx_Thread_Start                      0x08001ffd   Thumb Code    26  my_bluetooth.o(i.BlueTx_Thread_Start)
    Blue_Init                                0x08002029   Thumb Code    36  my_bluetooth.o(i.Blue_Init)
    BusFault_Handler                         0x08002051   Thumb Code     2  stm32f1xx_it.o(i.BusFault_Handler)
    CAN_DATA_Init                            0x08002053   Thumb Code    36  my_can.o(i.CAN_DATA_Init)
    Can_Write_Thread                         0x08002079   Thumb Code   130  my_can.o(i.Can_Write_Thread)
    Can_Write_Thread_Start                   0x08002105   Thumb Code    20  my_can.o(i.Can_Write_Thread_Start)
    DHT11_Check                              0x08002129   Thumb Code    88  dht11.o(i.DHT11_Check)
    DHT11_GETDATA_Thread                     0x08002185   Thumb Code    64  dht11.o(i.DHT11_GETDATA_Thread)
    DHT11_GETDATA_Thread_Start               0x080021c9   Thumb Code    22  dht11.o(i.DHT11_GETDATA_Thread_Start)
    DHT11_IO_IN                              0x080021ed   Thumb Code    28  dht11.o(i.DHT11_IO_IN)
    DHT11_IO_OUT_High                        0x0800220d   Thumb Code    40  dht11.o(i.DHT11_IO_OUT_High)
    DHT11_IO_OUT_Low                         0x08002239   Thumb Code    40  dht11.o(i.DHT11_IO_OUT_Low)
    DHT11_Read_Bit                           0x08002265   Thumb Code    86  dht11.o(i.DHT11_Read_Bit)
    DHT11_Read_Byte                          0x080022c1   Thumb Code    26  dht11.o(i.DHT11_Read_Byte)
    DHT11_Read_Data                          0x080022db   Thumb Code    80  dht11.o(i.DHT11_Read_Data)
    DHT11_Rst                                0x0800232b   Thumb Code    26  dht11.o(i.DHT11_Rst)
    DebugMon_Handler                         0x08002345   Thumb Code     2  stm32f1xx_it.o(i.DebugMon_Handler)
    Error_Handler                            0x08002347   Thumb Code     4  main.o(i.Error_Handler)
    GameSoundTimer_Func                      0x0800234d   Thumb Code    84  my_usart.o(i.GameSoundTimer_Func)
    HAL_ADCEx_Calibration_Start              0x080023a9   Thumb Code   210  stm32f1xx_hal_adc_ex.o(i.HAL_ADCEx_Calibration_Start)
    HAL_ADC_ConfigChannel                    0x08002481   Thumb Code   240  stm32f1xx_hal_adc.o(i.HAL_ADC_ConfigChannel)
    HAL_ADC_GetValue                         0x0800257d   Thumb Code     6  stm32f1xx_hal_adc.o(i.HAL_ADC_GetValue)
    HAL_ADC_Init                             0x08002585   Thumb Code   272  stm32f1xx_hal_adc.o(i.HAL_ADC_Init)
    HAL_ADC_MspInit                          0x080026a1   Thumb Code    76  adc.o(i.HAL_ADC_MspInit)
    HAL_ADC_PollForConversion                0x080026f9   Thumb Code   304  stm32f1xx_hal_adc.o(i.HAL_ADC_PollForConversion)
    HAL_ADC_Start                            0x08002835   Thumb Code   184  stm32f1xx_hal_adc.o(i.HAL_ADC_Start)
    HAL_CAN_AddTxMessage                     0x080028f5   Thumb Code   208  stm32f1xx_hal_can.o(i.HAL_CAN_AddTxMessage)
    HAL_CAN_ErrorCallback                    0x080029c5   Thumb Code     2  stm32f1xx_hal_can.o(i.HAL_CAN_ErrorCallback)
    HAL_CAN_GetRxMessage                     0x080029c7   Thumb Code   244  stm32f1xx_hal_can.o(i.HAL_CAN_GetRxMessage)
    HAL_CAN_IRQHandler                       0x08002abb   Thumb Code   508  stm32f1xx_hal_can.o(i.HAL_CAN_IRQHandler)
    HAL_CAN_Init                             0x08002cb7   Thumb Code   282  stm32f1xx_hal_can.o(i.HAL_CAN_Init)
    HAL_CAN_MspInit                          0x08002dd1   Thumb Code   112  can.o(i.HAL_CAN_MspInit)
    HAL_CAN_RxFifo0FullCallback              0x08002e4d   Thumb Code     2  stm32f1xx_hal_can.o(i.HAL_CAN_RxFifo0FullCallback)
    HAL_CAN_RxFifo0MsgPendingCallback        0x08002e51   Thumb Code    86  my_can.o(i.HAL_CAN_RxFifo0MsgPendingCallback)
    HAL_CAN_RxFifo1FullCallback              0x08002eb1   Thumb Code     2  stm32f1xx_hal_can.o(i.HAL_CAN_RxFifo1FullCallback)
    HAL_CAN_RxFifo1MsgPendingCallback        0x08002eb3   Thumb Code     2  stm32f1xx_hal_can.o(i.HAL_CAN_RxFifo1MsgPendingCallback)
    HAL_CAN_SleepCallback                    0x08002eb5   Thumb Code     2  stm32f1xx_hal_can.o(i.HAL_CAN_SleepCallback)
    HAL_CAN_Start                            0x08002eb9   Thumb Code    88  stm32f1xx_hal_can.o(i.HAL_CAN_Start)
    HAL_CAN_TxMailbox0AbortCallback          0x08002f11   Thumb Code     2  stm32f1xx_hal_can.o(i.HAL_CAN_TxMailbox0AbortCallback)
    HAL_CAN_TxMailbox0CompleteCallback       0x08002f13   Thumb Code     2  stm32f1xx_hal_can.o(i.HAL_CAN_TxMailbox0CompleteCallback)
    HAL_CAN_TxMailbox1AbortCallback          0x08002f15   Thumb Code     2  stm32f1xx_hal_can.o(i.HAL_CAN_TxMailbox1AbortCallback)
    HAL_CAN_TxMailbox1CompleteCallback       0x08002f17   Thumb Code     2  stm32f1xx_hal_can.o(i.HAL_CAN_TxMailbox1CompleteCallback)
    HAL_CAN_TxMailbox2AbortCallback          0x08002f19   Thumb Code     2  stm32f1xx_hal_can.o(i.HAL_CAN_TxMailbox2AbortCallback)
    HAL_CAN_TxMailbox2CompleteCallback       0x08002f1b   Thumb Code     2  stm32f1xx_hal_can.o(i.HAL_CAN_TxMailbox2CompleteCallback)
    HAL_CAN_WakeUpFromRxMsgCallback          0x08002f1d   Thumb Code     2  stm32f1xx_hal_can.o(i.HAL_CAN_WakeUpFromRxMsgCallback)
    HAL_DMA_Abort                            0x08002f1f   Thumb Code    70  stm32f1xx_hal_dma.o(i.HAL_DMA_Abort)
    HAL_DMA_Abort_IT                         0x08002f65   Thumb Code   148  stm32f1xx_hal_dma.o(i.HAL_DMA_Abort_IT)
    HAL_GPIO_Init                            0x08002ffd   Thumb Code   446  stm32f1xx_hal_gpio.o(i.HAL_GPIO_Init)
    HAL_GPIO_ReadPin                         0x080031dd   Thumb Code    10  stm32f1xx_hal_gpio.o(i.HAL_GPIO_ReadPin)
    HAL_GPIO_WritePin                        0x080031e7   Thumb Code    10  stm32f1xx_hal_gpio.o(i.HAL_GPIO_WritePin)
    HAL_GetTick                              0x080031f1   Thumb Code     6  stm32f1xx_hal.o(i.HAL_GetTick)
    HAL_IncTick                              0x080031fd   Thumb Code    12  stm32f1xx_hal.o(i.HAL_IncTick)
    HAL_Init                                 0x0800320d   Thumb Code    32  stm32f1xx_hal.o(i.HAL_Init)
    HAL_InitTick                             0x08003231   Thumb Code   132  stm32f1xx_hal_timebase_tim.o(i.HAL_InitTick)
    HAL_MspInit                              0x080032c9   Thumb Code    62  stm32f1xx_hal_msp.o(i.HAL_MspInit)
    HAL_NVIC_EnableIRQ                       0x08003311   Thumb Code    26  stm32f1xx_hal_cortex.o(i.HAL_NVIC_EnableIRQ)
    HAL_NVIC_SetPriority                     0x0800332d   Thumb Code    60  stm32f1xx_hal_cortex.o(i.HAL_NVIC_SetPriority)
    HAL_NVIC_SetPriorityGrouping             0x0800336d   Thumb Code    26  stm32f1xx_hal_cortex.o(i.HAL_NVIC_SetPriorityGrouping)
    HAL_RCCEx_GetPeriphCLKFreq               0x08003391   Thumb Code   148  stm32f1xx_hal_rcc_ex.o(i.HAL_RCCEx_GetPeriphCLKFreq)
    HAL_RCCEx_PeriphCLKConfig                0x08003435   Thumb Code   224  stm32f1xx_hal_rcc_ex.o(i.HAL_RCCEx_PeriphCLKConfig)
    HAL_RCC_ClockConfig                      0x08003521   Thumb Code   280  stm32f1xx_hal_rcc.o(i.HAL_RCC_ClockConfig)
    HAL_RCC_GetClockConfig                   0x0800364d   Thumb Code    54  stm32f1xx_hal_rcc.o(i.HAL_RCC_GetClockConfig)
    HAL_RCC_GetPCLK1Freq                     0x0800368d   Thumb Code    20  stm32f1xx_hal_rcc.o(i.HAL_RCC_GetPCLK1Freq)
    HAL_RCC_GetPCLK2Freq                     0x080036ad   Thumb Code    20  stm32f1xx_hal_rcc.o(i.HAL_RCC_GetPCLK2Freq)
    HAL_RCC_GetSysClockFreq                  0x080036cd   Thumb Code    58  stm32f1xx_hal_rcc.o(i.HAL_RCC_GetSysClockFreq)
    HAL_RCC_OscConfig                        0x08003719   Thumb Code   778  stm32f1xx_hal_rcc.o(i.HAL_RCC_OscConfig)
    HAL_TIMEx_BreakCallback                  0x08003a39   Thumb Code     2  stm32f1xx_hal_tim_ex.o(i.HAL_TIMEx_BreakCallback)
    HAL_TIMEx_CommutCallback                 0x08003a3b   Thumb Code     2  stm32f1xx_hal_tim_ex.o(i.HAL_TIMEx_CommutCallback)
    HAL_TIMEx_MasterConfigSynchronization    0x08003a3d   Thumb Code    92  stm32f1xx_hal_tim_ex.o(i.HAL_TIMEx_MasterConfigSynchronization)
    HAL_TIM_Base_Init                        0x08003aa5   Thumb Code    90  stm32f1xx_hal_tim.o(i.HAL_TIM_Base_Init)
    HAL_TIM_Base_MspInit                     0x08003b01   Thumb Code    50  tim.o(i.HAL_TIM_Base_MspInit)
    HAL_TIM_Base_Start_IT                    0x08003b39   Thumb Code    76  stm32f1xx_hal_tim.o(i.HAL_TIM_Base_Start_IT)
    HAL_TIM_ConfigClockSource                0x08003b91   Thumb Code   220  stm32f1xx_hal_tim.o(i.HAL_TIM_ConfigClockSource)
    HAL_TIM_IC_CaptureCallback               0x08003c6d   Thumb Code     2  stm32f1xx_hal_tim.o(i.HAL_TIM_IC_CaptureCallback)
    HAL_TIM_IRQHandler                       0x08003c6f   Thumb Code   358  stm32f1xx_hal_tim.o(i.HAL_TIM_IRQHandler)
    HAL_TIM_OC_DelayElapsedCallback          0x08003dd5   Thumb Code     2  stm32f1xx_hal_tim.o(i.HAL_TIM_OC_DelayElapsedCallback)
    HAL_TIM_PWM_PulseFinishedCallback        0x08003dd7   Thumb Code     2  stm32f1xx_hal_tim.o(i.HAL_TIM_PWM_PulseFinishedCallback)
    HAL_TIM_PeriodElapsedCallback            0x08003dd9   Thumb Code    34  main.o(i.HAL_TIM_PeriodElapsedCallback)
    HAL_TIM_TriggerCallback                  0x08003e01   Thumb Code     2  stm32f1xx_hal_tim.o(i.HAL_TIM_TriggerCallback)
    HAL_UARTEx_RxEventCallback               0x08003e03   Thumb Code     2  stm32f1xx_hal_uart.o(i.HAL_UARTEx_RxEventCallback)
    HAL_UART_ErrorCallback                   0x08003e05   Thumb Code     2  stm32f1xx_hal_uart.o(i.HAL_UART_ErrorCallback)
    HAL_UART_IRQHandler                      0x08003e09   Thumb Code   616  stm32f1xx_hal_uart.o(i.HAL_UART_IRQHandler)
    HAL_UART_Init                            0x08004075   Thumb Code   100  stm32f1xx_hal_uart.o(i.HAL_UART_Init)
    HAL_UART_MspInit                         0x080040d9   Thumb Code   198  usart.o(i.HAL_UART_MspInit)
    HAL_UART_Receive_IT                      0x080041b1   Thumb Code    28  stm32f1xx_hal_uart.o(i.HAL_UART_Receive_IT)
    HAL_UART_RxCpltCallback                  0x080041cd   Thumb Code   102  my_usart.o(i.HAL_UART_RxCpltCallback)
    HAL_UART_Transmit_IT                     0x0800424d   Thumb Code    50  stm32f1xx_hal_uart.o(i.HAL_UART_Transmit_IT)
    HAL_UART_TxCpltCallback                  0x08004281   Thumb Code    40  my_usart.o(i.HAL_UART_TxCpltCallback)
    HardFault_Handler                        0x080042b5   Thumb Code     2  stm32f1xx_it.o(i.HardFault_Handler)
    Init_My_CAN                              0x080042b9   Thumb Code    36  my_can.o(i.Init_My_CAN)
    Len_Init                                 0x080042e1   Thumb Code    10  main_task.o(i.Len_Init)
    MP3_Thread                               0x080042f1   Thumb Code   194  my_voice.o(i.MP3_Thread)
    MP3_Thread_Start                         0x080043b9   Thumb Code    26  my_voice.o(i.MP3_Thread_Start)
    MX_ADC1_Init                             0x080043e1   Thumb Code    70  adc.o(i.MX_ADC1_Init)
    MX_CAN_Init                              0x08004431   Thumb Code    60  can.o(i.MX_CAN_Init)
    MX_FREERTOS_Init                         0x08004475   Thumb Code    24  freertos.o(i.MX_FREERTOS_Init)
    MX_GPIO_Init                             0x08004499   Thumb Code   102  gpio.o(i.MX_GPIO_Init)
    MX_TIM2_Init                             0x08004509   Thumb Code    98  tim.o(i.MX_TIM2_Init)
    MX_USART1_UART_Init                      0x08004571   Thumb Code    48  usart.o(i.MX_USART1_UART_Init)
    MX_USART2_UART_Init                      0x080045a9   Thumb Code    48  usart.o(i.MX_USART2_UART_Init)
    Main_Init_Start                          0x080045e1   Thumb Code   152  main_task.o(i.Main_Init_Start)
    Main_Thread                              0x08004691   Thumb Code   144  main_task.o(i.Main_Thread)
    Main_Thread_Start                        0x08004725   Thumb Code    22  main_task.o(i.Main_Thread_Start)
    MemManage_Handler                        0x0800474d   Thumb Code     2  stm32f1xx_it.o(i.MemManage_Handler)
    Music_Get                                0x08004751   Thumb Code    64  my_voice.o(i.Music_Get)
    My_ADC_Init                              0x08004795   Thumb Code    24  my_adc.o(i.My_ADC_Init)
    My_DHT11_Init                            0x080047b5   Thumb Code    18  dht11.o(i.My_DHT11_Init)
    My_Uart1_Init                            0x080047cd   Thumb Code    76  my_usart.o(i.My_Uart1_Init)
    My_Uart2_Init                            0x08004825   Thumb Code    70  my_usart.o(i.My_Uart2_Init)
    NMI_Handler                              0x08004879   Thumb Code     2  stm32f1xx_it.o(i.NMI_Handler)
    ReADC_QueueStruct                        0x0800487d   Thumb Code     6  my_adc.o(i.ReADC_QueueStruct)
    ReBlueRx_QueueStruct                     0x08004889   Thumb Code     6  my_bluetooth.o(i.ReBlueRx_QueueStruct)
    ReBlueTx_QueueStruct                     0x08004895   Thumb Code     6  my_bluetooth.o(i.ReBlueTx_QueueStruct)
    ReCanTxQueueStruct                       0x080048a1   Thumb Code     6  my_can.o(i.ReCanTxQueueStruct)
    ReDHT11_QueueStruct                      0x080048ad   Thumb Code     6  dht11.o(i.ReDHT11_QueueStruct)
    ReMP3_QueueStruct                        0x080048b9   Thumb Code     6  my_voice.o(i.ReMP3_QueueStruct)
    ReSU10T_QueueStruct                      0x080048c5   Thumb Code     6  my_voice.o(i.ReSU10T_QueueStruct)
    Read_ADC_Queue                           0x080048d1   Thumb Code    28  main_task.o(i.Read_ADC_Queue)
    Read_BlueRx_Queue                        0x080048f1   Thumb Code   238  main_task.o(i.Read_BlueRx_Queue)
    Read_DHT11_Queue                         0x080049e5   Thumb Code    32  main_task.o(i.Read_DHT11_Queue)
    Read_SU10T_Queue                         0x08004a09   Thumb Code   308  main_task.o(i.Read_SU10T_Queue)
    Return1_P_UartStruct                     0x08004b41   Thumb Code     6  my_usart.o(i.Return1_P_UartStruct)
    Return2_P_UartStruct                     0x08004b4d   Thumb Code     6  my_usart.o(i.Return2_P_UartStruct)
    SU10T_Thread                             0x08004b59   Thumb Code    94  my_voice.o(i.SU10T_Thread)
    SU10T_Thread_Start                       0x08004bc1   Thumb Code    26  my_voice.o(i.SU10T_Thread_Start)
    Set_Led                                  0x08004bed   Thumb Code    40  main_task.o(i.Set_Led)
    StartDefaultTask                         0x08004c1d   Thumb Code     8  freertos.o(i.StartDefaultTask)
    SysTick_Handler                          0x08004c75   Thumb Code    38  port.o(i.SysTick_Handler)
    SystemClock_Config                       0x08004ca1   Thumb Code   120  main.o(i.SystemClock_Config)
    SystemInit                               0x08004d19   Thumb Code     2  system_stm32f1xx.o(i.SystemInit)
    TIM2_IRQHandler                          0x08004d1d   Thumb Code     6  stm32f1xx_it.o(i.TIM2_IRQHandler)
    TIM4_IRQHandler                          0x08004d29   Thumb Code     6  stm32f1xx_it.o(i.TIM4_IRQHandler)
    TIM_Base_SetConfig                       0x08004d35   Thumb Code    94  stm32f1xx_hal_tim.o(i.TIM_Base_SetConfig)
    TIM_ETR_SetConfig                        0x08004da1   Thumb Code    20  stm32f1xx_hal_tim.o(i.TIM_ETR_SetConfig)
    UART_Start_Receive_IT                    0x08004fe5   Thumb Code    54  stm32f1xx_hal_uart.o(i.UART_Start_Receive_IT)
    USART1_IRQHandler                        0x0800501d   Thumb Code     6  stm32f1xx_it.o(i.USART1_IRQHandler)
    USART2_IRQHandler                        0x08005029   Thumb Code     6  stm32f1xx_it.o(i.USART2_IRQHandler)
    USB_LP_CAN1_RX0_IRQHandler               0x08005035   Thumb Code     6  stm32f1xx_it.o(i.USB_LP_CAN1_RX0_IRQHandler)
    Uart1Rx_Buffer_Close                     0x08005041   Thumb Code    18  my_usart.o(i.Uart1Rx_Buffer_Close)
    Uart2Rx_Buffer_Close                     0x0800505d   Thumb Code    18  my_usart.o(i.Uart2Rx_Buffer_Close)
    UsageFault_Handler                       0x08005079   Thumb Code     2  stm32f1xx_it.o(i.UsageFault_Handler)
    UsartPrintf                              0x0800507d   Thumb Code    56  my_usart.o(i.UsartPrintf)
    Usart_TX_Data                            0x080050b9   Thumb Code    40  my_usart.o(i.Usart_TX_Data)
    Voice_Get                                0x080050e1   Thumb Code    10  my_voice.o(i.Voice_Get)
    Voice_Init                               0x080050f1   Thumb Code    36  my_voice.o(i.Voice_Init)
    Volume_Get                               0x08005119   Thumb Code    48  my_voice.o(i.Volume_Get)
    Write_Blue                               0x0800514d   Thumb Code    50  main_task.o(i.Write_Blue)
    Write_CAN_Car                            0x08005185   Thumb Code    58  main_task.o(i.Write_CAN_Car)
    __ARM_fpclassify                         0x080051c9   Thumb Code    40  fpclassify.o(i.__ARM_fpclassify)
    _is_digit                                0x08005211   Thumb Code    14  __printf_wp.o(i._is_digit)
    delay_us                                 0x0800521f   Thumb Code    50  dht11.o(i.delay_us)
    main                                     0x08005251   Thumb Code    46  main.o(i.main)
    osKernelInitialize                       0x08005281   Thumb Code    50  cmsis_os2.o(i.osKernelInitialize)
    osKernelStart                            0x080052b9   Thumb Code    58  cmsis_os2.o(i.osKernelStart)
    osThreadNew                              0x080052f9   Thumb Code   160  cmsis_os2.o(i.osThreadNew)
    pvPortMalloc                             0x08005b5d   Thumb Code   210  heap_4.o(i.pvPortMalloc)
    pvTaskIncrementMutexHeldCount            0x08005c35   Thumb Code    18  tasks.o(i.pvTaskIncrementMutexHeldCount)
    pxPortInitialiseStack                    0x08005c4d   Thumb Code    32  port.o(i.pxPortInitialiseStack)
    uxListRemove                             0x08005c71   Thumb Code    38  list.o(i.uxListRemove)
    vApplicationGetIdleTaskMemory            0x08005c99   Thumb Code    16  cmsis_os2.o(i.vApplicationGetIdleTaskMemory)
    vApplicationGetTimerTaskMemory           0x08005cad   Thumb Code    18  cmsis_os2.o(i.vApplicationGetTimerTaskMemory)
    vListInitialise                          0x08005cc5   Thumb Code    22  list.o(i.vListInitialise)
    vListInitialiseItem                      0x08005cdb   Thumb Code     6  list.o(i.vListInitialiseItem)
    vListInsert                              0x08005ce1   Thumb Code    48  list.o(i.vListInsert)
    vListInsertEnd                           0x08005d11   Thumb Code    24  list.o(i.vListInsertEnd)
    vPortEnterCritical                       0x08005d29   Thumb Code    54  port.o(i.vPortEnterCritical)
    vPortExitCritical                        0x08005d69   Thumb Code    34  port.o(i.vPortExitCritical)
    vPortFree                                0x08005d91   Thumb Code    88  heap_4.o(i.vPortFree)
    vPortSetupTimerInterrupt                 0x08005ded   Thumb Code    32  port.o(i.vPortSetupTimerInterrupt)
    vPortValidateInterruptPriority           0x08005e11   Thumb Code    74  port.o(i.vPortValidateInterruptPriority)
    vQueueAddToRegistry                      0x08005e65   Thumb Code    34  queue.o(i.vQueueAddToRegistry)
    vQueueWaitForMessageRestricted           0x08005e8d   Thumb Code    68  queue.o(i.vQueueWaitForMessageRestricted)
    vTaskDelay                               0x08005ed1   Thumb Code    66  tasks.o(i.vTaskDelay)
    vTaskInternalSetTimeOutState             0x08005f1d   Thumb Code    12  tasks.o(i.vTaskInternalSetTimeOutState)
    vTaskMissedYield                         0x08005f2d   Thumb Code     8  tasks.o(i.vTaskMissedYield)
    vTaskPlaceOnEventList                    0x08005f39   Thumb Code    44  tasks.o(i.vTaskPlaceOnEventList)
    vTaskPlaceOnEventListRestricted          0x08005f69   Thumb Code    52  tasks.o(i.vTaskPlaceOnEventListRestricted)
    vTaskPriorityDisinheritAfterTimeout      0x08005fa1   Thumb Code   134  tasks.o(i.vTaskPriorityDisinheritAfterTimeout)
    vTaskStartScheduler                      0x08006031   Thumb Code   118  tasks.o(i.vTaskStartScheduler)
    vTaskSuspendAll                          0x080060b9   Thumb Code    10  tasks.o(i.vTaskSuspendAll)
    vTaskSwitchContext                       0x080060c9   Thumb Code    90  tasks.o(i.vTaskSwitchContext)
    xPortStartScheduler                      0x0800612d   Thumb Code   154  port.o(i.xPortStartScheduler)
    xQueueAddToSet                           0x080061d5   Thumb Code    34  queue.o(i.xQueueAddToSet)
    xQueueCreateSet                          0x080061f7   Thumb Code     8  queue.o(i.xQueueCreateSet)
    xQueueGenericCreate                      0x080061ff   Thumb Code    72  queue.o(i.xQueueGenericCreate)
    xQueueGenericCreateStatic                0x08006247   Thumb Code   102  queue.o(i.xQueueGenericCreateStatic)
    xQueueGenericReset                       0x080062ad   Thumb Code   132  queue.o(i.xQueueGenericReset)
    xQueueGenericSend                        0x08006335   Thumb Code   360  queue.o(i.xQueueGenericSend)
    xQueueGenericSendFromISR                 0x080064a1   Thumb Code   202  queue.o(i.xQueueGenericSendFromISR)
    xQueueGiveFromISR                        0x0800656b   Thumb Code   174  queue.o(i.xQueueGiveFromISR)
    xQueueReceive                            0x08006619   Thumb Code   308  queue.o(i.xQueueReceive)
    xQueueSelectFromSet                      0x08006751   Thumb Code    18  queue.o(i.xQueueSelectFromSet)
    xQueueSemaphoreTake                      0x08006765   Thumb Code   372  queue.o(i.xQueueSemaphoreTake)
    xTaskCheckForTimeOut                     0x080068dd   Thumb Code   112  tasks.o(i.xTaskCheckForTimeOut)
    xTaskCreate                              0x08006951   Thumb Code    90  tasks.o(i.xTaskCreate)
    xTaskCreateStatic                        0x080069ab   Thumb Code    86  tasks.o(i.xTaskCreateStatic)
    xTaskGetSchedulerState                   0x08006a01   Thumb Code    22  tasks.o(i.xTaskGetSchedulerState)
    xTaskGetTickCount                        0x08006a1d   Thumb Code     6  tasks.o(i.xTaskGetTickCount)
    xTaskIncrementTick                       0x08006a29   Thumb Code   190  tasks.o(i.xTaskIncrementTick)
    xTaskPriorityDisinherit                  0x08006af1   Thumb Code   118  tasks.o(i.xTaskPriorityDisinherit)
    xTaskPriorityInherit                     0x08006b71   Thumb Code   112  tasks.o(i.xTaskPriorityInherit)
    xTaskRemoveFromEventList                 0x08006be9   Thumb Code    98  tasks.o(i.xTaskRemoveFromEventList)
    xTaskResumeAll                           0x08006c59   Thumb Code   182  tasks.o(i.xTaskResumeAll)
    xTimerCreateTimerTask                    0x08006d1d   Thumb Code    78  timers.o(i.xTimerCreateTimerTask)
    xTimerGenericCommand                     0x08006d7d   Thumb Code    98  timers.o(i.xTimerGenericCommand)
    _get_lc_numeric                          0x08006de5   Thumb Code    44  lc_numeric_c.o(locale$$code)
    _get_lc_ctype                            0x08006e11   Thumb Code    44  lc_ctype_c.o(locale$$code)
    __fpl_dretinf                            0x08006e3d   Thumb Code    12  dretinf.o(x$fpl$dretinf)
    __aeabi_f2d                              0x08006e49   Thumb Code     0  f2d.o(x$fpl$f2d)
    _f2d                                     0x08006e49   Thumb Code    86  f2d.o(x$fpl$f2d)
    __fpl_fcheck_NaN1                        0x08006ea1   Thumb Code     6  fcheck1.o(x$fpl$fcheck1)
    __aeabi_ui2f                             0x08006ead   Thumb Code     0  fflt_clz.o(x$fpl$ffltu)
    _ffltu                                   0x08006ead   Thumb Code    38  fflt_clz.o(x$fpl$ffltu)
    __fpl_fnaninf                            0x08006ed3   Thumb Code   140  fnaninf.o(x$fpl$fnaninf)
    _printf_fp_dec                           0x08006f5f   Thumb Code     4  printf1.o(x$fpl$printf1)
    _printf_fp_hex                           0x08006f63   Thumb Code     4  printf2.o(x$fpl$printf2)
    __fpl_return_NaN                         0x08006f67   Thumb Code   100  retnan.o(x$fpl$retnan)
    __ARM_scalbnf                            0x08006fcb   Thumb Code    76  scalbnf.o(x$fpl$scalbnf)
    __fpl_cmpreturn                          0x08007017   Thumb Code    48  trapv.o(x$fpl$trapveneer)
    __I$use$fp                               0x08007046   Number         0  usenofp.o(x$fpl$usenofp)
    defaultTask_attributes                   0x08007048   Data          36  freertos.o(.constdata)
    AHBPrescTable                            0x08007090   Data          16  system_stm32f1xx.o(.constdata)
    APBPrescTable                            0x080070a0   Data           8  system_stm32f1xx.o(.constdata)
    Region$$Table$$Base                      0x080071b0   Number         0  anon$$obj.o(Region$$Table)
    Region$$Table$$Limit                     0x080071d0   Number         0  anon$$obj.o(Region$$Table)
    __ctype                                  0x080071f9   Data           0  lc_ctype_c.o(locale$$data)
    defaultTaskHandle                        0x20000000   Data           4  freertos.o(.data)
    uwTickFreq                               0x20000004   Data           1  stm32f1xx_hal.o(.data)
    uwTickPrio                               0x20000008   Data           4  stm32f1xx_hal.o(.data)
    uwTick                                   0x2000000c   Data           4  stm32f1xx_hal.o(.data)
    SystemCoreClock                          0x20000010   Data           4  system_stm32f1xx.o(.data)
    pxCurrentTCB                             0x20000014   Data           4  tasks.o(.data)
    hcan1                                    0x20000090   Data           4  my_can.o(.data)
    recvBuf                                  0x200000a8   Data           8  my_can.o(.data)
    Uart1Rx_char                             0x200000e4   Data           1  my_usart.o(.data)
    Uart2Rx_char                             0x200000e5   Data           1  my_usart.o(.data)
    Uart1Rx_Counter                          0x200000e6   Data           2  my_usart.o(.data)
    Uart1Rx_Counter_Up                       0x200000e8   Data           2  my_usart.o(.data)
    Uart2Rx_Counter                          0x200000ea   Data           2  my_usart.o(.data)
    Uart2Rx_Counter_Up                       0x200000ec   Data           2  my_usart.o(.data)
    hadc1                                    0x20000120   Data          48  adc.o(.bss)
    hcan                                     0x20000150   Data          40  can.o(.bss)
    htim2                                    0x20000178   Data          72  tim.o(.bss)
    huart1                                   0x200001c0   Data          72  usart.o(.bss)
    huart2                                   0x20000208   Data          72  usart.o(.bss)
    htim4                                    0x20000250   Data          72  stm32f1xx_hal_timebase_tim.o(.bss)
    xQueueRegistry                           0x20000298   Data          64  queue.o(.bss)
    can_Filter                               0x20001b70   Data          40  my_can.o(.bss)
    can_Tx                                   0x20001ba8   Data          24  my_can.o(.bss)
    can_Rx                                   0x20001bd0   Data          28  my_can.o(.bss)
    __libspace_start                         0x200037a8   Data          96  libspace.o(.bss)
    __temporary_stack_top$libspace           0x20003808   Data           0  libspace.o(.bss)



==============================================================================

Memory Map of the image

  Image Entry point : 0x080000ed

  Load Region LR_IROM1 (Base: 0x08000000, Size: 0x0000741c, Max: 0x00010000, ABSOLUTE)

    Execution Region ER_IROM1 (Exec base: 0x08000000, Load base: 0x08000000, Size: 0x000072fc, Max: 0x00010000, ABSOLUTE)

    Exec Addr    Load Addr    Size         Type   Attr      Idx    E Section Name        Object

    0x08000000   0x08000000   0x000000ec   Data   RO            3    RESET               startup_stm32f103xb.o
    0x080000ec   0x080000ec   0x00000008   Code   RO         5798  * !!!main             c_w.l(__main.o)
    0x080000f4   0x080000f4   0x00000034   Code   RO         6147    !!!scatter          c_w.l(__scatter.o)
    0x08000128   0x08000128   0x0000001a   Code   RO         6149    !!handler_copy      c_w.l(__scatter_copy.o)
    0x08000142   0x08000142   0x00000002   PAD
    0x08000144   0x08000144   0x0000001c   Code   RO         6151    !!handler_zi        c_w.l(__scatter_zi.o)
    0x08000160   0x08000160   0x00000000   Code   RO         5894    .ARM.Collect$$_printf_percent$$00000000  c_w.l(_printf_percent.o)
    0x08000160   0x08000160   0x00000006   Code   RO         5883    .ARM.Collect$$_printf_percent$$00000001  c_w.l(_printf_n.o)
    0x08000166   0x08000166   0x00000006   Code   RO         5885    .ARM.Collect$$_printf_percent$$00000002  c_w.l(_printf_p.o)
    0x0800016c   0x0800016c   0x00000006   Code   RO         5890    .ARM.Collect$$_printf_percent$$00000003  c_w.l(_printf_f.o)
    0x08000172   0x08000172   0x00000006   Code   RO         5891    .ARM.Collect$$_printf_percent$$00000004  c_w.l(_printf_e.o)
    0x08000178   0x08000178   0x00000006   Code   RO         5892    .ARM.Collect$$_printf_percent$$00000005  c_w.l(_printf_g.o)
    0x0800017e   0x0800017e   0x00000006   Code   RO         5893    .ARM.Collect$$_printf_percent$$00000006  c_w.l(_printf_a.o)
    0x08000184   0x08000184   0x0000000a   Code   RO         5898    .ARM.Collect$$_printf_percent$$00000007  c_w.l(_printf_ll.o)
    0x0800018e   0x0800018e   0x00000006   Code   RO         5887    .ARM.Collect$$_printf_percent$$00000008  c_w.l(_printf_i.o)
    0x08000194   0x08000194   0x00000006   Code   RO         5888    .ARM.Collect$$_printf_percent$$00000009  c_w.l(_printf_d.o)
    0x0800019a   0x0800019a   0x00000006   Code   RO         5889    .ARM.Collect$$_printf_percent$$0000000A  c_w.l(_printf_u.o)
    0x080001a0   0x080001a0   0x00000006   Code   RO         5886    .ARM.Collect$$_printf_percent$$0000000B  c_w.l(_printf_o.o)
    0x080001a6   0x080001a6   0x00000006   Code   RO         5884    .ARM.Collect$$_printf_percent$$0000000C  c_w.l(_printf_x.o)
    0x080001ac   0x080001ac   0x00000006   Code   RO         5895    .ARM.Collect$$_printf_percent$$0000000D  c_w.l(_printf_lli.o)
    0x080001b2   0x080001b2   0x00000006   Code   RO         5896    .ARM.Collect$$_printf_percent$$0000000E  c_w.l(_printf_lld.o)
    0x080001b8   0x080001b8   0x00000006   Code   RO         5897    .ARM.Collect$$_printf_percent$$0000000F  c_w.l(_printf_llu.o)
    0x080001be   0x080001be   0x00000006   Code   RO         5902    .ARM.Collect$$_printf_percent$$00000010  c_w.l(_printf_llo.o)
    0x080001c4   0x080001c4   0x00000006   Code   RO         5903    .ARM.Collect$$_printf_percent$$00000011  c_w.l(_printf_llx.o)
    0x080001ca   0x080001ca   0x0000000a   Code   RO         5899    .ARM.Collect$$_printf_percent$$00000012  c_w.l(_printf_l.o)
    0x080001d4   0x080001d4   0x00000006   Code   RO         5881    .ARM.Collect$$_printf_percent$$00000013  c_w.l(_printf_c.o)
    0x080001da   0x080001da   0x00000006   Code   RO         5882    .ARM.Collect$$_printf_percent$$00000014  c_w.l(_printf_s.o)
    0x080001e0   0x080001e0   0x00000006   Code   RO         5900    .ARM.Collect$$_printf_percent$$00000015  c_w.l(_printf_lc.o)
    0x080001e6   0x080001e6   0x00000006   Code   RO         5901    .ARM.Collect$$_printf_percent$$00000016  c_w.l(_printf_ls.o)
    0x080001ec   0x080001ec   0x00000004   Code   RO         5953    .ARM.Collect$$_printf_percent$$00000017  c_w.l(_printf_percent_end.o)
    0x080001f0   0x080001f0   0x00000002   Code   RO         6004    .ARM.Collect$$libinit$$00000000  c_w.l(libinit.o)
    0x080001f2   0x080001f2   0x00000000   Code   RO         6022    .ARM.Collect$$libinit$$00000002  c_w.l(libinit2.o)
    0x080001f2   0x080001f2   0x00000000   Code   RO         6024    .ARM.Collect$$libinit$$00000004  c_w.l(libinit2.o)
    0x080001f2   0x080001f2   0x00000000   Code   RO         6027    .ARM.Collect$$libinit$$0000000A  c_w.l(libinit2.o)
    0x080001f2   0x080001f2   0x00000000   Code   RO         6029    .ARM.Collect$$libinit$$0000000C  c_w.l(libinit2.o)
    0x080001f2   0x080001f2   0x00000000   Code   RO         6031    .ARM.Collect$$libinit$$0000000E  c_w.l(libinit2.o)
    0x080001f2   0x080001f2   0x00000006   Code   RO         6032    .ARM.Collect$$libinit$$0000000F  c_w.l(libinit2.o)
    0x080001f8   0x080001f8   0x00000000   Code   RO         6034    .ARM.Collect$$libinit$$00000011  c_w.l(libinit2.o)
    0x080001f8   0x080001f8   0x0000000c   Code   RO         6035    .ARM.Collect$$libinit$$00000012  c_w.l(libinit2.o)
    0x08000204   0x08000204   0x00000000   Code   RO         6036    .ARM.Collect$$libinit$$00000013  c_w.l(libinit2.o)
    0x08000204   0x08000204   0x00000000   Code   RO         6038    .ARM.Collect$$libinit$$00000015  c_w.l(libinit2.o)
    0x08000204   0x08000204   0x0000000a   Code   RO         6039    .ARM.Collect$$libinit$$00000016  c_w.l(libinit2.o)
    0x0800020e   0x0800020e   0x00000000   Code   RO         6040    .ARM.Collect$$libinit$$00000017  c_w.l(libinit2.o)
    0x0800020e   0x0800020e   0x00000000   Code   RO         6042    .ARM.Collect$$libinit$$00000019  c_w.l(libinit2.o)
    0x0800020e   0x0800020e   0x00000000   Code   RO         6044    .ARM.Collect$$libinit$$0000001B  c_w.l(libinit2.o)
    0x0800020e   0x0800020e   0x00000000   Code   RO         6046    .ARM.Collect$$libinit$$0000001D  c_w.l(libinit2.o)
    0x0800020e   0x0800020e   0x00000000   Code   RO         6048    .ARM.Collect$$libinit$$0000001F  c_w.l(libinit2.o)
    0x0800020e   0x0800020e   0x00000000   Code   RO         6050    .ARM.Collect$$libinit$$00000021  c_w.l(libinit2.o)
    0x0800020e   0x0800020e   0x00000000   Code   RO         6052    .ARM.Collect$$libinit$$00000023  c_w.l(libinit2.o)
    0x0800020e   0x0800020e   0x00000000   Code   RO         6054    .ARM.Collect$$libinit$$00000025  c_w.l(libinit2.o)
    0x0800020e   0x0800020e   0x00000000   Code   RO         6058    .ARM.Collect$$libinit$$0000002C  c_w.l(libinit2.o)
    0x0800020e   0x0800020e   0x00000000   Code   RO         6060    .ARM.Collect$$libinit$$0000002E  c_w.l(libinit2.o)
    0x0800020e   0x0800020e   0x00000000   Code   RO         6062    .ARM.Collect$$libinit$$00000030  c_w.l(libinit2.o)
    0x0800020e   0x0800020e   0x00000000   Code   RO         6064    .ARM.Collect$$libinit$$00000032  c_w.l(libinit2.o)
    0x0800020e   0x0800020e   0x00000002   Code   RO         6065    .ARM.Collect$$libinit$$00000033  c_w.l(libinit2.o)
    0x08000210   0x08000210   0x00000002   Code   RO         6085    .ARM.Collect$$libshutdown$$00000000  c_w.l(libshutdown.o)
    0x08000212   0x08000212   0x00000000   Code   RO         6098    .ARM.Collect$$libshutdown$$00000002  c_w.l(libshutdown2.o)
    0x08000212   0x08000212   0x00000000   Code   RO         6100    .ARM.Collect$$libshutdown$$00000004  c_w.l(libshutdown2.o)
    0x08000212   0x08000212   0x00000000   Code   RO         6102    .ARM.Collect$$libshutdown$$00000006  c_w.l(libshutdown2.o)
    0x08000212   0x08000212   0x00000000   Code   RO         6105    .ARM.Collect$$libshutdown$$00000009  c_w.l(libshutdown2.o)
    0x08000212   0x08000212   0x00000000   Code   RO         6108    .ARM.Collect$$libshutdown$$0000000C  c_w.l(libshutdown2.o)
    0x08000212   0x08000212   0x00000000   Code   RO         6110    .ARM.Collect$$libshutdown$$0000000E  c_w.l(libshutdown2.o)
    0x08000212   0x08000212   0x00000000   Code   RO         6113    .ARM.Collect$$libshutdown$$00000011  c_w.l(libshutdown2.o)
    0x08000212   0x08000212   0x00000002   Code   RO         6114    .ARM.Collect$$libshutdown$$00000012  c_w.l(libshutdown2.o)
    0x08000214   0x08000214   0x00000000   Code   RO         5810    .ARM.Collect$$rtentry$$00000000  c_w.l(__rtentry.o)
    0x08000214   0x08000214   0x00000000   Code   RO         5924    .ARM.Collect$$rtentry$$00000002  c_w.l(__rtentry2.o)
    0x08000214   0x08000214   0x00000006   Code   RO         5936    .ARM.Collect$$rtentry$$00000004  c_w.l(__rtentry4.o)
    0x0800021a   0x0800021a   0x00000000   Code   RO         5926    .ARM.Collect$$rtentry$$00000009  c_w.l(__rtentry2.o)
    0x0800021a   0x0800021a   0x00000004   Code   RO         5927    .ARM.Collect$$rtentry$$0000000A  c_w.l(__rtentry2.o)
    0x0800021e   0x0800021e   0x00000000   Code   RO         5929    .ARM.Collect$$rtentry$$0000000C  c_w.l(__rtentry2.o)
    0x0800021e   0x0800021e   0x00000008   Code   RO         5930    .ARM.Collect$$rtentry$$0000000D  c_w.l(__rtentry2.o)
    0x08000226   0x08000226   0x00000002   Code   RO         6014    .ARM.Collect$$rtexit$$00000000  c_w.l(rtexit.o)
    0x08000228   0x08000228   0x00000000   Code   RO         6067    .ARM.Collect$$rtexit$$00000002  c_w.l(rtexit2.o)
    0x08000228   0x08000228   0x00000004   Code   RO         6068    .ARM.Collect$$rtexit$$00000003  c_w.l(rtexit2.o)
    0x0800022c   0x0800022c   0x00000006   Code   RO         6069    .ARM.Collect$$rtexit$$00000004  c_w.l(rtexit2.o)
    0x08000232   0x08000232   0x00000002   PAD
    0x08000234   0x08000234   0x00000096   Code   RO         5070    .emb_text           port.o
    0x080002ca   0x080002ca   0x00000002   PAD
    0x080002cc   0x080002cc   0x00000040   Code   RO            4    .text               startup_stm32f103xb.o
    0x0800030c   0x0800030c   0x00000034   Code   RO         5786    .text               c_w.l(vsnprintf.o)
    0x08000340   0x08000340   0x0000008a   Code   RO         5788    .text               c_w.l(rt_memcpy_v6.o)
    0x080003ca   0x080003ca   0x00000010   Code   RO         5792    .text               c_w.l(aeabi_memset.o)
    0x080003da   0x080003da   0x0000004e   Code   RO         5794    .text               c_w.l(rt_memclr_w.o)
    0x08000428   0x08000428   0x00000006   Code   RO         5796    .text               c_w.l(heapauxi.o)
    0x0800042e   0x0800042e   0x0000004e   Code   RO         5813    .text               c_w.l(_printf_pad.o)
    0x0800047c   0x0800047c   0x00000024   Code   RO         5815    .text               c_w.l(_printf_truncate.o)
    0x080004a0   0x080004a0   0x00000052   Code   RO         5817    .text               c_w.l(_printf_str.o)
    0x080004f2   0x080004f2   0x00000002   PAD
    0x080004f4   0x080004f4   0x00000078   Code   RO         5819    .text               c_w.l(_printf_dec.o)
    0x0800056c   0x0800056c   0x00000028   Code   RO         5821    .text               c_w.l(_printf_charcount.o)
    0x08000594   0x08000594   0x00000030   Code   RO         5823    .text               c_w.l(_printf_char_common.o)
    0x080005c4   0x080005c4   0x0000000a   Code   RO         5825    .text               c_w.l(_sputc.o)
    0x080005ce   0x080005ce   0x00000010   Code   RO         5827    .text               c_w.l(_snputc.o)
    0x080005de   0x080005de   0x00000002   PAD
    0x080005e0   0x080005e0   0x000000bc   Code   RO         5829    .text               c_w.l(_printf_wctomb.o)
    0x0800069c   0x0800069c   0x0000007c   Code   RO         5832    .text               c_w.l(_printf_longlong_dec.o)
    0x08000718   0x08000718   0x00000070   Code   RO         5838    .text               c_w.l(_printf_oct_int_ll.o)
    0x08000788   0x08000788   0x00000094   Code   RO         5858    .text               c_w.l(_printf_hex_int_ll_ptr.o)
    0x0800081c   0x0800081c   0x00000188   Code   RO         5878    .text               c_w.l(__printf_flags_ss_wp.o)
    0x080009a4   0x080009a4   0x00000064   Code   RO         5904    .text               c_w.l(rt_memcpy_w.o)
    0x08000a08   0x08000a08   0x00000044   Code   RO         5906    .text               c_w.l(rt_memclr.o)
    0x08000a4c   0x08000a4c   0x0000008a   Code   RO         5938    .text               c_w.l(lludiv10.o)
    0x08000ad6   0x08000ad6   0x000000b2   Code   RO         5940    .text               c_w.l(_printf_intcommon.o)
    0x08000b88   0x08000b88   0x0000041e   Code   RO         5942    .text               c_w.l(_printf_fp_dec.o)
    0x08000fa6   0x08000fa6   0x00000002   PAD
    0x08000fa8   0x08000fa8   0x000002fc   Code   RO         5944    .text               c_w.l(_printf_fp_hex.o)
    0x080012a4   0x080012a4   0x0000002c   Code   RO         5949    .text               c_w.l(_printf_char.o)
    0x080012d0   0x080012d0   0x0000002c   Code   RO         5951    .text               c_w.l(_printf_wchar.o)
    0x080012fc   0x080012fc   0x00000040   Code   RO         5954    .text               c_w.l(_wcrtomb.o)
    0x0800133c   0x0800133c   0x0000004a   Code   RO         5958    .text               c_w.l(sys_stackheap_outer.o)
    0x08001386   0x08001386   0x00000002   PAD
    0x08001388   0x08001388   0x00000010   Code   RO         5960    .text               c_w.l(rt_ctype_table.o)
    0x08001398   0x08001398   0x00000008   Code   RO         5965    .text               c_w.l(rt_locale_intlibspace.o)
    0x080013a0   0x080013a0   0x00000080   Code   RO         5967    .text               c_w.l(_printf_fp_infnan.o)
    0x08001420   0x08001420   0x000000e4   Code   RO         5969    .text               c_w.l(bigflt0.o)
    0x08001504   0x08001504   0x00000012   Code   RO         5997    .text               c_w.l(exit.o)
    0x08001516   0x08001516   0x00000002   PAD
    0x08001518   0x08001518   0x00000008   Code   RO         6011    .text               c_w.l(libspace.o)
    0x08001520   0x08001520   0x00000080   Code   RO         6019    .text               c_w.l(strcmpv7m.o)
    0x080015a0   0x080015a0   0x0000000c   Code   RO         6077    .text               c_w.l(sys_exit.o)
    0x080015ac   0x080015ac   0x00000002   Code   RO         6088    .text               c_w.l(use_no_semi.o)
    0x080015ae   0x080015ae   0x00000000   Code   RO         6090    .text               c_w.l(indicate_semi.o)
    0x080015ae   0x080015ae   0x0000003e   Code   RO         5972    CL$$btod_d2e        c_w.l(btod.o)
    0x080015ec   0x080015ec   0x00000046   Code   RO         5974    CL$$btod_d2e_denorm_low  c_w.l(btod.o)
    0x08001632   0x08001632   0x00000060   Code   RO         5973    CL$$btod_d2e_norm_op1  c_w.l(btod.o)
    0x08001692   0x08001692   0x00000338   Code   RO         5982    CL$$btod_div_common  c_w.l(btod.o)
    0x080019ca   0x080019ca   0x000000dc   Code   RO         5979    CL$$btod_e2e        c_w.l(btod.o)
    0x08001aa6   0x08001aa6   0x0000002a   Code   RO         5976    CL$$btod_ediv       c_w.l(btod.o)
    0x08001ad0   0x08001ad0   0x0000002a   Code   RO         5975    CL$$btod_emul       c_w.l(btod.o)
    0x08001afa   0x08001afa   0x00000244   Code   RO         5981    CL$$btod_mult_common  c_w.l(btod.o)
    0x08001d3e   0x08001d3e   0x00000002   PAD
    0x08001d40   0x08001d40   0x00000056   Code   RO          638    i.ADC_ConversionStop_Disable  stm32f1xx_hal_adc.o
    0x08001d96   0x08001d96   0x00000002   PAD
    0x08001d98   0x08001d98   0x0000007c   Code   RO          642    i.ADC_Enable        stm32f1xx_hal_adc.o
    0x08001e14   0x08001e14   0x00000098   Code   RO         5343    i.ADC_GETDATA_Thread  my_adc.o
    0x08001eac   0x08001eac   0x00000028   Code   RO         5344    i.ADC_GETDATA_Thread_Start  my_adc.o
    0x08001ed4   0x08001ed4   0x0000006c   Code   RO         5713    i.BlueRx_Thread     my_bluetooth.o
    0x08001f40   0x08001f40   0x0000002c   Code   RO         5714    i.BlueRx_Thread_Start  my_bluetooth.o
    0x08001f6c   0x08001f6c   0x00000090   Code   RO         5715    i.BlueTx_Thread     my_bluetooth.o
    0x08001ffc   0x08001ffc   0x0000002c   Code   RO         5716    i.BlueTx_Thread_Start  my_bluetooth.o
    0x08002028   0x08002028   0x00000028   Code   RO         5717    i.Blue_Init         my_bluetooth.o
    0x08002050   0x08002050   0x00000002   Code   RO          451    i.BusFault_Handler  stm32f1xx_it.o
    0x08002052   0x08002052   0x00000024   Code   RO         5150    i.CAN_DATA_Init     my_can.o
    0x08002076   0x08002076   0x00000002   PAD
    0x08002078   0x08002078   0x0000008c   Code   RO         5153    i.Can_Write_Thread  my_can.o
    0x08002104   0x08002104   0x00000024   Code   RO         5154    i.Can_Write_Thread_Start  my_can.o
    0x08002128   0x08002128   0x0000005c   Code   RO         5392    i.DHT11_Check       dht11.o
    0x08002184   0x08002184   0x00000044   Code   RO         5393    i.DHT11_GETDATA_Thread  dht11.o
    0x080021c8   0x080021c8   0x00000024   Code   RO         5394    i.DHT11_GETDATA_Thread_Start  dht11.o
    0x080021ec   0x080021ec   0x00000020   Code   RO         5395    i.DHT11_IO_IN       dht11.o
    0x0800220c   0x0800220c   0x0000002c   Code   RO         5396    i.DHT11_IO_OUT_High  dht11.o
    0x08002238   0x08002238   0x0000002c   Code   RO         5397    i.DHT11_IO_OUT_Low  dht11.o
    0x08002264   0x08002264   0x0000005c   Code   RO         5398    i.DHT11_Read_Bit    dht11.o
    0x080022c0   0x080022c0   0x0000001a   Code   RO         5399    i.DHT11_Read_Byte   dht11.o
    0x080022da   0x080022da   0x00000050   Code   RO         5400    i.DHT11_Read_Data   dht11.o
    0x0800232a   0x0800232a   0x0000001a   Code   RO         5401    i.DHT11_Rst         dht11.o
    0x08002344   0x08002344   0x00000002   Code   RO          452    i.DebugMon_Handler  stm32f1xx_it.o
    0x08002346   0x08002346   0x00000004   Code   RO           13    i.Error_Handler     main.o
    0x0800234a   0x0800234a   0x00000002   PAD
    0x0800234c   0x0800234c   0x0000005c   Code   RO         5493    i.GameSoundTimer_Func  my_usart.o
    0x080023a8   0x080023a8   0x000000d8   Code   RO          818    i.HAL_ADCEx_Calibration_Start  stm32f1xx_hal_adc_ex.o
    0x08002480   0x08002480   0x000000fc   Code   RO          644    i.HAL_ADC_ConfigChannel  stm32f1xx_hal_adc.o
    0x0800257c   0x0800257c   0x00000006   Code   RO          651    i.HAL_ADC_GetValue  stm32f1xx_hal_adc.o
    0x08002582   0x08002582   0x00000002   PAD
    0x08002584   0x08002584   0x0000011c   Code   RO          653    i.HAL_ADC_Init      stm32f1xx_hal_adc.o
    0x080026a0   0x080026a0   0x00000058   Code   RO          278    i.HAL_ADC_MspInit   adc.o
    0x080026f8   0x080026f8   0x0000013c   Code   RO          657    i.HAL_ADC_PollForConversion  stm32f1xx_hal_adc.o
    0x08002834   0x08002834   0x000000c0   Code   RO          659    i.HAL_ADC_Start     stm32f1xx_hal_adc.o
    0x080028f4   0x080028f4   0x000000d0   Code   RO         1893    i.HAL_CAN_AddTxMessage  stm32f1xx_hal_can.o
    0x080029c4   0x080029c4   0x00000002   Code   RO         1897    i.HAL_CAN_ErrorCallback  stm32f1xx_hal_can.o
    0x080029c6   0x080029c6   0x000000f4   Code   RO         1900    i.HAL_CAN_GetRxMessage  stm32f1xx_hal_can.o
    0x08002aba   0x08002aba   0x000001fc   Code   RO         1904    i.HAL_CAN_IRQHandler  stm32f1xx_hal_can.o
    0x08002cb6   0x08002cb6   0x0000011a   Code   RO         1905    i.HAL_CAN_Init      stm32f1xx_hal_can.o
    0x08002dd0   0x08002dd0   0x0000007c   Code   RO          320    i.HAL_CAN_MspInit   can.o
    0x08002e4c   0x08002e4c   0x00000002   Code   RO         1912    i.HAL_CAN_RxFifo0FullCallback  stm32f1xx_hal_can.o
    0x08002e4e   0x08002e4e   0x00000002   PAD
    0x08002e50   0x08002e50   0x00000060   Code   RO         5155    i.HAL_CAN_RxFifo0MsgPendingCallback  my_can.o
    0x08002eb0   0x08002eb0   0x00000002   Code   RO         1914    i.HAL_CAN_RxFifo1FullCallback  stm32f1xx_hal_can.o
    0x08002eb2   0x08002eb2   0x00000002   Code   RO         1915    i.HAL_CAN_RxFifo1MsgPendingCallback  stm32f1xx_hal_can.o
    0x08002eb4   0x08002eb4   0x00000002   Code   RO         1916    i.HAL_CAN_SleepCallback  stm32f1xx_hal_can.o
    0x08002eb6   0x08002eb6   0x00000002   PAD
    0x08002eb8   0x08002eb8   0x00000058   Code   RO         1917    i.HAL_CAN_Start     stm32f1xx_hal_can.o
    0x08002f10   0x08002f10   0x00000002   Code   RO         1919    i.HAL_CAN_TxMailbox0AbortCallback  stm32f1xx_hal_can.o
    0x08002f12   0x08002f12   0x00000002   Code   RO         1920    i.HAL_CAN_TxMailbox0CompleteCallback  stm32f1xx_hal_can.o
    0x08002f14   0x08002f14   0x00000002   Code   RO         1921    i.HAL_CAN_TxMailbox1AbortCallback  stm32f1xx_hal_can.o
    0x08002f16   0x08002f16   0x00000002   Code   RO         1922    i.HAL_CAN_TxMailbox1CompleteCallback  stm32f1xx_hal_can.o
    0x08002f18   0x08002f18   0x00000002   Code   RO         1923    i.HAL_CAN_TxMailbox2AbortCallback  stm32f1xx_hal_can.o
    0x08002f1a   0x08002f1a   0x00000002   Code   RO         1924    i.HAL_CAN_TxMailbox2CompleteCallback  stm32f1xx_hal_can.o
    0x08002f1c   0x08002f1c   0x00000002   Code   RO         1926    i.HAL_CAN_WakeUpFromRxMsgCallback  stm32f1xx_hal_can.o
    0x08002f1e   0x08002f1e   0x00000046   Code   RO         1295    i.HAL_DMA_Abort     stm32f1xx_hal_dma.o
    0x08002f64   0x08002f64   0x00000098   Code   RO         1296    i.HAL_DMA_Abort_IT  stm32f1xx_hal_dma.o
    0x08002ffc   0x08002ffc   0x000001e0   Code   RO         1231    i.HAL_GPIO_Init     stm32f1xx_hal_gpio.o
    0x080031dc   0x080031dc   0x0000000a   Code   RO         1233    i.HAL_GPIO_ReadPin  stm32f1xx_hal_gpio.o
    0x080031e6   0x080031e6   0x0000000a   Code   RO         1235    i.HAL_GPIO_WritePin  stm32f1xx_hal_gpio.o
    0x080031f0   0x080031f0   0x0000000c   Code   RO          925    i.HAL_GetTick       stm32f1xx_hal.o
    0x080031fc   0x080031fc   0x00000010   Code   RO          931    i.HAL_IncTick       stm32f1xx_hal.o
    0x0800320c   0x0800320c   0x00000024   Code   RO          932    i.HAL_Init          stm32f1xx_hal.o
    0x08003230   0x08003230   0x00000098   Code   RO          563    i.HAL_InitTick      stm32f1xx_hal_timebase_tim.o
    0x080032c8   0x080032c8   0x00000048   Code   RO          539    i.HAL_MspInit       stm32f1xx_hal_msp.o
    0x08003310   0x08003310   0x0000001a   Code   RO         1391    i.HAL_NVIC_EnableIRQ  stm32f1xx_hal_cortex.o
    0x0800332a   0x0800332a   0x00000002   PAD
    0x0800332c   0x0800332c   0x00000040   Code   RO         1397    i.HAL_NVIC_SetPriority  stm32f1xx_hal_cortex.o
    0x0800336c   0x0800336c   0x00000024   Code   RO         1398    i.HAL_NVIC_SetPriorityGrouping  stm32f1xx_hal_cortex.o
    0x08003390   0x08003390   0x000000a4   Code   RO         1192    i.HAL_RCCEx_GetPeriphCLKFreq  stm32f1xx_hal_rcc_ex.o
    0x08003434   0x08003434   0x000000ec   Code   RO         1193    i.HAL_RCCEx_PeriphCLKConfig  stm32f1xx_hal_rcc_ex.o
    0x08003520   0x08003520   0x0000012c   Code   RO         1089    i.HAL_RCC_ClockConfig  stm32f1xx_hal_rcc.o
    0x0800364c   0x0800364c   0x00000040   Code   RO         1093    i.HAL_RCC_GetClockConfig  stm32f1xx_hal_rcc.o
    0x0800368c   0x0800368c   0x00000020   Code   RO         1096    i.HAL_RCC_GetPCLK1Freq  stm32f1xx_hal_rcc.o
    0x080036ac   0x080036ac   0x00000020   Code   RO         1097    i.HAL_RCC_GetPCLK2Freq  stm32f1xx_hal_rcc.o
    0x080036cc   0x080036cc   0x0000004c   Code   RO         1098    i.HAL_RCC_GetSysClockFreq  stm32f1xx_hal_rcc.o
    0x08003718   0x08003718   0x00000320   Code   RO         1101    i.HAL_RCC_OscConfig  stm32f1xx_hal_rcc.o
    0x08003a38   0x08003a38   0x00000002   Code   RO         2831    i.HAL_TIMEx_BreakCallback  stm32f1xx_hal_tim_ex.o
    0x08003a3a   0x08003a3a   0x00000002   Code   RO         2832    i.HAL_TIMEx_CommutCallback  stm32f1xx_hal_tim_ex.o
    0x08003a3c   0x08003a3c   0x00000068   Code   RO         2850    i.HAL_TIMEx_MasterConfigSynchronization  stm32f1xx_hal_tim_ex.o
    0x08003aa4   0x08003aa4   0x0000005a   Code   RO         2127    i.HAL_TIM_Base_Init  stm32f1xx_hal_tim.o
    0x08003afe   0x08003afe   0x00000002   PAD
    0x08003b00   0x08003b00   0x00000038   Code   RO          362    i.HAL_TIM_Base_MspInit  tim.o
    0x08003b38   0x08003b38   0x00000058   Code   RO         2132    i.HAL_TIM_Base_Start_IT  stm32f1xx_hal_tim.o
    0x08003b90   0x08003b90   0x000000dc   Code   RO         2136    i.HAL_TIM_ConfigClockSource  stm32f1xx_hal_tim.o
    0x08003c6c   0x08003c6c   0x00000002   Code   RO         2161    i.HAL_TIM_IC_CaptureCallback  stm32f1xx_hal_tim.o
    0x08003c6e   0x08003c6e   0x00000166   Code   RO         2175    i.HAL_TIM_IRQHandler  stm32f1xx_hal_tim.o
    0x08003dd4   0x08003dd4   0x00000002   Code   RO         2178    i.HAL_TIM_OC_DelayElapsedCallback  stm32f1xx_hal_tim.o
    0x08003dd6   0x08003dd6   0x00000002   Code   RO         2205    i.HAL_TIM_PWM_PulseFinishedCallback  stm32f1xx_hal_tim.o
    0x08003dd8   0x08003dd8   0x00000028   Code   RO           14    i.HAL_TIM_PeriodElapsedCallback  main.o
    0x08003e00   0x08003e00   0x00000002   Code   RO         2218    i.HAL_TIM_TriggerCallback  stm32f1xx_hal_tim.o
    0x08003e02   0x08003e02   0x00000002   Code   RO         3110    i.HAL_UARTEx_RxEventCallback  stm32f1xx_hal_uart.o
    0x08003e04   0x08003e04   0x00000002   Code   RO         3124    i.HAL_UART_ErrorCallback  stm32f1xx_hal_uart.o
    0x08003e06   0x08003e06   0x00000002   PAD
    0x08003e08   0x08003e08   0x0000026c   Code   RO         3127    i.HAL_UART_IRQHandler  stm32f1xx_hal_uart.o
    0x08004074   0x08004074   0x00000064   Code   RO         3128    i.HAL_UART_Init     stm32f1xx_hal_uart.o
    0x080040d8   0x080040d8   0x000000d8   Code   RO          404    i.HAL_UART_MspInit  usart.o
    0x080041b0   0x080041b0   0x0000001c   Code   RO         3133    i.HAL_UART_Receive_IT  stm32f1xx_hal_uart.o
    0x080041cc   0x080041cc   0x00000080   Code   RO         5494    i.HAL_UART_RxCpltCallback  my_usart.o
    0x0800424c   0x0800424c   0x00000032   Code   RO         3138    i.HAL_UART_Transmit_IT  stm32f1xx_hal_uart.o
    0x0800427e   0x0800427e   0x00000002   PAD
    0x08004280   0x08004280   0x00000034   Code   RO         5495    i.HAL_UART_TxCpltCallback  my_usart.o
    0x080042b4   0x080042b4   0x00000002   Code   RO          453    i.HardFault_Handler  stm32f1xx_it.o
    0x080042b6   0x080042b6   0x00000002   PAD
    0x080042b8   0x080042b8   0x00000028   Code   RO         5156    i.Init_My_CAN       my_can.o
    0x080042e0   0x080042e0   0x00000010   Code   RO         5241    i.Len_Init          main_task.o
    0x080042f0   0x080042f0   0x000000c8   Code   RO         5604    i.MP3_Thread        my_voice.o
    0x080043b8   0x080043b8   0x00000028   Code   RO         5605    i.MP3_Thread_Start  my_voice.o
    0x080043e0   0x080043e0   0x00000050   Code   RO          279    i.MX_ADC1_Init      adc.o
    0x08004430   0x08004430   0x00000044   Code   RO          321    i.MX_CAN_Init       can.o
    0x08004474   0x08004474   0x00000024   Code   RO          222    i.MX_FREERTOS_Init  freertos.o
    0x08004498   0x08004498   0x00000070   Code   RO          198    i.MX_GPIO_Init      gpio.o
    0x08004508   0x08004508   0x00000068   Code   RO          363    i.MX_TIM2_Init      tim.o
    0x08004570   0x08004570   0x00000038   Code   RO          405    i.MX_USART1_UART_Init  usart.o
    0x080045a8   0x080045a8   0x00000038   Code   RO          406    i.MX_USART2_UART_Init  usart.o
    0x080045e0   0x080045e0   0x000000b0   Code   RO         5242    i.Main_Init_Start   main_task.o
    0x08004690   0x08004690   0x00000094   Code   RO         5243    i.Main_Thread       main_task.o
    0x08004724   0x08004724   0x00000028   Code   RO         5244    i.Main_Thread_Start  main_task.o
    0x0800474c   0x0800474c   0x00000002   Code   RO          454    i.MemManage_Handler  stm32f1xx_it.o
    0x0800474e   0x0800474e   0x00000002   PAD
    0x08004750   0x08004750   0x00000044   Code   RO         5606    i.Music_Get         my_voice.o
    0x08004794   0x08004794   0x00000020   Code   RO         5345    i.My_ADC_Init       my_adc.o
    0x080047b4   0x080047b4   0x00000018   Code   RO         5402    i.My_DHT11_Init     dht11.o
    0x080047cc   0x080047cc   0x00000058   Code   RO         5496    i.My_Uart1_Init     my_usart.o
    0x08004824   0x08004824   0x00000054   Code   RO         5497    i.My_Uart2_Init     my_usart.o
    0x08004878   0x08004878   0x00000002   Code   RO          455    i.NMI_Handler       stm32f1xx_it.o
    0x0800487a   0x0800487a   0x00000002   PAD
    0x0800487c   0x0800487c   0x0000000c   Code   RO         5346    i.ReADC_QueueStruct  my_adc.o
    0x08004888   0x08004888   0x0000000c   Code   RO         5718    i.ReBlueRx_QueueStruct  my_bluetooth.o
    0x08004894   0x08004894   0x0000000c   Code   RO         5719    i.ReBlueTx_QueueStruct  my_bluetooth.o
    0x080048a0   0x080048a0   0x0000000c   Code   RO         5158    i.ReCanTxQueueStruct  my_can.o
    0x080048ac   0x080048ac   0x0000000c   Code   RO         5403    i.ReDHT11_QueueStruct  dht11.o
    0x080048b8   0x080048b8   0x0000000c   Code   RO         5607    i.ReMP3_QueueStruct  my_voice.o
    0x080048c4   0x080048c4   0x0000000c   Code   RO         5608    i.ReSU10T_QueueStruct  my_voice.o
    0x080048d0   0x080048d0   0x00000020   Code   RO         5245    i.Read_ADC_Queue    main_task.o
    0x080048f0   0x080048f0   0x000000f4   Code   RO         5246    i.Read_BlueRx_Queue  main_task.o
    0x080049e4   0x080049e4   0x00000024   Code   RO         5247    i.Read_DHT11_Queue  main_task.o
    0x08004a08   0x08004a08   0x00000138   Code   RO         5248    i.Read_SU10T_Queue  main_task.o
    0x08004b40   0x08004b40   0x0000000c   Code   RO         5498    i.Return1_P_UartStruct  my_usart.o
    0x08004b4c   0x08004b4c   0x0000000c   Code   RO         5499    i.Return2_P_UartStruct  my_usart.o
    0x08004b58   0x08004b58   0x00000068   Code   RO         5609    i.SU10T_Thread      my_voice.o
    0x08004bc0   0x08004bc0   0x0000002c   Code   RO         5610    i.SU10T_Thread_Start  my_voice.o
    0x08004bec   0x08004bec   0x00000030   Code   RO         5249    i.Set_Led           main_task.o
    0x08004c1c   0x08004c1c   0x00000008   Code   RO          223    i.StartDefaultTask  freertos.o
    0x08004c24   0x08004c24   0x00000028   Code   RO         5500    i.Stm32_uart1_Send  my_usart.o
    0x08004c4c   0x08004c4c   0x00000028   Code   RO         5501    i.Stm32_uart2_Send  my_usart.o
    0x08004c74   0x08004c74   0x0000002c   Code   RO         5071    i.SysTick_Handler   port.o
    0x08004ca0   0x08004ca0   0x00000078   Code   RO           15    i.SystemClock_Config  main.o
    0x08004d18   0x08004d18   0x00000002   Code   RO         3462    i.SystemInit        system_stm32f1xx.o
    0x08004d1a   0x08004d1a   0x00000002   PAD
    0x08004d1c   0x08004d1c   0x0000000c   Code   RO          456    i.TIM2_IRQHandler   stm32f1xx_it.o
    0x08004d28   0x08004d28   0x0000000c   Code   RO          457    i.TIM4_IRQHandler   stm32f1xx_it.o
    0x08004d34   0x08004d34   0x0000006c   Code   RO         2220    i.TIM_Base_SetConfig  stm32f1xx_hal_tim.o
    0x08004da0   0x08004da0   0x00000014   Code   RO         2231    i.TIM_ETR_SetConfig  stm32f1xx_hal_tim.o
    0x08004db4   0x08004db4   0x00000010   Code   RO         2232    i.TIM_ITRx_SetConfig  stm32f1xx_hal_tim.o
    0x08004dc4   0x08004dc4   0x00000022   Code   RO         2238    i.TIM_TI1_ConfigInputStage  stm32f1xx_hal_tim.o
    0x08004de6   0x08004de6   0x00000024   Code   RO         2240    i.TIM_TI2_ConfigInputStage  stm32f1xx_hal_tim.o
    0x08004e0a   0x08004e0a   0x00000010   Code   RO         3141    i.UART_DMAAbortOnError  stm32f1xx_hal_uart.o
    0x08004e1a   0x08004e1a   0x0000004e   Code   RO         3151    i.UART_EndRxTransfer  stm32f1xx_hal_uart.o
    0x08004e68   0x08004e68   0x000000c2   Code   RO         3153    i.UART_Receive_IT   stm32f1xx_hal_uart.o
    0x08004f2a   0x08004f2a   0x00000002   PAD
    0x08004f2c   0x08004f2c   0x000000b8   Code   RO         3154    i.UART_SetConfig    stm32f1xx_hal_uart.o
    0x08004fe4   0x08004fe4   0x00000036   Code   RO         3156    i.UART_Start_Receive_IT  stm32f1xx_hal_uart.o
    0x0800501a   0x0800501a   0x00000002   PAD
    0x0800501c   0x0800501c   0x0000000c   Code   RO          458    i.USART1_IRQHandler  stm32f1xx_it.o
    0x08005028   0x08005028   0x0000000c   Code   RO          459    i.USART2_IRQHandler  stm32f1xx_it.o
    0x08005034   0x08005034   0x0000000c   Code   RO          460    i.USB_LP_CAN1_RX0_IRQHandler  stm32f1xx_it.o
    0x08005040   0x08005040   0x0000001c   Code   RO         5502    i.Uart1Rx_Buffer_Close  my_usart.o
    0x0800505c   0x0800505c   0x0000001c   Code   RO         5503    i.Uart2Rx_Buffer_Close  my_usart.o
    0x08005078   0x08005078   0x00000002   Code   RO          461    i.UsageFault_Handler  stm32f1xx_it.o
    0x0800507a   0x0800507a   0x00000002   PAD
    0x0800507c   0x0800507c   0x0000003c   Code   RO         5504    i.UsartPrintf       my_usart.o
    0x080050b8   0x080050b8   0x00000028   Code   RO         5505    i.Usart_TX_Data     my_usart.o
    0x080050e0   0x080050e0   0x00000010   Code   RO         5611    i.Voice_Get         my_voice.o
    0x080050f0   0x080050f0   0x00000028   Code   RO         5612    i.Voice_Init        my_voice.o
    0x08005118   0x08005118   0x00000034   Code   RO         5613    i.Volume_Get        my_voice.o
    0x0800514c   0x0800514c   0x00000038   Code   RO         5250    i.Write_Blue        main_task.o
    0x08005184   0x08005184   0x00000044   Code   RO         5251    i.Write_CAN_Car     main_task.o
    0x080051c8   0x080051c8   0x00000028   Code   RO         6009    i.__ARM_fpclassify  m_ws.l(fpclassify.o)
    0x080051f0   0x080051f0   0x00000020   Code   RO         1404    i.__NVIC_SetPriority  stm32f1xx_hal_cortex.o
    0x08005210   0x08005210   0x0000000e   Code   RO         5871    i._is_digit         c_w.l(__printf_wp.o)
    0x0800521e   0x0800521e   0x00000032   Code   RO         5404    i.delay_us          dht11.o
    0x08005250   0x08005250   0x0000002e   Code   RO           16    i.main              main.o
    0x0800527e   0x0800527e   0x00000002   PAD
    0x08005280   0x08005280   0x00000038   Code   RO         4614    i.osKernelInitialize  cmsis_os2.o
    0x080052b8   0x080052b8   0x00000040   Code   RO         4617    i.osKernelStart     cmsis_os2.o
    0x080052f8   0x080052f8   0x000000a4   Code   RO         4651    i.osThreadNew       cmsis_os2.o
    0x0800539c   0x0800539c   0x0000005c   Code   RO         4096    i.prvAddCurrentTaskToDelayedList  tasks.o
    0x080053f8   0x080053f8   0x000000d0   Code   RO         4097    i.prvAddNewTaskToReadyList  tasks.o
    0x080054c8   0x080054c8   0x00000058   Code   RO         4446    i.prvCheckForValidListAndQueue  timers.o
    0x08005520   0x08005520   0x00000026   Code   RO         3667    i.prvCopyDataFromQueue  queue.o
    0x08005546   0x08005546   0x0000006c   Code   RO         3668    i.prvCopyDataToQueue  queue.o
    0x080055b2   0x080055b2   0x00000034   Code   RO         4098    i.prvDeleteTCB      tasks.o
    0x080055e6   0x080055e6   0x00000002   PAD
    0x080055e8   0x080055e8   0x0000004c   Code   RO         5021    i.prvHeapInit       heap_4.o
    0x08005634   0x08005634   0x00000060   Code   RO         4099    i.prvIdleTask       tasks.o
    0x08005694   0x08005694   0x00000026   Code   RO         3670    i.prvInitialiseNewQueue  queue.o
    0x080056ba   0x080056ba   0x0000009c   Code   RO         4100    i.prvInitialiseNewTask  tasks.o
    0x08005756   0x08005756   0x00000002   PAD
    0x08005758   0x08005758   0x0000004c   Code   RO         5022    i.prvInsertBlockIntoFreeList  heap_4.o
    0x080057a4   0x080057a4   0x00000038   Code   RO         4448    i.prvInsertTimerInActiveList  timers.o
    0x080057dc   0x080057dc   0x0000001c   Code   RO         3671    i.prvIsQueueEmpty   queue.o
    0x080057f8   0x080057f8   0x0000006c   Code   RO         3672    i.prvNotifyQueueSetContainer  queue.o
    0x08005864   0x08005864   0x000000cc   Code   RO         4449    i.prvProcessReceivedCommands  timers.o
    0x08005930   0x08005930   0x000000b4   Code   RO         4450    i.prvProcessTimerOrBlockTask  timers.o
    0x080059e4   0x080059e4   0x00000020   Code   RO         4102    i.prvResetNextTaskUnblockTime  tasks.o
    0x08005a04   0x08005a04   0x00000028   Code   RO         4451    i.prvSampleTimeNow  timers.o
    0x08005a2c   0x08005a2c   0x0000006c   Code   RO         4452    i.prvSwitchTimerLists  timers.o
    0x08005a98   0x08005a98   0x00000028   Code   RO         5072    i.prvTaskExitError  port.o
    0x08005ac0   0x08005ac0   0x00000024   Code   RO         4453    i.prvTimerTask      timers.o
    0x08005ae4   0x08005ae4   0x00000078   Code   RO         3673    i.prvUnlockQueue    queue.o
    0x08005b5c   0x08005b5c   0x000000d8   Code   RO         5023    i.pvPortMalloc      heap_4.o
    0x08005c34   0x08005c34   0x00000018   Code   RO         4105    i.pvTaskIncrementMutexHeldCount  tasks.o
    0x08005c4c   0x08005c4c   0x00000024   Code   RO         5073    i.pxPortInitialiseStack  port.o
    0x08005c70   0x08005c70   0x00000026   Code   RO         3627    i.uxListRemove      list.o
    0x08005c96   0x08005c96   0x00000002   PAD
    0x08005c98   0x08005c98   0x00000014   Code   RO         4663    i.vApplicationGetIdleTaskMemory  cmsis_os2.o
    0x08005cac   0x08005cac   0x00000018   Code   RO         4664    i.vApplicationGetTimerTaskMemory  cmsis_os2.o
    0x08005cc4   0x08005cc4   0x00000016   Code   RO         3628    i.vListInitialise   list.o
    0x08005cda   0x08005cda   0x00000006   Code   RO         3629    i.vListInitialiseItem  list.o
    0x08005ce0   0x08005ce0   0x00000030   Code   RO         3630    i.vListInsert       list.o
    0x08005d10   0x08005d10   0x00000018   Code   RO         3631    i.vListInsertEnd    list.o
    0x08005d28   0x08005d28   0x00000040   Code   RO         5075    i.vPortEnterCritical  port.o
    0x08005d68   0x08005d68   0x00000028   Code   RO         5076    i.vPortExitCritical  port.o
    0x08005d90   0x08005d90   0x0000005c   Code   RO         5024    i.vPortFree         heap_4.o
    0x08005dec   0x08005dec   0x00000024   Code   RO         5077    i.vPortSetupTimerInterrupt  port.o
    0x08005e10   0x08005e10   0x00000054   Code   RO         5078    i.vPortValidateInterruptPriority  port.o
    0x08005e64   0x08005e64   0x00000028   Code   RO         3679    i.vQueueAddToRegistry  queue.o
    0x08005e8c   0x08005e8c   0x00000044   Code   RO         3683    i.vQueueWaitForMessageRestricted  queue.o
    0x08005ed0   0x08005ed0   0x0000004c   Code   RO         4114    i.vTaskDelay        tasks.o
    0x08005f1c   0x08005f1c   0x00000010   Code   RO         4119    i.vTaskInternalSetTimeOutState  tasks.o
    0x08005f2c   0x08005f2c   0x0000000c   Code   RO         4120    i.vTaskMissedYield  tasks.o
    0x08005f38   0x08005f38   0x00000030   Code   RO         4122    i.vTaskPlaceOnEventList  tasks.o
    0x08005f68   0x08005f68   0x00000038   Code   RO         4123    i.vTaskPlaceOnEventListRestricted  tasks.o
    0x08005fa0   0x08005fa0   0x00000090   Code   RO         4125    i.vTaskPriorityDisinheritAfterTimeout  tasks.o
    0x08006030   0x08006030   0x00000088   Code   RO         4131    i.vTaskStartScheduler  tasks.o
    0x080060b8   0x080060b8   0x00000010   Code   RO         4133    i.vTaskSuspendAll   tasks.o
    0x080060c8   0x080060c8   0x00000064   Code   RO         4134    i.vTaskSwitchContext  tasks.o
    0x0800612c   0x0800612c   0x000000a8   Code   RO         5079    i.xPortStartScheduler  port.o
    0x080061d4   0x080061d4   0x00000022   Code   RO         3684    i.xQueueAddToSet    queue.o
    0x080061f6   0x080061f6   0x00000008   Code   RO         3689    i.xQueueCreateSet   queue.o
    0x080061fe   0x080061fe   0x00000048   Code   RO         3690    i.xQueueGenericCreate  queue.o
    0x08006246   0x08006246   0x00000066   Code   RO         3691    i.xQueueGenericCreateStatic  queue.o
    0x080062ac   0x080062ac   0x00000088   Code   RO         3692    i.xQueueGenericReset  queue.o
    0x08006334   0x08006334   0x0000016c   Code   RO         3693    i.xQueueGenericSend  queue.o
    0x080064a0   0x080064a0   0x000000ca   Code   RO         3694    i.xQueueGenericSendFromISR  queue.o
    0x0800656a   0x0800656a   0x000000ae   Code   RO         3697    i.xQueueGiveFromISR  queue.o
    0x08006618   0x08006618   0x00000138   Code   RO         3703    i.xQueueReceive     queue.o
    0x08006750   0x08006750   0x00000012   Code   RO         3706    i.xQueueSelectFromSet  queue.o
    0x08006762   0x08006762   0x00000002   PAD
    0x08006764   0x08006764   0x00000178   Code   RO         3708    i.xQueueSemaphoreTake  queue.o
    0x080068dc   0x080068dc   0x00000074   Code   RO         4135    i.xTaskCheckForTimeOut  tasks.o
    0x08006950   0x08006950   0x0000005a   Code   RO         4136    i.xTaskCreate       tasks.o
    0x080069aa   0x080069aa   0x00000056   Code   RO         4137    i.xTaskCreateStatic  tasks.o
    0x08006a00   0x08006a00   0x0000001c   Code   RO         4141    i.xTaskGetSchedulerState  tasks.o
    0x08006a1c   0x08006a1c   0x0000000c   Code   RO         4142    i.xTaskGetTickCount  tasks.o
    0x08006a28   0x08006a28   0x000000c8   Code   RO         4144    i.xTaskIncrementTick  tasks.o
    0x08006af0   0x08006af0   0x00000080   Code   RO         4147    i.xTaskPriorityDisinherit  tasks.o
    0x08006b70   0x08006b70   0x00000078   Code   RO         4148    i.xTaskPriorityInherit  tasks.o
    0x08006be8   0x08006be8   0x00000070   Code   RO         4149    i.xTaskRemoveFromEventList  tasks.o
    0x08006c58   0x08006c58   0x000000c4   Code   RO         4150    i.xTaskResumeAll    tasks.o
    0x08006d1c   0x08006d1c   0x00000060   Code   RO         4460    i.xTimerCreateTimerTask  timers.o
    0x08006d7c   0x08006d7c   0x00000068   Code   RO         4461    i.xTimerGenericCommand  timers.o
    0x08006de4   0x08006de4   0x0000002c   Code   RO         5995    locale$$code        c_w.l(lc_numeric_c.o)
    0x08006e10   0x08006e10   0x0000002c   Code   RO         6017    locale$$code        c_w.l(lc_ctype_c.o)
    0x08006e3c   0x08006e3c   0x0000000c   Code   RO         5908    x$fpl$dretinf       fz_ws.l(dretinf.o)
    0x08006e48   0x08006e48   0x00000056   Code   RO         5800    x$fpl$f2d           fz_ws.l(f2d.o)
    0x08006e9e   0x08006e9e   0x00000002   PAD
    0x08006ea0   0x08006ea0   0x0000000c   Code   RO         5910    x$fpl$fcheck1       fz_ws.l(fcheck1.o)
    0x08006eac   0x08006eac   0x00000026   Code   RO         5802    x$fpl$ffltu         fz_ws.l(fflt_clz.o)
    0x08006ed2   0x08006ed2   0x0000008c   Code   RO         5912    x$fpl$fnaninf       fz_ws.l(fnaninf.o)
    0x08006f5e   0x08006f5e   0x00000004   Code   RO         5914    x$fpl$printf1       fz_ws.l(printf1.o)
    0x08006f62   0x08006f62   0x00000004   Code   RO         5916    x$fpl$printf2       fz_ws.l(printf2.o)
    0x08006f66   0x08006f66   0x00000064   Code   RO         5956    x$fpl$retnan        fz_ws.l(retnan.o)
    0x08006fca   0x08006fca   0x0000004c   Code   RO         5808    x$fpl$scalbnf       fz_ws.l(scalbnf.o)
    0x08007016   0x08007016   0x00000030   Code   RO         6007    x$fpl$trapveneer    fz_ws.l(trapv.o)
    0x08007046   0x08007046   0x00000000   Code   RO         5922    x$fpl$usenofp       fz_ws.l(usenofp.o)
    0x08007046   0x08007046   0x00000002   PAD
    0x08007048   0x08007048   0x00000024   Data   RO          224    .constdata          freertos.o
    0x0800706c   0x0800706c   0x00000012   Data   RO         1102    .constdata          stm32f1xx_hal_rcc.o
    0x0800707e   0x0800707e   0x00000012   Data   RO         1194    .constdata          stm32f1xx_hal_rcc_ex.o
    0x08007090   0x08007090   0x00000010   Data   RO         3463    .constdata          system_stm32f1xx.o
    0x080070a0   0x080070a0   0x00000008   Data   RO         3464    .constdata          system_stm32f1xx.o
    0x080070a8   0x080070a8   0x00000008   Data   RO         5830    .constdata          c_w.l(_printf_wctomb.o)
    0x080070b0   0x080070b0   0x00000028   Data   RO         5859    .constdata          c_w.l(_printf_hex_int_ll_ptr.o)
    0x080070d8   0x080070d8   0x00000011   Data   RO         5879    .constdata          c_w.l(__printf_flags_ss_wp.o)
    0x080070e9   0x080070e9   0x00000026   Data   RO         5945    .constdata          c_w.l(_printf_fp_hex.o)
    0x0800710f   0x0800710f   0x00000001   PAD
    0x08007110   0x08007110   0x00000094   Data   RO         5970    .constdata          c_w.l(bigflt0.o)
    0x080071a4   0x080071a4   0x0000000c   Data   RO          225    .conststring        freertos.o
    0x080071b0   0x080071b0   0x00000020   Data   RO         6145    Region$$Table       anon$$obj.o
    0x080071d0   0x080071d0   0x0000001c   Data   RO         5994    locale$$data        c_w.l(lc_numeric_c.o)
    0x080071ec   0x080071ec   0x00000110   Data   RO         6016    locale$$data        c_w.l(lc_ctype_c.o)


    Execution Region RW_IRAM1 (Exec base: 0x20000000, Load base: 0x080072fc, Size: 0x00003e08, Max: 0x00005000, ABSOLUTE)

    Exec Addr    Load Addr    Size         Type   Attr      Idx    E Section Name        Object

    0x20000000   0x080072fc   0x00000004   Data   RW          226    .data               freertos.o
    0x20000004   0x08007300   0x0000000c   Data   RW          939    .data               stm32f1xx_hal.o
    0x20000010   0x0800730c   0x00000004   Data   RW         3465    .data               system_stm32f1xx.o
    0x20000014   0x08007310   0x0000003c   Data   RW         4153    .data               tasks.o
    0x20000050   0x0800734c   0x00000014   Data   RW         4469    .data               timers.o
    0x20000064   0x08007360   0x00000004   Data   RW         4666    .data               cmsis_os2.o
    0x20000068   0x08007364   0x00000018   Data   RW         5029    .data               heap_4.o
    0x20000080   0x0800737c   0x0000000c   Data   RW         5080    .data               port.o
    0x2000008c   0x08007388   0x00000024   Data   RW         5160    .data               my_can.o
    0x200000b0   0x080073ac   0x0000002c   Data   RW         5253    .data               main_task.o
    0x200000dc   0x080073d8   0x00000004   Data   RW         5348    .data               my_adc.o
    0x200000e0   0x080073dc   0x00000004   Data   RW         5406    .data               dht11.o
    0x200000e4   0x080073e0   0x0000001c   Data   RW         5507    .data               my_usart.o
    0x20000100   0x080073fc   0x00000018   Data   RW         5615    .data               my_voice.o
    0x20000118   0x08007414   0x00000008   Data   RW         5721    .data               my_bluetooth.o
    0x20000120        -       0x00000030   Zero   RW          280    .bss                adc.o
    0x20000150        -       0x00000028   Zero   RW          322    .bss                can.o
    0x20000178        -       0x00000048   Zero   RW          364    .bss                tim.o
    0x200001c0        -       0x00000090   Zero   RW          407    .bss                usart.o
    0x20000250        -       0x00000048   Zero   RW          566    .bss                stm32f1xx_hal_timebase_tim.o
    0x20000298        -       0x00000040   Zero   RW         3710    .bss                queue.o
    0x200002d8        -       0x000004c4   Zero   RW         4152    .bss                tasks.o
    0x2000079c        -       0x0000011c   Zero   RW         4468    .bss                timers.o
    0x200008b8        -       0x000006b8   Zero   RW         4665    .bss                cmsis_os2.o
    0x20000f70        -       0x00000c00   Zero   RW         5028    .bss                heap_4.o
    0x20001b70        -       0x0000007c   Zero   RW         5159    .bss                my_can.o
    0x20001bec        -       0x00001330   Zero   RW         5252    .bss                main_task.o
    0x20002f1c        -       0x00000060   Zero   RW         5506    .bss                my_usart.o
    0x20002f7c        -       0x00000410   Zero   RW         5614    .bss                my_voice.o
    0x2000338c        -       0x0000041c   Zero   RW         5720    .bss                my_bluetooth.o
    0x200037a8        -       0x00000060   Zero   RW         6012    .bss                c_w.l(libspace.o)
    0x20003808        -       0x00000200   Zero   RW            2    HEAP                startup_stm32f103xb.o
    0x20003a08        -       0x00000400   Zero   RW            1    STACK               startup_stm32f103xb.o


==============================================================================

Image component sizes


      Code (inc. data)   RO Data    RW Data    ZI Data      Debug   Object Name

       168         22          0          0         48       1573   adc.o
       192         20          0          0         40       1587   can.o
       328         26          0          4       1720      16224   cmsis_os2.o
       626         52          0          4          0       8298   dht11.o
         0          0          0          0          0      20100   event_groups.o
        44         12         48          4          0       6729   freertos.o
       112         10          0          0          0        847   gpio.o
       460         24          0         24       3072       4575   heap_4.o
       138          0          0          0          0       3302   list.o
       210          6          0          0          0     476796   main.o
      1176        132          0         44       4912      10635   main_task.o
       236         40          0          4          0       3329   my_adc.o
       404        124          0          8       1052       5378   my_bluetooth.o
       360         46          0         36        124       5802   my_can.o
       704        128          0         28         96       9653   my_usart.o
       588         78          0         24       1040      17924   my_voice.o
       662         70          0         12          0      10605   port.o
      2346         22          0          0         64      21285   queue.o
        64         26        236          0       1536        792   startup_stm32f103xb.o
        64         14          0         12          0       4534   stm32f1xx_hal.o
      1260         54          0          0          0       6392   stm32f1xx_hal_adc.o
       216          6          0          0          0       1398   stm32f1xx_hal_adc_ex.o
      1354          0          0          0          0      11645   stm32f1xx_hal_can.o
       158         14          0          0          0      28106   stm32f1xx_hal_cortex.o
       222          4          0          0          0       1719   stm32f1xx_hal_dma.o
       500         34          0          0          0       3447   stm32f1xx_hal_gpio.o
        72         10          0          0          0        834   stm32f1xx_hal_msp.o
      1304         94         18          0          0       5625   stm32f1xx_hal_rcc.o
       400         28         18          0          0       2417   stm32f1xx_hal_rcc_ex.o
       978         26          0          0          0       9521   stm32f1xx_hal_tim.o
       108         12          0          0          0       2337   stm32f1xx_hal_tim_ex.o
       152         20          0          0         72       1427   stm32f1xx_hal_timebase_tim.o
      1328         10          0          0          0       8861   stm32f1xx_hal_uart.o
        72         30          0          0          0       4586   stm32f1xx_it.o
         0          0          0          0          0       8892   stream_buffer.o
         2          0         24          4          0       1067   system_stm32f1xx.o
      2352        194          0         60       1220      25229   tasks.o
       160         12          0          0         72       1590   tim.o
       912         82          0         20        284      25739   timers.o
       328         34          0          0        144       2283   usart.o

    ----------------------------------------------------------------------
     20806       1516        376        288      15496     783083   Object Totals
         0          0         32          0          0          0   (incl. Generated)
        46          0          0          0          0          0   (incl. Padding)

    ----------------------------------------------------------------------

      Code (inc. data)   RO Data    RW Data    ZI Data      Debug   Library Member Name

         8          0          0          0          0         68   __main.o
       392          4         17          0          0         92   __printf_flags_ss_wp.o
        14          0          0          0          0         68   __printf_wp.o
         0          0          0          0          0          0   __rtentry.o
        12          0          0          0          0          0   __rtentry2.o
         6          0          0          0          0          0   __rtentry4.o
        52          8          0          0          0          0   __scatter.o
        26          0          0          0          0          0   __scatter_copy.o
        28          0          0          0          0          0   __scatter_zi.o
         6          0          0          0          0          0   _printf_a.o
         6          0          0          0          0          0   _printf_c.o
        44          0          0          0          0        108   _printf_char.o
        48          6          0          0          0         96   _printf_char_common.o
        40          0          0          0          0         68   _printf_charcount.o
         6          0          0          0          0          0   _printf_d.o
       120         16          0          0          0         92   _printf_dec.o
         6          0          0          0          0          0   _printf_e.o
         6          0          0          0          0          0   _printf_f.o
      1054          0          0          0          0        216   _printf_fp_dec.o
       764          8         38          0          0        100   _printf_fp_hex.o
       128         16          0          0          0         84   _printf_fp_infnan.o
         6          0          0          0          0          0   _printf_g.o
       148          4         40          0          0        160   _printf_hex_int_ll_ptr.o
         6          0          0          0          0          0   _printf_i.o
       178          0          0          0          0         88   _printf_intcommon.o
        10          0          0          0          0          0   _printf_l.o
         6          0          0          0          0          0   _printf_lc.o
        10          0          0          0          0          0   _printf_ll.o
         6          0          0          0          0          0   _printf_lld.o
         6          0          0          0          0          0   _printf_lli.o
         6          0          0          0          0          0   _printf_llo.o
         6          0          0          0          0          0   _printf_llu.o
         6          0          0          0          0          0   _printf_llx.o
       124         16          0          0          0         92   _printf_longlong_dec.o
         6          0          0          0          0          0   _printf_ls.o
         6          0          0          0          0          0   _printf_n.o
         6          0          0          0          0          0   _printf_o.o
       112         10          0          0          0        124   _printf_oct_int_ll.o
         6          0          0          0          0          0   _printf_p.o
        78          0          0          0          0        108   _printf_pad.o
         0          0          0          0          0          0   _printf_percent.o
         4          0          0          0          0          0   _printf_percent_end.o
         6          0          0          0          0          0   _printf_s.o
        82          0          0          0          0         80   _printf_str.o
        36          0          0          0          0         84   _printf_truncate.o
         6          0          0          0          0          0   _printf_u.o
        44          0          0          0          0        108   _printf_wchar.o
       188          6          8          0          0         92   _printf_wctomb.o
         6          0          0          0          0          0   _printf_x.o
        16          0          0          0          0         68   _snputc.o
        10          0          0          0          0         68   _sputc.o
        64          0          0          0          0         92   _wcrtomb.o
        16          0          0          0          0         68   aeabi_memset.o
       228          4        148          0          0         96   bigflt0.o
      1936        128          0          0          0        672   btod.o
        18          0          0          0          0         80   exit.o
         6          0          0          0          0        152   heapauxi.o
         0          0          0          0          0          0   indicate_semi.o
        44         10        272          0          0         76   lc_ctype_c.o
        44         10         28          0          0         76   lc_numeric_c.o
         2          0          0          0          0          0   libinit.o
        30          0          0          0          0          0   libinit2.o
         2          0          0          0          0          0   libshutdown.o
         2          0          0          0          0          0   libshutdown2.o
         8          4          0          0         96         68   libspace.o
       138          0          0          0          0         80   lludiv10.o
        16          4          0          0          0         76   rt_ctype_table.o
         8          4          0          0          0         68   rt_locale_intlibspace.o
        68          0          0          0          0         68   rt_memclr.o
        78          0          0          0          0         80   rt_memclr_w.o
       138          0          0          0          0         68   rt_memcpy_v6.o
       100          0          0          0          0         80   rt_memcpy_w.o
         2          0          0          0          0          0   rtexit.o
        10          0          0          0          0          0   rtexit2.o
       128          0          0          0          0         68   strcmpv7m.o
        12          4          0          0          0         68   sys_exit.o
        74          0          0          0          0         80   sys_stackheap_outer.o
         2          0          0          0          0         68   use_no_semi.o
        52          4          0          0          0         80   vsnprintf.o
        12          0          0          0          0         68   dretinf.o
        86          4          0          0          0         84   f2d.o
        12          4          0          0          0         68   fcheck1.o
        38          0          0          0          0         68   fflt_clz.o
       140          4          0          0          0         84   fnaninf.o
         4          0          0          0          0         68   printf1.o
         4          0          0          0          0         68   printf2.o
       100          0          0          0          0         68   retnan.o
        76          0          0          0          0         68   scalbnf.o
        48          0          0          0          0         68   trapv.o
         0          0          0          0          0          0   usenofp.o
        40          0          0          0          0         68   fpclassify.o

    ----------------------------------------------------------------------
      7702        278        552          0         96       5108   Library Totals
        20          0          1          0          0          0   (incl. Padding)

    ----------------------------------------------------------------------

      Code (inc. data)   RO Data    RW Data    ZI Data      Debug   Library Name

      7122        266        551          0         96       4328   c_w.l
       520         12          0          0          0        712   fz_ws.l
        40          0          0          0          0         68   m_ws.l

    ----------------------------------------------------------------------
      7702        278        552          0         96       5108   Library Totals

    ----------------------------------------------------------------------

==============================================================================


      Code (inc. data)   RO Data    RW Data    ZI Data      Debug   

     28508       1794        928        288      15592     772847   Grand Totals
     28508       1794        928        288      15592     772847   ELF Image Totals
     28508       1794        928        288          0          0   ROM Totals

==============================================================================

    Total RO  Size (Code + RO Data)                29436 (  28.75kB)
    Total RW  Size (RW Data + ZI Data)             15880 (  15.51kB)
    Total ROM Size (Code + RO Data + RW Data)      29724 (  29.03kB)

==============================================================================

